[mixdesign.club/themeforest/axio/index-color-3-kenburns.html]
[backblue.gif]
[fade.gif]
[index.html]
[mixdesign.club/themeforest/axio/img/favicon/color-3/favicon.ico]
[mixdesign.club/themeforest/axio/img/favicon/color-3/icon.svg]
[mixdesign.club/themeforest/axio/img/favicon/color-3/apple-touch-icon.png]
[mixdesign.club/themeforest/axio/img/favicon/color-3/manifest.webmanifest]
[mixdesign.club/themeforest/axio/img/favicon/og-image.jpg]
[mixdesign.club/themeforest/axio/index.html]
[mixdesign.club/themeforest/axio/css/loaders/loader-color-3.css]
[mixdesign.club/themeforest/axio/css/plugins.css]
[mixdesign.club/themeforest/axio/css/main.css]
[mixdesign.club/themeforest/axio/css/colors/color-3.css]
[mixdesign.club/themeforest/axio/img/logo-loader.svg]
[mixdesign.club/themeforest/axio/img/axio-logo.svg]
[mixdesign.club/themeforest/axio/img/features/axio-icon-1.svg]
[mixdesign.club/themeforest/axio/img/features/axio-icon-2.svg]
[mixdesign.club/themeforest/axio/img/features/axio-icon-3.svg]
[mixdesign.club/themeforest/axio/img/features/axio-icon-4.svg]
[mixdesign.club/themeforest/axio/img/features/axio-icon-5.svg]
[mixdesign.club/themeforest/axio/img/features/axio-icon-6.svg]
[mixdesign.club/themeforest/axio/img/works/1200x900-work-1.jpg]
[mixdesign.club/themeforest/axio/img/works/1200x900-work-2.jpg]
[mixdesign.club/themeforest/axio/img/works/1200x900-work-7.jpg]
[mixdesign.club/themeforest/axio/img/works/1200x900-work-9.jpg]
[mixdesign.club/themeforest/axio/img/works/1200x900-work-5.jpg]
[mixdesign.club/themeforest/axio/img/works/1200x900-work-8.jpg]
[mixdesign.club/themeforest/axio/js/libs.min.js]
[mixdesign.club/themeforest/axio/js/gallery-init.js]
[mixdesign.club/themeforest/axio/js/axio-custom.js]
[mixdesign.club/themeforest/axio/js/maps/map-color-3.js]
[mixdesign.club/themeforest/axio/index-color-3-kenburns.html]
[mixdesign.club/themeforest/axio/img/favicon/color-3/icon.svg]
[mixdesign.club/themeforest/axio/img/favicon/demo/favicon.ico]
[mixdesign.club/themeforest/axio/img/favicon/demo/icon.svg]
[mixdesign.club/themeforest/axio/img/favicon/demo/apple-touch-icon.png]
[mixdesign.club/themeforest/axio/img/favicon/demo/manifest.webmanifest]
[mixdesign.club/themeforest/axio/css/plugins-demo.css]
[mixdesign.club/themeforest/axio/css/main-demo.css]
[mixdesign.club/themeforest/axio/img/demo/axio-logo-demo.svg]
[mixdesign.club/themeforest/axio/index-color-3-polygons.html]
[mixdesign.club/themeforest/axio/img/demo/screens/color-3_1.jpg]
[mixdesign.club/themeforest/axio/img/demo/screens/color-3_2.jpg]
[mixdesign.club/themeforest/axio/index-color-3-video-local.html]
[mixdesign.club/themeforest/axio/img/demo/screens/color-3_3.jpg]
[mixdesign.club/themeforest/axio/index-color-3-image.html]
[mixdesign.club/themeforest/axio/img/demo/screens/color-3_4.jpg]
[mixdesign.club/themeforest/axio/index-color-4-clouds.html]
[mixdesign.club/themeforest/axio/img/demo/screens/color-4_1.jpg]
[mixdesign.club/themeforest/axio/index-color-4-kenburns.html]
[mixdesign.club/themeforest/axio/img/demo/screens/color-4_2.jpg]
[mixdesign.club/themeforest/axio/index-color-4-video.html]
[mixdesign.club/themeforest/axio/img/demo/screens/color-4_3.jpg]
[mixdesign.club/themeforest/axio/index-color-4-image.html]
[mixdesign.club/themeforest/axio/img/demo/screens/color-4_4.jpg]
[mixdesign.club/themeforest/axio/index-color-5-snow.html]
[mixdesign.club/themeforest/axio/img/demo/screens/color-5_1.jpg]
[mixdesign.club/themeforest/axio/index-color-5-kenburns.html]
[mixdesign.club/themeforest/axio/img/demo/screens/color-5_2.jpg]
[mixdesign.club/themeforest/axio/index-color-5-video-local.html]
[mixdesign.club/themeforest/axio/img/demo/screens/color-5_3.jpg]
[mixdesign.club/themeforest/axio/index-color-5-image.html]
[mixdesign.club/themeforest/axio/img/demo/screens/color-5_4.jpg]
[mixdesign.club/themeforest/axio/index-color-1-stars.html]
[mixdesign.club/themeforest/axio/img/demo/screens/color-1_1.jpg]
[mixdesign.club/themeforest/axio/index-color-1-kenburns.html]
[mixdesign.club/themeforest/axio/img/demo/screens/color-1_2.jpg]
[mixdesign.club/themeforest/axio/index-color-1-video-local.html]
[mixdesign.club/themeforest/axio/img/demo/screens/color-1_3.jpg]
[mixdesign.club/themeforest/axio/index-color-1-image.html]
[mixdesign.club/themeforest/axio/img/demo/screens/color-1_4.jpg]
[mixdesign.club/themeforest/axio/index-color-2-particles.html]
[mixdesign.club/themeforest/axio/img/demo/screens/color-2_1.jpg]
[mixdesign.club/themeforest/axio/index-color-2-kenburns.html]
[mixdesign.club/themeforest/axio/img/demo/screens/color-2_2.jpg]
[mixdesign.club/themeforest/axio/index-color-2-video-local.html]
[mixdesign.club/themeforest/axio/img/demo/screens/color-2_3.jpg]
[mixdesign.club/themeforest/axio/index-color-2-image.html]
[mixdesign.club/themeforest/axio/img/demo/screens/color-2_4.jpg]
[mixdesign.club/themeforest/axio/js/demo/jquery.ajaxchimp.min.js]
[mixdesign.club/themeforest/axio/js/demo/modernizr.js]
[mixdesign.club/themeforest/axio/index.html]
[mixdesign.club/themeforest/axio/css/loaders/loader-color-3.css]
[mixdesign.club/themeforest/axio/js/demo/axio-demo.js]
[mixdesign.club/themeforest/axio/fonts/fontawesome/fa-solid-900.eot]
[mixdesign.club/themeforest/axio/fonts/fontawesome/fa-solid-900d41d.eot]
[mixdesign.club/themeforest/axio/js/demo/jquery.min.js]
[mixdesign.club/themeforest/axio/fonts/fontawesome/fa-solid-900.woff2]
[mixdesign.club/themeforest/axio/fonts/fontawesome/fa-solid-900.woff]
[mixdesign.club/themeforest/axio/fonts/fontawesome/fa-solid-900.ttf]
[mixdesign.club/themeforest/axio/fonts/fontawesome/fa-solid-900.svg]
[mixdesign.club/themeforest/axio/fonts/fontawesome/fa-regular-400.eot]
[mixdesign.club/themeforest/axio/fonts/fontawesome/fa-regular-400d41d.eot]
[mixdesign.club/themeforest/axio/fonts/fontawesome/fa-regular-400.woff2]
[mixdesign.club/themeforest/axio/fonts/fontawesome/fa-regular-400.woff]
[mixdesign.club/themeforest/axio/fonts/fontawesome/fa-regular-400.ttf]
[mixdesign.club/themeforest/axio/fonts/fontawesome/fa-regular-400.svg]
[mixdesign.club/themeforest/axio/fonts/fontawesome/fa-brands-400.eot]
[mixdesign.club/themeforest/axio/fonts/fontawesome/fa-brands-400.woff2]
[mixdesign.club/themeforest/axio/fonts/fontawesome/fa-brands-400.woff]
[mixdesign.club/themeforest/axio/fonts/fontawesome/fa-brands-400d41d.eot]
[mixdesign.club/themeforest/axio/fonts/fontawesome/fa-brands-400.ttf]
[mixdesign.club/themeforest/axio/fonts/fontawesome/fa-brands-400.svg]
[mixdesign.club/themeforest/axio/img/default-skin.png]
[mixdesign.club/themeforest/axio/img/default-skin.svg]
[mixdesign.club/themeforest/axio/css/plugins.css]
[mixdesign.club/themeforest/axio/img/backgrounds/1400x1200-bg-main-1.jpg]
[mixdesign.club/themeforest/axio/img/backgrounds/1400x1200-bg-main-1_1.jpg]
[mixdesign.club/themeforest/axio/img/backgrounds/1400x1200-bg-main-2.jpg]
[mixdesign.club/themeforest/axio/img/backgrounds/1400x1200-bg-main-2_1.jpg]
[mixdesign.club/themeforest/axio/img/backgrounds/1400x1200-bg-main-3.jpg]
[mixdesign.club/themeforest/axio/img/backgrounds/1400x1200-bg-main-3_1.jpg]
[mixdesign.club/themeforest/axio/img/backgrounds/1400x1200-bg-main-4.jpg]
[mixdesign.club/themeforest/axio/img/backgrounds/1400x1200-bg-main-4_1.jpg]
[mixdesign.club/themeforest/axio/img/backgrounds/1400x1200-bg-main-5.jpg]
[mixdesign.club/themeforest/axio/img/backgrounds/1400x1200-bg-main-5_1.jpg]
[mixdesign.club/themeforest/axio/img/features/1200x900-feature-1.jpg]
[mixdesign.club/themeforest/axio/img/features/1200x900-feature-2.jpg]
[mixdesign.club/themeforest/axio/img/features/1200x900-feature-3.jpg]
[mixdesign.club/themeforest/axio/img/features/1200x900-feature-4.jpg]
[mixdesign.club/themeforest/axio/img/features/1200x900-feature-5.jpg]
[mixdesign.club/themeforest/axio/img/features/1200x900-feature-6.jpg]
[mixdesign.club/themeforest/axio/img/features/1200x900-feature-xmas-1.jpg]
[mixdesign.club/themeforest/axio/img/features/1200x900-feature-xmas-2.jpg]
[mixdesign.club/themeforest/axio/img/features/1200x900-feature-xmas-3.jpg]
[mixdesign.club/themeforest/axio/img/features/1200x900-feature-xmas-4.jpg]
[mixdesign.club/themeforest/axio/img/features/1200x900-feature-xmas-5.jpg]
[mixdesign.club/themeforest/axio/img/features/1200x900-feature-xmas-6.jpg]
[mixdesign.club/themeforest/axio/img/backgrounds/1400x900-bg-quote.jpg]
[mixdesign.club/themeforest/axio/img/backgrounds/1400x900-bg-quote-xmas.jpg]
[mixdesign.club/themeforest/axio/css/main.css]
[mixdesign.club/themeforest/axio/css/colors/color-3.css]
[mixdesign.club/themeforest/axio/img/logo-loader.svg]
[mixdesign.club/themeforest/axio/img/axio-logo.svg]
[mixdesign.club/themeforest/axio/img/features/axio-icon-1.svg]
[mixdesign.club/themeforest/axio/img/features/axio-icon-2.svg]
[mixdesign.club/themeforest/axio/img/features/axio-icon-3.svg]
[mixdesign.club/themeforest/axio/img/features/axio-icon-4.svg]
[mixdesign.club/themeforest/axio/img/features/axio-icon-5.svg]
[mixdesign.club/themeforest/axio/img/features/axio-icon-6.svg]
[mixdesign.club/themeforest/axio/img/favicon/demo/icon.svg]
[mixdesign.club/themeforest/axio/css/plugins-demo.css]
[mixdesign.club/themeforest/axio/img/demo/1920x1080-bg-demo.png]
[mixdesign.club/themeforest/axio/img/demo/bg-demo-subscribe.jpg]
[mixdesign.club/themeforest/axio/css/main-demo.css]
[mixdesign.club/themeforest/axio/img/demo/axio-logo-demo.svg]
[mixdesign.club/themeforest/axio/index-color-3-polygons.html]
[mixdesign.club/themeforest/axio/video/video-3.mp4]
[mixdesign.club/themeforest/axio/video/video-3.webm]
[mixdesign.club/themeforest/axio/video/video-3.ogv]
[mixdesign.club/themeforest/axio/index-color-3-video-local.html]
[mixdesign.club/themeforest/axio/index-color-3-image.html]
[mixdesign.club/themeforest/axio/img/favicon/color-4/favicon.ico]
[mixdesign.club/themeforest/axio/img/favicon/color-4/icon.svg]
[mixdesign.club/themeforest/axio/img/favicon/color-4/apple-touch-icon.png]
[mixdesign.club/themeforest/axio/img/favicon/color-4/manifest.webmanifest]
[mixdesign.club/themeforest/axio/css/loaders/loader-color-4.css]
[mixdesign.club/themeforest/axio/css/colors/color-4.css]
[mixdesign.club/themeforest/axio/img/backgrounds/clouds-layers/layer-1.png]
[mixdesign.club/themeforest/axio/img/backgrounds/clouds-layers/layer-2.png]
[mixdesign.club/themeforest/axio/img/backgrounds/clouds-layers/layer-3.png]
[mixdesign.club/themeforest/axio/img/works/1200x900-work-10.jpg]
[mixdesign.club/themeforest/axio/img/works/1200x900-work-11.jpg]
[mixdesign.club/themeforest/axio/img/works/1200x900-work-6.jpg]
[mixdesign.club/themeforest/axio/js/maps/map-color-4.js]
[mixdesign.club/themeforest/axio/index-color-4-clouds.html]
[mixdesign.club/themeforest/axio/index-color-4-kenburns.html]
[mixdesign.club/themeforest/axio/index-color-4-video.html]
[mixdesign.club/themeforest/axio/index-color-4-image.html]
[mixdesign.club/themeforest/axio/img/favicon/color-5/favicon.ico]
[mixdesign.club/themeforest/axio/img/favicon/color-5/icon.svg]
[mixdesign.club/themeforest/axio/img/favicon/color-5/apple-touch-icon.png]
[mixdesign.club/themeforest/axio/img/favicon/color-5/manifest.webmanifest]
[mixdesign.club/themeforest/axio/css/loaders/loader-color-5.css]
[mixdesign.club/themeforest/axio/css/colors/color-5.css]
[mixdesign.club/themeforest/axio/img/works/1200x900-work-13.jpg]
[mixdesign.club/themeforest/axio/img/works/1200x900-work-12.jpg]
[mixdesign.club/themeforest/axio/img/works/1200x900-work-14.jpg]
[mixdesign.club/themeforest/axio/img/works/1200x900-work-15.jpg]
[mixdesign.club/themeforest/axio/img/works/1200x900-work-16.jpg]
[mixdesign.club/themeforest/axio/js/maps/map-color-5.js]
[mixdesign.club/themeforest/axio/index-color-5-snow.html]
[mixdesign.club/themeforest/axio/index-color-5-kenburns.html]
[mixdesign.club/themeforest/axio/video/video-5.mp4]
[mixdesign.club/themeforest/axio/video/video-5.webm]
[mixdesign.club/themeforest/axio/video/video-5.ogv]
[mixdesign.club/themeforest/axio/index-color-5-video-local.html]
[mixdesign.club/themeforest/axio/index-color-5-image.html]
[mixdesign.club/themeforest/axio/img/favicon/color-1/favicon.ico]
[mixdesign.club/themeforest/axio/img/favicon/color-1/icon.svg]
[mixdesign.club/themeforest/axio/img/favicon/color-1/apple-touch-icon.png]
[mixdesign.club/themeforest/axio/img/favicon/color-1/manifest.webmanifest]
[mixdesign.club/themeforest/axio/css/loaders/loader-color-1.css]
[mixdesign.club/themeforest/axio/css/colors/color-1.css]
[mixdesign.club/themeforest/axio/img/works/1200x900-work-3.jpg]
[mixdesign.club/themeforest/axio/img/works/1200x900-work-4.jpg]
[mixdesign.club/themeforest/axio/js/maps/map-color-1.js]
[mixdesign.club/themeforest/axio/index-color-1-stars.html]
[mixdesign.club/themeforest/axio/index-color-1-kenburns.html]
[mixdesign.club/themeforest/axio/video/video-1.mp4]
[mixdesign.club/themeforest/axio/video/video-1.webm]
[mixdesign.club/themeforest/axio/video/video-1.ogv]
[mixdesign.club/themeforest/axio/index-color-1-video-local.html]
[mixdesign.club/themeforest/axio/index-color-1-image.html]
[mixdesign.club/themeforest/axio/img/favicon/color-2/favicon.ico]
[mixdesign.club/themeforest/axio/img/favicon/color-2/icon.svg]
[mixdesign.club/themeforest/axio/img/favicon/color-2/apple-touch-icon.png]
[mixdesign.club/themeforest/axio/img/favicon/color-2/manifest.webmanifest]
[mixdesign.club/themeforest/axio/css/loaders/loader-color-2.css]
[mixdesign.club/themeforest/axio/css/colors/color-2.css]
[mixdesign.club/themeforest/axio/js/maps/map-color-2.js]
[mixdesign.club/themeforest/axio/index-color-2-particles.html]
[mixdesign.club/themeforest/axio/index-color-2-kenburns.html]
[mixdesign.club/themeforest/axio/video/video-2.mp4]
[mixdesign.club/themeforest/axio/video/video-2.webm]
[mixdesign.club/themeforest/axio/video/video-2.ogv]
[mixdesign.club/themeforest/axio/index-color-2-video-local.html]
[mixdesign.club/themeforest/axio/index-color-2-image.html]
[mixdesign.club/themeforest/axio/fonts/fontawesome/fa-solid-900.svg]
[mixdesign.club/themeforest/axio/fonts/fontawesome/fa-regular-400.svg]
[mixdesign.club/themeforest/axio/fonts/fontawesome/fa-brands-400.svg]
[mixdesign.club/themeforest/axio/css/overlays/02.html]
[mixdesign.club/themeforest/axio/css/font/ytp-regular.html]
[mixdesign.club/themeforest/axio/css/images/raster.html]
[mixdesign.club/themeforest/axio/css/images/raster@2x.html]
[mixdesign.club/themeforest/axio/css/images/raster_dot.html]
[mixdesign.club/themeforest/axio/css/images/raster_dot@2x.html]
[mixdesign.club/themeforest/axio/img/default-skin.svg]
[mixdesign.club/themeforest/axio/img/preloader.html]
[mixdesign.club/themeforest/axio/css/mCSB_buttons.html]
[mixdesign.club/themeforest/axio/img/backgrounds/1400x1200-bg-main-5_1.jpg]
[mixdesign.club/themeforest/axio/img/favicon/color-4/icon.svg]
[mixdesign.club/themeforest/axio/css/loaders/loader-color-4.css]
[mixdesign.club/themeforest/axio/css/colors/color-4.css]
[mixdesign.club/themeforest/axio/img/favicon/color-5/icon.svg]
[mixdesign.club/themeforest/axio/css/loaders/loader-color-5.css]
[mixdesign.club/themeforest/axio/css/colors/color-5.css]
[mixdesign.club/themeforest/axio/video/video-5.webm]
[mixdesign.club/themeforest/axio/video/video-5.ogv]
[mixdesign.club/themeforest/axio/img/favicon/color-1/icon.svg]
[mixdesign.club/themeforest/axio/css/loaders/loader-color-1.css]
[mixdesign.club/themeforest/axio/img/patterns/pattern-color-1.svg]
[mixdesign.club/themeforest/axio/img/patterns/pattern-color-1.png]
[mixdesign.club/themeforest/axio/css/colors/color-1.css]
[mixdesign.club/themeforest/axio/video/video-1.webm]
[mixdesign.club/themeforest/axio/img/favicon/color-2/icon.svg]
[mixdesign.club/themeforest/axio/css/loaders/loader-color-2.css]
[mixdesign.club/themeforest/axio/css/colors/color-2.css]
[mixdesign.club/themeforest/axio/img/patterns/pattern-color-1.svg]
