[templates.envytheme.com/vidnext/default/index.html]
[templates.envytheme.com/vidnext/default/assets/css/bootstrap.min.css]
[templates.envytheme.com/vidnext/default/assets/css/owl.theme.default.min.css]
[templates.envytheme.com/vidnext/default/assets/css/owl.carousel.min.css]
[templates.envytheme.com/vidnext/default/assets/css/magnific-popup.css]
[templates.envytheme.com/vidnext/default/assets/css/animate.css]
[templates.envytheme.com/vidnext/default/assets/css/boxicons.min.css]
[templates.envytheme.com/vidnext/default/assets/css/flaticon.css]
[templates.envytheme.com/vidnext/default/assets/css/meanmenu.css]
[templates.envytheme.com/vidnext/default/assets/css/nice-select.css]
[templates.envytheme.com/vidnext/default/assets/css/odometer.css]
[templates.envytheme.com/vidnext/default/assets/css/style.css]
[templates.envytheme.com/vidnext/default/assets/css/responsive.css]
[templates.envytheme.com/vidnext/default/assets/img/favicon.png]
[backblue.gif]
[fade.gif]
[index.html]
[templates.envytheme.com/vidnext/default/assets/img/logo.png]
[templates.envytheme.com/vidnext/default/index-2.html]
[templates.envytheme.com/vidnext/default/index-3.html]
[templates.envytheme.com/vidnext/default/about.html]
[templates.envytheme.com/vidnext/default/testimonials.html]
[templates.envytheme.com/vidnext/default/portfolio-columns-two.html]
[templates.envytheme.com/vidnext/default/portfolio-columns-three.html]
[templates.envytheme.com/vidnext/default/portfolio-columns-four.html]
[templates.envytheme.com/vidnext/default/portfolio-details.html]
[templates.envytheme.com/vidnext/default/team.html]
[templates.envytheme.com/vidnext/default/my-account.html]
[templates.envytheme.com/vidnext/default/log-in.html]
[templates.envytheme.com/vidnext/default/sign-in.html]
[templates.envytheme.com/vidnext/default/recover-password.html]
[templates.envytheme.com/vidnext/default/faq.html]
[templates.envytheme.com/vidnext/default/coming-soon.html]
[templates.envytheme.com/vidnext/default/404.html]
[templates.envytheme.com/vidnext/default/shop.html]
[templates.envytheme.com/vidnext/default/cart.html]
[templates.envytheme.com/vidnext/default/checkout.html]
[templates.envytheme.com/vidnext/default/product-details.html]
[templates.envytheme.com/vidnext/default/wishlist.html]
[templates.envytheme.com/vidnext/default/blog-grid.html]
[templates.envytheme.com/vidnext/default/blog-left-sidebar.html]
[templates.envytheme.com/vidnext/default/blog-right-sidebar.html]
[templates.envytheme.com/vidnext/default/blog-details.html]
[templates.envytheme.com/vidnext/default/contact.html]
[templates.envytheme.com/vidnext/default/assets/img/instagram/1.jpg]
[templates.envytheme.com/vidnext/default/assets/img/instagram/2.jpg]
[templates.envytheme.com/vidnext/default/assets/img/instagram/3.jpg]
[templates.envytheme.com/vidnext/default/assets/img/instagram/4.jpg]
[templates.envytheme.com/vidnext/default/assets/img/instagram/5.jpg]
[templates.envytheme.com/vidnext/default/assets/img/instagram/6.jpg]
[templates.envytheme.com/vidnext/default/assets/img/newsletter-img.jpg]
[templates.envytheme.com/vidnext/default/assets/img/about-img.jpg]
[templates.envytheme.com/vidnext/default/assets/img/video-created-img.jpg]
[templates.envytheme.com/vidnext/default/assets/img/brand/1.png]
[templates.envytheme.com/vidnext/default/assets/img/brand/2.png]
[templates.envytheme.com/vidnext/default/assets/img/brand/3.png]
[templates.envytheme.com/vidnext/default/assets/img/products-img.jpg]
[templates.envytheme.com/vidnext/default/assets/img/products-img-2.jpg]
[templates.envytheme.com/vidnext/default/assets/img/products-img-3.jpg]
[templates.envytheme.com/vidnext/default/assets/img/products-img-4.jpg]
[templates.envytheme.com/vidnext/default/assets/img/latest-trailer/1.jpg]
[templates.envytheme.com/vidnext/default/assets/img/latest-trailer/2.jpg]
[templates.envytheme.com/vidnext/default/assets/img/latest-trailer/3.jpg]
[templates.envytheme.com/vidnext/default/assets/img/latest-trailer/4.jpg]
[templates.envytheme.com/vidnext/default/assets/img/latest-trailer/5.jpg]
[templates.envytheme.com/vidnext/default/assets/img/latest-trailer/6.jpg]
[templates.envytheme.com/vidnext/default/assets/img/exclusive-hop-img-1.jpg]
[templates.envytheme.com/vidnext/default/assets/img/exclusive-hop-img-2.png]
[templates.envytheme.com/vidnext/default/assets/img/team/1.jpg]
[templates.envytheme.com/vidnext/default/assets/img/team/2.jpg]
[templates.envytheme.com/vidnext/default/assets/img/team/3.jpg]
[templates.envytheme.com/vidnext/default/assets/img/team/4.jpg]
[templates.envytheme.com/vidnext/default/assets/img/team/5.jpg]
[templates.envytheme.com/vidnext/default/assets/img/partner-logo/1.png]
[templates.envytheme.com/vidnext/default/assets/img/partner-logo/2.png]
[templates.envytheme.com/vidnext/default/assets/img/partner-logo/3.png]
[templates.envytheme.com/vidnext/default/assets/img/partner-logo/4.png]
[templates.envytheme.com/vidnext/default/assets/img/partner-logo/5.png]
[templates.envytheme.com/vidnext/default/assets/img/partner-logo/6.png]
[templates.envytheme.com/vidnext/default/assets/img/blog/1.jpg]
[templates.envytheme.com/vidnext/default/assets/img/blog/2.jpg]
[templates.envytheme.com/vidnext/default/assets/img/blog/3.jpg]
[templates.envytheme.com/vidnext/default/assets/img/footer-logo.png]
[templates.envytheme.com/cdn-cgi/scripts/5c5dd728/cloudflare-static/email-decode.min.js]
[templates.envytheme.com/vidnext/default/assets/js/jquery-3.5.1.slim.min.js]
[templates.envytheme.com/vidnext/default/assets/js/popper.min.js]
[templates.envytheme.com/vidnext/default/assets/js/bootstrap.min.js]
[templates.envytheme.com/vidnext/default/assets/js/jquery.meanmenu.js]
[templates.envytheme.com/vidnext/default/assets/js/wow.min.js]
[templates.envytheme.com/vidnext/default/assets/js/owl.carousel.js]
[templates.envytheme.com/vidnext/default/assets/js/carousel-thumbs.js]
[templates.envytheme.com/vidnext/default/assets/js/jquery.magnific-popup.min.js]
[templates.envytheme.com/vidnext/default/assets/js/jquery.nice-select.min.js]
[templates.envytheme.com/vidnext/default/assets/js/parallax.min.js]
[templates.envytheme.com/vidnext/default/assets/js/jquery.mixitup.min.js]
[templates.envytheme.com/vidnext/default/assets/js/jquery.appear.js]
[templates.envytheme.com/vidnext/default/assets/js/odometer.min.js]
[templates.envytheme.com/vidnext/default/assets/js/form-validator.min.js]
[templates.envytheme.com/vidnext/default/assets/js/contact-form-script.js]
[templates.envytheme.com/vidnext/default/assets/js/jquery.ajaxchimp.min.js]
[templates.envytheme.com/vidnext/default/index.html]
[templates.envytheme.com/vidnext/default/assets/css/bootstrap.min.css]
[templates.envytheme.com/vidnext/default/assets/css/owl.theme.default.min.css]
[templates.envytheme.com/vidnext/default/assets/js/custom.js]
[templates.envytheme.com/vidnext/default/assets/css/owl.video.play.png]
[templates.envytheme.com/vidnext/default/assets/css/owl.carousel.min.css]
[templates.envytheme.com/vidnext/default/assets/css/magnific-popup.css]
[templates.envytheme.com/vidnext/default/assets/css/animate.css]
[templates.envytheme.com/vidnext/default/assets/fonts/boxicons.woff2]
[templates.envytheme.com/vidnext/default/assets/fonts/boxicons.eot]
[templates.envytheme.com/vidnext/default/assets/fonts/boxicons.woff]
[templates.envytheme.com/vidnext/default/assets/fonts/boxicons.ttf]
[templates.envytheme.com/vidnext/default/assets/css/boxicons.min.css]
[templates.envytheme.com/vidnext/default/assets/fonts/boxiconsd41d.svg]
[templates.envytheme.com/vidnext/default/assets/fonts/Flaticon.eot]
[templates.envytheme.com/vidnext/default/assets/fonts/Flaticond41d.eot]
[templates.envytheme.com/vidnext/default/assets/fonts/Flaticon.woff2]
[templates.envytheme.com/vidnext/default/assets/fonts/Flaticon.woff]
[templates.envytheme.com/vidnext/default/assets/fonts/Flaticon.ttf]
[templates.envytheme.com/vidnext/default/assets/css/flaticon.css]
[templates.envytheme.com/vidnext/default/assets/css/meanmenu.css]
[templates.envytheme.com/vidnext/default/assets/css/nice-select.css]
[templates.envytheme.com/vidnext/default/assets/css/odometer.css]
[templates.envytheme.com/vidnext/default/assets/fonts/Flaticon.svg]
[templates.envytheme.com/vidnext/default/assets/img/slider-img/prev-1.png]
[templates.envytheme.com/vidnext/default/assets/img/slider-img/prev-2.png]
[templates.envytheme.com/vidnext/default/assets/img/slider-img/next-1.png]
[templates.envytheme.com/vidnext/default/assets/img/slider-img/next-2.png]
[templates.envytheme.com/vidnext/default/assets/img/slider-img/1.jpg]
[templates.envytheme.com/vidnext/default/assets/img/slider-img/2.jpg]
[templates.envytheme.com/vidnext/default/assets/img/slider-img/3.jpg]
[templates.envytheme.com/vidnext/default/assets/img/slider-img/4.jpg]
[templates.envytheme.com/vidnext/default/assets/img/slider-img/5.jpg]
[templates.envytheme.com/vidnext/default/assets/img/slider-img/6.jpg]
[templates.envytheme.com/vidnext/default/assets/img/video-created-bg.jpg]
[templates.envytheme.com/vidnext/default/assets/img/testimonial-bg.jpg]
[templates.envytheme.com/vidnext/default/assets/img/get-in-touch-bg.jpg]
[templates.envytheme.com/vidnext/default/assets/img/exclusive-hop-bg.jpg]
[templates.envytheme.com/vidnext/default/assets/img/exclusive-img/1.jpg]
[templates.envytheme.com/vidnext/default/assets/img/exclusive-img/2.jpg]
[templates.envytheme.com/vidnext/default/assets/img/exclusive-img/3.jpg]
[templates.envytheme.com/vidnext/default/assets/img/exclusive-img/4.jpg]
[templates.envytheme.com/vidnext/default/assets/img/partner-bg.jpg]
[templates.envytheme.com/vidnext/default/assets/img/footer-bg.jpg]
[templates.envytheme.com/vidnext/default/assets/img/blog/4.jpg]
[templates.envytheme.com/vidnext/default/assets/img/banner/1.jpg]
[templates.envytheme.com/vidnext/default/assets/img/latest-trailer-bg.jpg]
[templates.envytheme.com/vidnext/default/assets/img/team-bg.jpg]
[templates.envytheme.com/vidnext/default/assets/img/partner-bg-three.jpg]
[templates.envytheme.com/vidnext/default/assets/img/footer-bg-three.jpg]
[templates.envytheme.com/vidnext/default/assets/img/products-bg.jpg]
[templates.envytheme.com/vidnext/default/assets/img/page-bg/1.jpg]
[templates.envytheme.com/vidnext/default/assets/img/page-bg/2.jpg]
[templates.envytheme.com/vidnext/default/assets/img/page-bg/3.jpg]
[templates.envytheme.com/vidnext/default/assets/img/page-bg/4.jpg]
[templates.envytheme.com/vidnext/default/assets/img/page-bg/5.jpg]
[templates.envytheme.com/vidnext/default/assets/img/page-bg/6.jpg]
[templates.envytheme.com/vidnext/default/assets/img/page-bg/7.jpg]
[templates.envytheme.com/vidnext/default/assets/img/page-bg/8.jpg]
[templates.envytheme.com/vidnext/default/assets/img/page-bg/9.jpg]
[templates.envytheme.com/vidnext/default/assets/img/page-bg/10.jpg]
[templates.envytheme.com/vidnext/default/assets/img/page-bg/11.jpg]
[templates.envytheme.com/vidnext/default/assets/img/page-bg/12.jpg]
[templates.envytheme.com/vidnext/default/assets/img/page-bg/13.jpg]
[templates.envytheme.com/vidnext/default/assets/img/page-bg/14.jpg]
[templates.envytheme.com/vidnext/default/assets/img/page-bg/15.jpg]
[templates.envytheme.com/vidnext/default/assets/img/page-bg/16.jpg]
[templates.envytheme.com/vidnext/default/assets/img/page-bg/17.jpg]
[templates.envytheme.com/vidnext/default/assets/img/page-bg/18.jpg]
[templates.envytheme.com/vidnext/default/assets/img/page-bg/19.jpg]
[templates.envytheme.com/vidnext/default/assets/img/page-bg/20.jpg]
[templates.envytheme.com/vidnext/default/assets/img/page-bg/21.jpg]
[templates.envytheme.com/vidnext/default/assets/img/page-bg/22.jpg]
[templates.envytheme.com/vidnext/default/assets/img/page-bg/23.jpg]
[templates.envytheme.com/vidnext/default/assets/img/page-bg/24.jpg]
[templates.envytheme.com/vidnext/default/assets/img/portfolio/1.jpg]
[templates.envytheme.com/vidnext/default/assets/img/portfolio/2.jpg]
[templates.envytheme.com/vidnext/default/assets/img/portfolio/3.jpg]
[templates.envytheme.com/vidnext/default/assets/img/portfolio/4.jpg]
[templates.envytheme.com/vidnext/default/assets/img/portfolio/5.jpg]
[templates.envytheme.com/vidnext/default/assets/img/portfolio/6.jpg]
[templates.envytheme.com/vidnext/default/assets/img/portfolio/7.jpg]
[templates.envytheme.com/vidnext/default/assets/img/portfolio/8.jpg]
[templates.envytheme.com/vidnext/default/assets/img/portfolio/9.jpg]
[templates.envytheme.com/vidnext/default/assets/img/coming-soon-bg.jpg]
[templates.envytheme.com/vidnext/default/assets/css/style.css]
[templates.envytheme.com/vidnext/default/assets/css/responsive.css]
[templates.envytheme.com/vidnext/default/assets/img/brand/4.png]
[templates.envytheme.com/vidnext/default/assets/img/brand/5.png]
[templates.envytheme.com/vidnext/default/assets/img/brand/6.png]
[templates.envytheme.com/vidnext/default/assets/img/about-img-two.jpg]
[templates.envytheme.com/vidnext/default/assets/img/video-created-img-2.jpg]
[templates.envytheme.com/vidnext/default/assets/img/testimonial/1.jpg]
[templates.envytheme.com/vidnext/default/assets/img/testimonial/2.jpg]
[templates.envytheme.com/vidnext/default/assets/img/shop/1.jpg]
[templates.envytheme.com/vidnext/default/assets/img/shop/2.jpg]
[templates.envytheme.com/vidnext/default/assets/img/shop/3.jpg]
[templates.envytheme.com/vidnext/default/assets/img/shop/4.jpg]
[templates.envytheme.com/vidnext/default/assets/img/blog/5.jpg]
[templates.envytheme.com/vidnext/default/assets/img/blog/6.jpg]
[templates.envytheme.com/vidnext/default/assets/img/partner-logo/7.png]
[templates.envytheme.com/vidnext/default/assets/img/partner-logo/8.png]
[templates.envytheme.com/vidnext/default/assets/img/partner-logo/9.png]
[templates.envytheme.com/vidnext/default/assets/img/partner-logo/10.png]
[templates.envytheme.com/vidnext/default/assets/img/partner-logo/11.png]
[templates.envytheme.com/vidnext/default/assets/img/partner-logo/12.png]
[templates.envytheme.com/vidnext/default/index-2.html]
[templates.envytheme.com/vidnext/default/assets/img/white-logo.png]
[templates.envytheme.com/vidnext/default/assets/img/banner/2.jpg]
[templates.envytheme.com/vidnext/default/assets/img/about-grid/1.jpg]
[templates.envytheme.com/vidnext/default/assets/img/about-grid/2.jpg]
[templates.envytheme.com/vidnext/default/assets/img/about-grid/3.jpg]
[templates.envytheme.com/vidnext/default/assets/img/about-grid/4.jpg]
[templates.envytheme.com/vidnext/default/assets/img/video-created/1.jpg]
[templates.envytheme.com/vidnext/default/assets/img/video-created/2.jpg]
[templates.envytheme.com/vidnext/default/assets/img/video-created/3.jpg]
[templates.envytheme.com/vidnext/default/assets/img/blog/7.jpg]
[templates.envytheme.com/vidnext/default/assets/img/blog/8.jpg]
[templates.envytheme.com/vidnext/default/assets/img/blog/9.jpg]
[templates.envytheme.com/vidnext/default/index-3.html]
[templates.envytheme.com/vidnext/default/assets/img/collaborate-img.jpg]
[templates.envytheme.com/vidnext/default/about.html]
[templates.envytheme.com/vidnext/default/assets/img/testimonial/3.jpg]
[templates.envytheme.com/vidnext/default/assets/img/testimonial/4.jpg]
[templates.envytheme.com/vidnext/default/assets/img/testimonial/5.jpg]
[templates.envytheme.com/vidnext/default/assets/img/testimonial/6.jpg]
[templates.envytheme.com/vidnext/default/testimonials.html]
[templates.envytheme.com/vidnext/default/portfolio-columns-two.html]
[templates.envytheme.com/vidnext/default/portfolio-columns-three.html]
[templates.envytheme.com/vidnext/default/portfolio-columns-four.html]
[templates.envytheme.com/vidnext/default/assets/img/portfolio-details/portfolio-details-img.jpg]
[templates.envytheme.com/vidnext/default/assets/img/portfolio-details/prev-img.jpg]
[templates.envytheme.com/vidnext/default/assets/img/portfolio-details/next-img.jpg]
[templates.envytheme.com/vidnext/default/portfolio-details.html]
[templates.envytheme.com/vidnext/default/assets/img/team/6.jpg]
[templates.envytheme.com/vidnext/default/team.html]
[templates.envytheme.com/vidnext/default/my-account.html]
[templates.envytheme.com/vidnext/default/log-in.html]
[templates.envytheme.com/vidnext/default/sign-in.html]
[templates.envytheme.com/vidnext/default/recover-password.html]
[templates.envytheme.com/vidnext/default/faq.html]
[templates.envytheme.com/vidnext/default/coming-soon.html]
[templates.envytheme.com/vidnext/default/404.html]
[templates.envytheme.com/vidnext/default/assets/img/shop/5.jpg]
[templates.envytheme.com/vidnext/default/assets/img/shop/6.jpg]
[templates.envytheme.com/vidnext/default/assets/img/shop/7.jpg]
[templates.envytheme.com/vidnext/default/assets/img/shop/8.jpg]
[templates.envytheme.com/vidnext/default/assets/img/shop/9.jpg]
[templates.envytheme.com/vidnext/default/assets/img/blog-details/popular-img-1.jpg]
[templates.envytheme.com/vidnext/default/assets/img/blog-details/popular-img-2.jpg]
[templates.envytheme.com/vidnext/default/assets/img/blog-details/popular-img-3.jpg]
[templates.envytheme.com/vidnext/default/shop.html]
[templates.envytheme.com/vidnext/default/assets/img/cart/1.jpg]
[templates.envytheme.com/vidnext/default/assets/img/cart/2.jpg]
[templates.envytheme.com/vidnext/default/assets/img/cart/3.jpg]
[templates.envytheme.com/vidnext/default/assets/img/cart/4.jpg]
[templates.envytheme.com/vidnext/default/cart.html]
[templates.envytheme.com/vidnext/default/checkout.html]
[templates.envytheme.com/vidnext/default/assets/img/product-details/1.jpg]
[templates.envytheme.com/vidnext/default/product-details.html]
[templates.envytheme.com/vidnext/default/wishlist.html]
[templates.envytheme.com/vidnext/default/blog-grid.html]
[templates.envytheme.com/vidnext/default/assets/img/blog-details/about-img.jpg]
[templates.envytheme.com/vidnext/default/blog-left-sidebar.html]
[templates.envytheme.com/vidnext/default/assets/img/blog/10.jpg]
[templates.envytheme.com/vidnext/default/assets/img/blog/11.jpg]
[templates.envytheme.com/vidnext/default/assets/img/blog/12.jpg]
[templates.envytheme.com/vidnext/default/assets/img/blog/13.jpg]
[templates.envytheme.com/vidnext/default/blog-right-sidebar.html]
[templates.envytheme.com/vidnext/default/assets/img/blog-details/details-img.jpg]
[templates.envytheme.com/vidnext/default/assets/img/blog-details/prev-img.jpg]
[templates.envytheme.com/vidnext/default/assets/img/blog-details/next-img.jpg]
[templates.envytheme.com/vidnext/default/assets/img/blog-details/comments-img-1.jpg]
[templates.envytheme.com/vidnext/default/assets/img/blog-details/comments-img-2.jpg]
[templates.envytheme.com/vidnext/default/blog-details.html]
[templates.envytheme.com/vidnext/default/contact.html]
[templates.envytheme.com/vidnext/default/assets/css/owl.video.play.html]
[templates.envytheme.com/vidnext/default/assets/fonts/boxiconsd41d.svg]
[templates.envytheme.com/vidnext/default/assets/fonts/Flaticon.svg]
[templates.envytheme.com/vidnext/default/assets/img/exclusive-img/4.html]
[templates.envytheme.com/vidnext/default/assets/img/page-bg/23.html]
[templates.envytheme.com/vidnext/default/assets/img/page-bg/24.html]
