[backblue.gif]
[fade.gif]
[index.html]
[aaryaweb.info/html/stylexpo/stx004/images/favicon.png]
[aaryaweb.info/html/stylexpo/stx004/images/logo.png]
[aaryaweb.info/html/stylexpo/stx004/images/1.jpg]
[aaryaweb.info/html/stylexpo/stx004/images/2.jpg]
[aaryaweb.info/html/stylexpo/stx004/images/6.jpg]
[aaryaweb.info/html/stylexpo/stx004/images/8.jpg]
[aaryaweb.info/html/stylexpo/stx004/images/10.jpg]
[aaryaweb.info/html/stylexpo/stx004/images/16.jpg]
[aaryaweb.info/html/stylexpo/stx004/images/drop_banner.jpg]
[aaryaweb.info/html/stylexpo/stx004/images/banner1.jpg]
[aaryaweb.info/html/stylexpo/stx004/images/banner2.jpg]
[aaryaweb.info/html/stylexpo/stx004/images/banner3.jpg]
[aaryaweb.info/html/stylexpo/stx004/images/3.jpg]
[aaryaweb.info/html/stylexpo/stx004/images/4.jpg]
[aaryaweb.info/html/stylexpo/stx004/images/5.jpg]
[aaryaweb.info/html/stylexpo/stx004/images/7.jpg]
[aaryaweb.info/html/stylexpo/stx004/images/9.jpg]
[aaryaweb.info/html/stylexpo/stx004/images/left-banner.jpg]
[aaryaweb.info/html/stylexpo/stx004/images/quote1.png]
[aaryaweb.info/html/stylexpo/stx004/images/quote2.png]
[aaryaweb.info/html/stylexpo/stx004/images/testimonial_img1.jpg]
[aaryaweb.info/html/stylexpo/stx004/images/testimonial_img2.jpg]
[aaryaweb.info/html/stylexpo/stx004/images/testimonial_img3.jpg]
[aaryaweb.info/html/stylexpo/stx004/images/video-bg.jpg]
[aaryaweb.info/html/stylexpo/stx004/images/you-tube-icon.png]
[aaryaweb.info/html/stylexpo/stx004/images/blog_img1.jpg]
[aaryaweb.info/html/stylexpo/stx004/images/blog_img2.jpg]
[aaryaweb.info/html/stylexpo/stx004/images/blog_img3.jpg]
[aaryaweb.info/html/stylexpo/stx004/images/sub-banner1.jpg]
[aaryaweb.info/html/stylexpo/stx004/images/sub-banner2.jpg]
[aaryaweb.info/html/stylexpo/stx004/images/13.jpg]
[aaryaweb.info/html/stylexpo/stx004/images/12.jpg]
[aaryaweb.info/html/stylexpo/stx004/images/cate_1.jpg]
[aaryaweb.info/html/stylexpo/stx004/images/cate_2.jpg]
[aaryaweb.info/html/stylexpo/stx004/images/cate_3.jpg]
[aaryaweb.info/html/stylexpo/stx004/images/cate_4.jpg]
[aaryaweb.info/html/stylexpo/stx004/images/cate_5.jpg]
[aaryaweb.info/html/stylexpo/stx004/images/cate_6.jpg]
[aaryaweb.info/html/stylexpo/stx004/images/cate_7.jpg]
[aaryaweb.info/html/stylexpo/stx004/images/cate_8.jpg]
[aaryaweb.info/html/stylexpo/stx004/images/cate_9.jpg]
[aaryaweb.info/html/stylexpo/stx004/images/cate_10.jpg]
[aaryaweb.info/html/stylexpo/stx004/images/small-banner1.jpg]
[aaryaweb.info/html/stylexpo/stx004/images/small-banner2.jpg]
[aaryaweb.info/html/stylexpo/stx004/images/brand1.png]
[aaryaweb.info/html/stylexpo/stx004/images/brand2.png]
[aaryaweb.info/html/stylexpo/stx004/images/brand3.png]
[aaryaweb.info/html/stylexpo/stx004/images/brand4.png]
[aaryaweb.info/html/stylexpo/stx004/images/brand5.png]
[aaryaweb.info/html/stylexpo/stx004/images/brand6.png]
[aaryaweb.info/html/stylexpo/stx004/images/brand7.png]
[aaryaweb.info/html/stylexpo/stx004/images/brand8.png]
[aaryaweb.info/html/stylexpo/stx004/images/footer-logo.png]
[aaryaweb.info/html/stylexpo/stx004/images/pay1.png]
[aaryaweb.info/html/stylexpo/stx004/images/pay2.png]
[aaryaweb.info/html/stylexpo/stx004/images/pay3.png]
[aaryaweb.info/html/stylexpo/stx004/images/pay4.png]
[aaryaweb.info/html/stylexpo/stx004/images/pay5.png]
[aaryaweb.info/html/stylexpo/stx004/js/jquery-1.12.3.min.js]
[cdnjs.cloudflare.com/ajax/libs/tether/1.4.0/js/tether.min.js]
[aaryaweb.info/html/stylexpo/stx004/js/bootstrap.min.js]
[aaryaweb.info/html/stylexpo/stx004/js/jquery.downCount.js]
[aaryaweb.info/html/stylexpo/stx004/js/jquery-ui.min.js]
[aaryaweb.info/html/stylexpo/stx004/js/fotorama.js]
[aaryaweb.info/html/stylexpo/stx004/js/jquery.magnific-popup.js]
[aaryaweb.info/html/stylexpo/stx004/js/owl.carousel.min.js]
[aaryaweb.info/html/stylexpo/stx004/js/custom.js]
[aaryaweb.info/html/stylexpo/stx004/index.html]
[aaryaweb.info/html/stylexpo/stx004/fonts/fontawesome-webfont914c.eot]
[aaryaweb.info/html/stylexpo/stx004/fonts/fontawesome-webfontd41d.eot]
[aaryaweb.info/html/stylexpo/stx004/fonts/fontawesome-webfont914c.woff2]
[aaryaweb.info/html/stylexpo/stx004/fonts/fontawesome-webfont914c.woff]
[aaryaweb.info/html/stylexpo/stx004/fonts/fontawesome-webfont914c.ttf]
[aaryaweb.info/html/stylexpo/stx004/css/font-awesome.min.css]
[aaryaweb.info/html/stylexpo/stx004/css/bootstrap.css]
[aaryaweb.info/html/stylexpo/stx004/css/jquery-ui.css]
[aaryaweb.info/html/stylexpo/stx004/css/owl.carousel.css]
[aaryaweb.info/html/stylexpo/stx004/css/fotorama.css]
[aaryaweb.info/html/stylexpo/stx004/css/magnific-popup.css]
[aaryaweb.info/html/stylexpo/stx004/images/Preloader_2.gif]
[aaryaweb.info/html/stylexpo/stx004/images/select-icon.png]
[aaryaweb.info/html/stylexpo/stx004/images/sprite.png]
[aaryaweb.info/html/stylexpo/stx004/images/inner-banner1.jpg]
[aaryaweb.info/html/stylexpo/stx004/images/shipping_icon.png]
[aaryaweb.info/html/stylexpo/stx004/images/testimonial-bg.jpg]
[aaryaweb.info/html/stylexpo/stx004/images/grid-list.png]
[aaryaweb.info/html/stylexpo/stx004/images/check-box-icon.png]
[aaryaweb.info/html/stylexpo/stx004/images/404-bg.jpg]
[aaryaweb.info/html/stylexpo/stx004/css/custom.css]
[aaryaweb.info/html/stylexpo/stx004/css/responsive.css]
[aaryaweb.info/html/stylexpo/stx004/images/apple-touch-icon.html]
[aaryaweb.info/html/stylexpo/stx004/images/apple-touch-icon-72x72.html]
[aaryaweb.info/html/stylexpo/stx004/images/apple-touch-icon-114x114.html]
[aaryaweb.info/html/stylexpo/stx004/login.html]
[aaryaweb.info/html/stylexpo/stx004/register.html]
[aaryaweb.info/html/stylexpo/stx004/compare.html]
[aaryaweb.info/html/stylexpo/stx004/wishlist.html]
[aaryaweb.info/html/stylexpo/stx004/cart.html]
[aaryaweb.info/html/stylexpo/stx004/checkout.html]
[aaryaweb.info/html/stylexpo/stx004/images/11.jpg]
[aaryaweb.info/html/stylexpo/stx004/images/14.jpg]
[aaryaweb.info/html/stylexpo/stx004/images/15.jpg]
[aaryaweb.info/html/stylexpo/stx004/shop.html]
[aaryaweb.info/html/stylexpo/stx004/images/pro-banner.jpg]
[aaryaweb.info/html/stylexpo/stx004/images/comment-user.jpg]
[aaryaweb.info/html/stylexpo/stx004/product-page.html]
[aaryaweb.info/html/stylexpo/stx004/images/about-sub.jpg]
[aaryaweb.info/html/stylexpo/stx004/images/owner-logo.png]
[aaryaweb.info/html/stylexpo/stx004/images/top-shadow.png]
[aaryaweb.info/html/stylexpo/stx004/images/bottom-shadow.png]
[aaryaweb.info/html/stylexpo/stx004/images/tm1.jpg]
[aaryaweb.info/html/stylexpo/stx004/images/tm2.jpg]
[aaryaweb.info/html/stylexpo/stx004/images/tm3.jpg]
[aaryaweb.info/html/stylexpo/stx004/images/tm4.jpg]
[aaryaweb.info/html/stylexpo/stx004/images/tm5.jpg]
[aaryaweb.info/html/stylexpo/stx004/images/tm6.jpg]
[aaryaweb.info/html/stylexpo/stx004/images/tm7.jpg]
[aaryaweb.info/html/stylexpo/stx004/about.html]
[aaryaweb.info/html/stylexpo/stx004/images/blog_img4.jpg]
[aaryaweb.info/html/stylexpo/stx004/images/blog_img5.jpg]
[aaryaweb.info/html/stylexpo/stx004/images/blog_img6.jpg]
[aaryaweb.info/html/stylexpo/stx004/blog.html]
[aaryaweb.info/html/stylexpo/stx004/contact.html]
[aaryaweb.info/html/stylexpo/stx004/account.html]
[aaryaweb.info/html/stylexpo/stx004/404.html]
[aaryaweb.info/html/stylexpo/stx004/single-blog.html]
[aaryaweb.info/html/stylexpo/stx004/fonts/fontawesome-webfont914c.svg]
[aaryaweb.info/html/stylexpo/stx004/css/owl.video.play.html]
[aaryaweb.info/html/stylexpo/stx004/css/fotorama@2x.html]
[aaryaweb.info/html/stylexpo/stx004/product-detail.html]
[aaryaweb.info/html/stylexpo/stx004/order-overview.html]
[aaryaweb.info/html/stylexpo/stx004/images/paypal-img.png]
[aaryaweb.info/html/stylexpo/stx004/images/payment-method.png]
[aaryaweb.info/html/stylexpo/stx004/payment.html]
[aaryaweb.info/html/stylexpo/stx004/order-complete.html]
[aaryaweb.info/html/stylexpo/stx004/shop-list.html]
