[d-themes.com/html/riode/demo14.html]
[backblue.gif]
[fade.gif]
[index.html]
[d-themes.com/html/riode/images/icons/favicon.png]
[d-themes.com/html/riode/fonts/riode115b.ttf]
[d-themes.com/html/riode/vendor/fontawesome-free/webfonts/fa-solid-900.woff2]
[d-themes.com/html/riode/vendor/fontawesome-free/webfonts/fa-brands-400.woff2]
[d-themes.com/html/riode/js/webfont.js]
[d-themes.com/html/riode/contact-us.html]
[d-themes.com/html/riode/ajax/login.html]
[d-themes.com/html/riode/images/demos/demo14/logo.png]
[d-themes.com/html/riode/wishlist.html]
[d-themes.com/html/riode/product.html]
[d-themes.com/html/riode/images/wishlist/product-1.jpg]
[d-themes.com/html/riode/images/wishlist/product-2.jpg]
[d-themes.com/html/riode/images/wishlist/product-3.jpg]
[d-themes.com/html/riode/images/cart/product-1.jpg]
[d-themes.com/html/riode/images/cart/product-2.jpg]
[d-themes.com/html/riode/cart.html]
[d-themes.com/html/riode/checkout.html]
[d-themes.com/html/riode/demo14-shop.html]
[d-themes.com/html/riode/shop-classic-filter.html]
[d-themes.com/html/riode/shop-left-toggle-sidebar.html]
[d-themes.com/html/riode/shop-right-toggle-sidebar.html]
[d-themes.com/html/riode/shop-horizontal-filter.html]
[d-themes.com/html/riode/shop-navigation-filter.html]
[d-themes.com/html/riode/shop-off-canvas-filter.html]
[d-themes.com/html/riode/shop-top-banner.html]
[d-themes.com/html/riode/shop-inner-top-banner.html]
[d-themes.com/html/riode/shop-with-bottom-block.html]
[d-themes.com/html/riode/shop-category-in-page-header.html]
[d-themes.com/html/riode/shop-grid-3cols.html]
[d-themes.com/html/riode/shop-grid-4cols.html]
[d-themes.com/html/riode/shop-grid-5cols.html]
[d-themes.com/html/riode/shop-grid-6cols.html]
[d-themes.com/html/riode/shop-grid-7cols.html]
[d-themes.com/html/riode/shop-grid-8cols.html]
[d-themes.com/html/riode/shop-list-mode.html]
[d-themes.com/html/riode/shop-pagination.html]
[d-themes.com/html/riode/shop-infinite-ajaxscroll.html]
[d-themes.com/html/riode/shop-loadmore-button.html]
[d-themes.com/html/riode/shop-category-grid-shop.html]
[d-themes.com/html/riode/shop-category+products.html]
[d-themes.com/html/riode/shop-default-1.html]
[d-themes.com/html/riode/shop-default-2.html]
[d-themes.com/html/riode/shop-default-3.html]
[d-themes.com/html/riode/shop-default-4.html]
[d-themes.com/html/riode/shop-default-5.html]
[d-themes.com/html/riode/shop-default-6.html]
[d-themes.com/html/riode/shop-default-7.html]
[d-themes.com/html/riode/shop-default-8.html]
[d-themes.com/html/riode/images/menu/banner-1.jpg]
[d-themes.com/html/riode/demo14-product.html]
[d-themes.com/html/riode/product-simple.html]
[d-themes.com/html/riode/product-featured.html]
[d-themes.com/html/riode/product-variable-swatch.html]
[d-themes.com/html/riode/product-grouped.html]
[d-themes.com/html/riode/product-external.html]
[d-themes.com/html/riode/product-in-stock.html]
[d-themes.com/html/riode/product-out-stock.html]
[d-themes.com/html/riode/product-upsell.html]
[d-themes.com/html/riode/product-cross-sell.html]
[d-themes.com/html/riode/product-vertical.html]
[d-themes.com/html/riode/product-horizontal.html]
[d-themes.com/html/riode/product-gallery.html]
[d-themes.com/html/riode/product-grid.html]
[d-themes.com/html/riode/product-masonry.html]
[d-themes.com/html/riode/product-sticky.html]
[d-themes.com/html/riode/product-sticky-both.html]
[d-themes.com/html/riode/product-left-sidebar.html]
[d-themes.com/html/riode/product-right-sidebar.html]
[d-themes.com/html/riode/product-full.html]
[d-themes.com/html/riode/product-sale.html]
[d-themes.com/html/riode/product-hurryup.html]
[d-themes.com/html/riode/product-attribute-guide.html]
[d-themes.com/html/riode/product-sticky-cart.html]
[d-themes.com/html/riode/product-thumbnail-label.html]
[d-themes.com/html/riode/product-more-description.html]
[d-themes.com/html/riode/product-accordion-data.html]
[d-themes.com/html/riode/product-tabinside.html]
[d-themes.com/html/riode/product-video.html]
[d-themes.com/html/riode/product-360-degree.html]
[d-themes.com/html/riode/images/menu/banner-2.jpg]
[d-themes.com/html/riode/about-us.html]
[d-themes.com/html/riode/account.html]
[d-themes.com/html/riode/faq.html]
[d-themes.com/html/riode/error-404.html]
[d-themes.com/html/riode/error-404-1.html]
[d-themes.com/html/riode/error-404-2.html]
[d-themes.com/html/riode/error-404-3.html]
[d-themes.com/html/riode/coming-soon.html]
[d-themes.com/html/riode/blog-classic.html]
[d-themes.com/html/riode/blog-listing.html]
[d-themes.com/html/riode/blog-grid-2col.html]
[d-themes.com/html/riode/blog-grid-3col.html]
[d-themes.com/html/riode/blog-grid-4col.html]
[d-themes.com/html/riode/blog-grid-sidebar.html]
[d-themes.com/html/riode/blog-masonry-2col.html]
[d-themes.com/html/riode/blog-masonry-3col.html]
[d-themes.com/html/riode/blog-masonry-4col.html]
[d-themes.com/html/riode/blog-masonry-sidebar.html]
[d-themes.com/html/riode/blog-mask-grid.html]
[d-themes.com/html/riode/blog-mask-masonry.html]
[d-themes.com/html/riode/post-single.html]
[d-themes.com/html/riode/images/demos/demo14/banner/4.jpg]
[d-themes.com/html/riode/images/demos/demo14/blog/1.jpg]
[d-themes.com/html/riode/images/demos/demo14/blog/2.jpg]
[d-themes.com/html/riode/images/demos/demo14/blog/3.jpg]
[d-themes.com/html/riode/images/demos/demo14/slides/1.jpg]
[d-themes.com/html/riode/images/demos/demo14/slides/2.jpg]
[d-themes.com/html/riode/images/demos/demo14/banner/1.jpg]
[d-themes.com/html/riode/images/demos/demo14/banner/2.jpg]
[d-themes.com/html/riode/images/demos/demo14/banner/3.jpg]
[d-themes.com/html/riode/images/demos/demo14/products/1-1.jpg]
[d-themes.com/html/riode/images/demos/demo14/products/1-2.jpg]
[d-themes.com/html/riode/images/demos/demo14/products/2-1.jpg]
[d-themes.com/html/riode/images/demos/demo14/products/2-2.jpg]
[d-themes.com/html/riode/images/demos/demo14/products/3-1.jpg]
[d-themes.com/html/riode/images/demos/demo14/products/3-2.jpg]
[d-themes.com/html/riode/images/demos/demo14/products/4-1.jpg]
[d-themes.com/html/riode/images/demos/demo14/products/4-2.jpg]
[d-themes.com/html/riode/images/demos/demo14/products/5-1.jpg]
[d-themes.com/html/riode/images/demos/demo14/products/5-2.jpg]
[d-themes.com/html/riode/images/demos/demo14/products/6-1.jpg]
[d-themes.com/html/riode/images/demos/demo14/products/6-2.jpg]
[d-themes.com/html/riode/images/demos/demo14/products/7-1.jpg]
[d-themes.com/html/riode/images/demos/demo14/products/7-2.jpg]
[d-themes.com/html/riode/images/demos/demo14/products/8-1.jpg]
[d-themes.com/html/riode/images/demos/demo14/products/8-2.jpg]
[d-themes.com/html/riode/images/demos/demo14/products/9-1.jpg]
[d-themes.com/html/riode/images/demos/demo14/products/9-2.jpg]
[d-themes.com/html/riode/images/demos/demo14/products/10-1.jpg]
[d-themes.com/html/riode/images/demos/demo14/products/10-2.jpg]
[d-themes.com/html/riode/images/demos/demo14/products/11-1.jpg]
[d-themes.com/html/riode/images/demos/demo14/products/11-2.jpg]
[d-themes.com/html/riode/images/demos/demo14/products/12-1.jpg]
[d-themes.com/html/riode/images/demos/demo14/products/12-2.jpg]
[d-themes.com/html/riode/images/demos/demo14/products/widgets/1.jpg]
[d-themes.com/html/riode/images/demos/demo14/products/widgets/2.jpg]
[d-themes.com/html/riode/images/demos/demo14/products/widgets/3.jpg]
[d-themes.com/html/riode/images/demos/demo14/products/widgets/4.jpg]
[d-themes.com/html/riode/images/demos/demo14/products/widgets/5.jpg]
[d-themes.com/html/riode/images/demos/demo14/products/widgets/6.jpg]
[d-themes.com/html/riode/images/demos/demo14/products/widgets/7.jpg]
[d-themes.com/html/riode/images/demos/demo14/products/widgets/8.jpg]
[d-themes.com/html/riode/images/demos/demo14/products/widgets/9.jpg]
[d-themes.com/html/riode/images/brands/1.png]
[d-themes.com/html/riode/images/brands/2.png]
[d-themes.com/html/riode/images/brands/3.png]
[d-themes.com/html/riode/images/brands/4.png]
[d-themes.com/html/riode/images/brands/5.png]
[d-themes.com/html/riode/images/brands/6.png]
[d-themes.com/html/riode/images/demos/demo14/logo-footer.png]
[d-themes.com/html/riode/login.html]
[d-themes.com/html/riode/order.html]
[d-themes.com/html/riode/images/instagram/01.jpg]
[d-themes.com/html/riode/images/instagram/02.jpg]
[d-themes.com/html/riode/images/instagram/03.jpg]
[d-themes.com/html/riode/images/instagram/04.jpg]
[d-themes.com/html/riode/images/instagram/05.jpg]
[d-themes.com/html/riode/images/instagram/06.jpg]
[d-themes.com/html/riode/images/instagram/07.jpg]
[d-themes.com/html/riode/images/instagram/08.jpg]
[d-themes.com/html/riode/images/payment.png]
[d-themes.com/html/riode/shop-banner-sidebar.html]
[d-themes.com/html/riode/shop-boxed-banner.html]
[d-themes.com/html/riode/shop-infinite-scroll.html]
[d-themes.com/html/riode/shop-off-canvas.html]
[d-themes.com/html/riode/shop-right-sidebar.html]
[d-themes.com/html/riode/element.html]
[d-themes.com/html/riode/element-alerts.html]
[d-themes.com/html/riode/element-accordions.html]
[d-themes.com/html/riode/element-banner-effect.html]
[d-themes.com/html/riode/element-banner.html]
[d-themes.com/html/riode/element-blog-posts.html]
[d-themes.com/html/riode/element-breadcrumb.html]
[d-themes.com/html/riode/element-buttons.html]
[d-themes.com/html/riode/element-cta.html]
[d-themes.com/html/riode/element-countdown.html]
[d-themes.com/html/riode/element-counter.html]
[d-themes.com/html/riode/element-creative-grid.html]
[d-themes.com/html/riode/element-animation.html]
[d-themes.com/html/riode/element-floating.html]
[d-themes.com/html/riode/element-hotspot.html]
[d-themes.com/html/riode/element-icon-boxes.html]
[d-themes.com/html/riode/element-icons.html]
[d-themes.com/html/riode/element-image-box.html]
[d-themes.com/html/riode/element-instagrams.html]
[d-themes.com/html/riode/element-categories.html]
[d-themes.com/html/riode/element-products.html]
[d-themes.com/html/riode/element-product-banner.html]
[d-themes.com/html/riode/element-product-grid.html]
[d-themes.com/html/riode/element-product-single.html]
[d-themes.com/html/riode/element-product-tab.html]
[d-themes.com/html/riode/element-single-product.html]
[d-themes.com/html/riode/element-slider.html]
[d-themes.com/html/riode/element-social-link.html]
[d-themes.com/html/riode/element-subcategory.html]
[d-themes.com/html/riode/element-svg-floating.html]
[d-themes.com/html/riode/element-tabs.html]
[d-themes.com/html/riode/element-testimonials.html]
[d-themes.com/html/riode/element-titles.html]
[d-themes.com/html/riode/element-typography.html]
[d-themes.com/html/riode/element-vendor.html]
[d-themes.com/html/riode/element-video.html]
[d-themes.com/html/riode/documentation.html]
[d-themes.com/html/riode/vendor/jquery/jquery.min.js]
[d-themes.com/html/riode/vendor/elevatezoom/jquery.elevatezoom.min.js]
[d-themes.com/html/riode/vendor/magnific-popup/jquery.magnific-popup.min.js]
[d-themes.com/html/riode/vendor/owl-carousel/owl.carousel.min.js]
[d-themes.com/html/riode/vendor/imagesloaded/imagesloaded.pkgd.min.js]
[d-themes.com/html/riode/vendor/isotope/isotope.pkgd.min.js]
[d-themes.com/html/riode/vendor/sticky/sticky.min.js]
[d-themes.com/html/riode/js/main.min.js]
[d-themes.com/html/riode/demo14.html]
[d-themes.com/html/riode/vendor/fontawesome-free/webfonts/fa-brands-400.eot]
[d-themes.com/html/riode/vendor/fontawesome-free/webfonts/fa-brands-400d41d.eot]
[d-themes.com/html/riode/vendor/fontawesome-free/webfonts/fa-brands-400.woff]
[d-themes.com/html/riode/vendor/fontawesome-free/webfonts/fa-brands-400.ttf]
[d-themes.com/html/riode/vendor/fontawesome-free/webfonts/fa-regular-400.eot]
[d-themes.com/html/riode/vendor/fontawesome-free/webfonts/fa-regular-400d41d.eot]
[d-themes.com/html/riode/vendor/fontawesome-free/webfonts/fa-regular-400.woff2]
[d-themes.com/html/riode/vendor/fontawesome-free/webfonts/fa-regular-400.woff]
[d-themes.com/html/riode/vendor/fontawesome-free/webfonts/fa-regular-400.ttf]
[d-themes.com/html/riode/vendor/fontawesome-free/webfonts/fa-solid-900.eot]
[d-themes.com/html/riode/vendor/fontawesome-free/webfonts/fa-solid-900d41d.eot]
[d-themes.com/html/riode/vendor/fontawesome-free/webfonts/fa-solid-900.woff]
[d-themes.com/html/riode/vendor/fontawesome-free/webfonts/fa-solid-900.ttf]
[d-themes.com/html/riode/vendor/fontawesome-free/css/all.min.css]
[d-themes.com/html/riode/vendor/animate/animate.min.css]
[d-themes.com/html/riode/vendor/magnific-popup/magnific-popup.min.css]
[d-themes.com/html/riode/vendor/owl-carousel/owl.carousel.min.css]
[d-themes.com/html/riode/vendor/sticky-icon/stickyicon.css]
[d-themes.com/html/riode/fonts/riode115b.eot]
[d-themes.com/html/riode/fonts/riode115b.woff]
[d-themes.com/html/riode/images/effects/s1.png]
[d-themes.com/html/riode/images/effects/s2.png]
[d-themes.com/html/riode/images/effects/s3.png]
[d-themes.com/html/riode/images/effects/sparkle1.png]
[d-themes.com/html/riode/images/effects/sparkle2.png]
[d-themes.com/html/riode/css/demo14.min.css]
[d-themes.com/html/riode/demo1.html]
[d-themes.com/html/riode/images/logo.png]
[d-themes.com/html/riode/shop.html]
[d-themes.com/html/riode/images/page-header/contact-us.jpg]
[d-themes.com/html/riode/images/subpages/store-1.jpg]
[d-themes.com/html/riode/images/subpages/store-2.jpg]
[d-themes.com/html/riode/images/subpages/store-3.jpg]
[d-themes.com/html/riode/images/subpages/store-4.jpg]
[d-themes.com/html/riode/images/logo-footer.png]
[d-themes.com/html/riode/vendor/jquery.gmap/jquery.gmap.min.js]
[d-themes.com/html/riode/contact-us.html]
[d-themes.com/html/riode/ajax/login.html]
[d-themes.com/html/riode/images/products/product11.jpg]
[d-themes.com/html/riode/images/products/product12.jpg]
[d-themes.com/html/riode/images/products/product13.jpg]
[d-themes.com/html/riode/wishlist.html]
[d-themes.com/html/riode/images/product/product-1-1-580x652.jpg]
[d-themes.com/html/riode/images/product/product-1-2-580x652.jpg]
[d-themes.com/html/riode/images/product/product-1-3-580x652.jpg]
[d-themes.com/html/riode/images/product/product-1-4-580x652.jpg]
[d-themes.com/html/riode/images/product/product-1-1-109x122.jpg]
[d-themes.com/html/riode/images/product/product-1-2-109x122.jpg]
[d-themes.com/html/riode/images/product/product-1-3-109x122.jpg]
[d-themes.com/html/riode/images/product/product-1-4-109x122.jpg]
[d-themes.com/html/riode/images/product/product-thumb-prev.jpg]
[d-themes.com/html/riode/images/product/product-thumb-next.jpg]
[d-themes.com/html/riode/images/product/product.jpg]
[d-themes.com/html/riode/video/memory-of-a-woman.mp4]
[d-themes.com/html/riode/images/product/size_guide.png]
[d-themes.com/html/riode/images/blog/comments/1.jpg]
[d-themes.com/html/riode/images/products/product1.jpg]
[d-themes.com/html/riode/images/products/product3.jpg]
[d-themes.com/html/riode/images/blog/comments/2.jpg]
[d-themes.com/html/riode/images/product/placeholder.png]
[d-themes.com/html/riode/images/product/featured1.jpg]
[d-themes.com/html/riode/images/product/featured2.jpg]
[d-themes.com/html/riode/images/product/featured3.jpg]
[d-themes.com/html/riode/images/product/featured4.jpg]
[d-themes.com/html/riode/vendor/photoswipe/photoswipe.min.js]
[d-themes.com/html/riode/vendor/photoswipe/photoswipe-ui-default.min.js]
[d-themes.com/html/riode/product.html]
[d-themes.com/html/riode/images/products/product18.jpg]
[d-themes.com/html/riode/images/products/product19.jpg]
[d-themes.com/html/riode/cart.html]
[d-themes.com/html/riode/checkout.html]
[d-themes.com/html/riode/images/demos/demo14/shop-banner.jpg]
[d-themes.com/html/riode/vendor/nouislider/nouislider.min.js]
[d-themes.com/html/riode/demo14-shop.html]
[d-themes.com/html/riode/images/shop/page-header-back.jpg]
[d-themes.com/html/riode/images/shop/13.jpg]
[d-themes.com/html/riode/images/shop/1.jpg]
[d-themes.com/html/riode/images/shop/2.jpg]
[d-themes.com/html/riode/images/shop/4.jpg]
[d-themes.com/html/riode/images/shop/14.jpg]
[d-themes.com/html/riode/images/shop/3.jpg]
[d-themes.com/html/riode/images/shop/5.jpg]
[d-themes.com/html/riode/images/shop/12.jpg]
[d-themes.com/html/riode/images/shop/15.jpg]
[d-themes.com/html/riode/images/shop/7.jpg]
[d-themes.com/html/riode/images/shop/8.jpg]
[d-themes.com/html/riode/images/shop/9.jpg]
[d-themes.com/html/riode/shop-classic-filter.html]
[d-themes.com/html/riode/shop-left-toggle-sidebar.html]
[d-themes.com/html/riode/js/main.js]
[d-themes.com/html/riode/shop-right-toggle-sidebar.html]
[d-themes.com/html/riode/shop-horizontal-filter.html]
[d-themes.com/html/riode/shop-navigation-filter.html]
[d-themes.com/html/riode/shop-off-canvas-filter.html]
[d-themes.com/html/riode/images/shop/banner2.jpg]
[d-themes.com/html/riode/images/shop/6.jpg]
[d-themes.com/html/riode/images/shop/10.jpg]
[d-themes.com/html/riode/images/shop/11.jpg]
[d-themes.com/html/riode/shop-top-banner.html]
[d-themes.com/html/riode/images/shop/banner.jpg]
[d-themes.com/html/riode/shop-inner-top-banner.html]
[d-themes.com/html/riode/images/products/product4.jpg]
[d-themes.com/html/riode/images/products/product2.jpg]
[d-themes.com/html/riode/shop-with-bottom-block.html]
[d-themes.com/html/riode/images/categories/cat1.jpg]
[d-themes.com/html/riode/images/categories/cat2.jpg]
[d-themes.com/html/riode/images/categories/cat3.jpg]
[d-themes.com/html/riode/images/categories/cat4.jpg]
[d-themes.com/html/riode/images/categories/cat5.jpg]
[d-themes.com/html/riode/shop-category-in-page-header.html]
[d-themes.com/html/riode/shop-grid-3cols.html]
[d-themes.com/html/riode/images/shop/16.jpg]
[d-themes.com/html/riode/images/shop/17.jpg]
[d-themes.com/html/riode/images/shop/18.jpg]
[d-themes.com/html/riode/images/shop/19.jpg]
[d-themes.com/html/riode/images/shop/20.jpg]
[d-themes.com/html/riode/images/shop/21.jpg]
[d-themes.com/html/riode/shop-grid-4cols.html]
[d-themes.com/html/riode/shop-grid-5cols.html]
[d-themes.com/html/riode/shop-grid-6cols.html]
[d-themes.com/html/riode/shop-grid-7cols.html]
[d-themes.com/html/riode/shop-grid-8cols.html]
[d-themes.com/html/riode/shop-list-mode.html]
[d-themes.com/html/riode/shop-pagination.html]
[d-themes.com/html/riode/shop-infinite-ajaxscroll.html]
[d-themes.com/html/riode/ajax/ajax-shop.html]
[d-themes.com/html/riode/shop-loadmore-button.html]
[d-themes.com/html/riode/images/categories/cat6.jpg]
[d-themes.com/html/riode/images/categories/cat7.jpg]
[d-themes.com/html/riode/images/categories/cat8.jpg]
[d-themes.com/html/riode/images/categories/cat9.jpg]
[d-themes.com/html/riode/images/categories/cat10.jpg]
[d-themes.com/html/riode/images/categories/cat11.jpg]
[d-themes.com/html/riode/images/categories/cat12.jpg]
[d-themes.com/html/riode/shop-category-grid-shop.html]
[d-themes.com/html/riode/shop-category+products.html]
[d-themes.com/html/riode/shop-default-1.html]
[d-themes.com/html/riode/shop-default-2.html]
[d-themes.com/html/riode/shop-default-3.html]
[d-themes.com/html/riode/shop-default-4.html]
[d-themes.com/html/riode/shop-default-5.html]
[d-themes.com/html/riode/shop-default-6.html]
[d-themes.com/html/riode/shop-default-7.html]
[d-themes.com/html/riode/shop-default-8.html]
[d-themes.com/html/riode/images/demos/demo14/product/product-1-580x652.jpg]
[d-themes.com/html/riode/images/demos/demo14/product/product-1-800x900.jpg]
[d-themes.com/html/riode/images/demos/demo14/product/product-2-580x652.jpg]
[d-themes.com/html/riode/images/demos/demo14/product/product-2-800x900.jpg]
[d-themes.com/html/riode/images/demos/demo14/product/product-3-580x652.jpg]
[d-themes.com/html/riode/images/demos/demo14/product/product-3-800x900.jpg]
[d-themes.com/html/riode/images/demos/demo14/product/product-4-580x652.jpg]
[d-themes.com/html/riode/images/demos/demo14/product/product-4-800x900.jpg]
[d-themes.com/html/riode/images/demos/demo14/product/product-5-580x652.jpg]
[d-themes.com/html/riode/images/demos/demo14/product/product-5-800x900.jpg]
[d-themes.com/html/riode/images/demos/demo14/product/product-6-580x652.jpg]
[d-themes.com/html/riode/images/demos/demo14/product/product-6-800x900.jpg]
[d-themes.com/html/riode/images/demos/demo14/product/product-1-137x154.jpg]
[d-themes.com/html/riode/images/demos/demo14/product/product-2-137x154.jpg]
[d-themes.com/html/riode/images/demos/demo14/product/product-3-137x154.jpg]
[d-themes.com/html/riode/images/demos/demo14/product/product-4-137x154.jpg]
[d-themes.com/html/riode/images/demos/demo14/product/product-5-137x154.jpg]
[d-themes.com/html/riode/images/demos/demo14/product/product-6-137x154.jpg]
[d-themes.com/html/riode/images/demos/demo7/products/big1.jpg]
[d-themes.com/html/riode/demo14-product.html]
[d-themes.com/html/riode/images/product/product-2-1-580x652.jpg]
[d-themes.com/html/riode/images/product/product-2-2-580x652.jpg]
[d-themes.com/html/riode/images/product/product-2-3-580x652.jpg]
[d-themes.com/html/riode/images/product/product-2-4-580x652.jpg]
[d-themes.com/html/riode/images/product/product-2-1-109x122.jpg]
[d-themes.com/html/riode/images/product/product-2-2-109x122.jpg]
[d-themes.com/html/riode/images/product/product-2-3-109x122.jpg]
[d-themes.com/html/riode/images/product/product-2-4-109x122.jpg]
[d-themes.com/html/riode/product-simple.html]
[d-themes.com/html/riode/images/product/product-4-1-580x652.jpg]
[d-themes.com/html/riode/images/product/product-4-2-580x652.jpg]
[d-themes.com/html/riode/images/product/product-4-3-580x652.jpg]
[d-themes.com/html/riode/images/product/product-4-4-580x652.jpg]
[d-themes.com/html/riode/images/product/product-4-1-109x122.jpg]
[d-themes.com/html/riode/images/product/product-4-2-109x122.jpg]
[d-themes.com/html/riode/images/product/product-4-3-109x122.jpg]
[d-themes.com/html/riode/images/product/product-4-4-109x122.jpg]
[d-themes.com/html/riode/product-featured.html]
[d-themes.com/html/riode/images/product/product-16-1-600x675.jpg]
[d-themes.com/html/riode/images/product/product-16-2-600x675.jpg]
[d-themes.com/html/riode/images/product/product-16-3-600x675.jpg]
[d-themes.com/html/riode/images/product/product-16-4-600x675.jpg]
[d-themes.com/html/riode/images/product/product-16-1-150x169.jpg]
[d-themes.com/html/riode/images/product/product-16-2-150x169.jpg]
[d-themes.com/html/riode/images/product/product-16-3-150x169.jpg]
[d-themes.com/html/riode/images/product/product-16-4-150x169.jpg]
[d-themes.com/html/riode/images/product/product-16-shoes1.jpg]
[d-themes.com/html/riode/images/product/product-16-shoes2.jpg]
[d-themes.com/html/riode/product-variable-swatch.html]
[d-themes.com/html/riode/images/product/product-17-1-600x675.jpg]
[d-themes.com/html/riode/images/product/product-17-2-600x675.jpg]
[d-themes.com/html/riode/images/product/product-17-3-600x675.jpg]
[d-themes.com/html/riode/images/product/product-17-1-150x169.jpg]
[d-themes.com/html/riode/images/product/product-17-2-150x169.jpg]
[d-themes.com/html/riode/images/product/product-17-3-150x169.jpg]
[d-themes.com/html/riode/images/product/product-17-6-150x169.jpg]
[d-themes.com/html/riode/images/product/product-17-7-150x169.jpg]
[d-themes.com/html/riode/product-grouped.html]
[d-themes.com/html/riode/images/product/product-18-1-600x675.jpg]
[d-themes.com/html/riode/images/product/product-18-2-600x675.jpg]
[d-themes.com/html/riode/images/product/product-18-3-600x675.jpg]
[d-themes.com/html/riode/images/product/product-18-1-150x169.jpg]
[d-themes.com/html/riode/images/product/product-18-2-150x169.jpg]
[d-themes.com/html/riode/images/product/product-18-3-150x169.jpg]
[d-themes.com/html/riode/images/product/product-18-4-150x169.jpg]
[d-themes.com/html/riode/product-external.html]
[d-themes.com/html/riode/images/product/product-19-1-600x675.jpg]
[d-themes.com/html/riode/images/product/product-19-2-600x675.jpg]
[d-themes.com/html/riode/images/product/product-19-3-600x675.jpg]
[d-themes.com/html/riode/images/product/product-19-4-600x675.jpg]
[d-themes.com/html/riode/images/product/product-19-1-150x169.jpg]
[d-themes.com/html/riode/images/product/product-19-2-150x169.jpg]
[d-themes.com/html/riode/images/product/product-19-3-150x169.jpg]
[d-themes.com/html/riode/images/product/product-19-4-150x169.jpg]
[d-themes.com/html/riode/product-in-stock.html]
[d-themes.com/html/riode/images/product/product-20-1-600x675.jpg]
[d-themes.com/html/riode/images/product/product-20-2-600x675.jpg]
[d-themes.com/html/riode/images/product/product-20-3-600x675.jpg]
[d-themes.com/html/riode/images/product/product-20-4-600x675.jpg]
[d-themes.com/html/riode/images/product/product-20-1-150x169.jpg]
[d-themes.com/html/riode/images/product/product-20-2-150x169.jpg]
[d-themes.com/html/riode/images/product/product-20-3-150x169.jpg]
[d-themes.com/html/riode/images/product/product-20-4-150x169.jpg]
[d-themes.com/html/riode/product-out-stock.html]
[d-themes.com/html/riode/images/product/product-21-1-600x675.jpg]
[d-themes.com/html/riode/images/product/product-21-2-600x675.jpg]
[d-themes.com/html/riode/images/product/product-21-3-600x675.jpg]
[d-themes.com/html/riode/images/product/product-21-4-600x675.jpg]
[d-themes.com/html/riode/images/product/product-21-1-150x169.jpg]
[d-themes.com/html/riode/images/product/product-21-2-150x169.jpg]
[d-themes.com/html/riode/images/product/product-21-3-150x169.jpg]
[d-themes.com/html/riode/images/product/product-21-4-150x169.jpg]
[d-themes.com/html/riode/images/product/featured5.jpg]
[d-themes.com/html/riode/images/product/featured6.jpg]
[d-themes.com/html/riode/images/product/featured7.jpg]
[d-themes.com/html/riode/images/product/featured8.jpg]
[d-themes.com/html/riode/product-upsell.html]
[d-themes.com/html/riode/images/product/product-22-1-600x675.jpg]
[d-themes.com/html/riode/images/product/product-22-2-600x675.jpg]
[d-themes.com/html/riode/images/product/product-22-3-600x675.jpg]
[d-themes.com/html/riode/images/product/product-22-4-600x675.jpg]
[d-themes.com/html/riode/images/product/product-22-1-150x169.jpg]
[d-themes.com/html/riode/images/product/product-22-2-150x169.jpg]
[d-themes.com/html/riode/images/product/product-22-3-150x169.jpg]
[d-themes.com/html/riode/images/product/product-22-4-150x169.jpg]
[d-themes.com/html/riode/product-cross-sell.html]
[d-themes.com/html/riode/product-vertical.html]
[d-themes.com/html/riode/images/product/product-15-1-580x580.jpg]
[d-themes.com/html/riode/images/product/product-15-2-580x580.jpg]
[d-themes.com/html/riode/images/product/product-15-3-580x580.jpg]
[d-themes.com/html/riode/images/product/product-15-4-580x580.jpg]
[d-themes.com/html/riode/images/product/product-15-1-137x137.jpg]
[d-themes.com/html/riode/images/product/product-15-2-137x137.jpg]
[d-themes.com/html/riode/images/product/product-15-3-137x137.jpg]
[d-themes.com/html/riode/images/product/product-15-4-137x137.jpg]
[d-themes.com/html/riode/product-horizontal.html]
[d-themes.com/html/riode/images/product/product-11-1-580x652.jpg]
[d-themes.com/html/riode/images/product/product-11-2-580x652.jpg]
[d-themes.com/html/riode/images/product/product-11-3-580x652.jpg]
[d-themes.com/html/riode/product-gallery.html]
[d-themes.com/html/riode/images/product/product-9-1-580x580.jpg]
[d-themes.com/html/riode/images/product/product-9-2-580x580.jpg]
[d-themes.com/html/riode/images/product/product-9-3-580x580.jpg]
[d-themes.com/html/riode/images/product/product-9-4-580x580.jpg]
[d-themes.com/html/riode/product-grid.html]
[d-themes.com/html/riode/images/product/product-10-1-580x652.jpg]
[d-themes.com/html/riode/images/product/product-10-2-230x258.jpg]
[d-themes.com/html/riode/images/product/product-10-3-330x371.jpg]
[d-themes.com/html/riode/images/product/product-10-4-230x258.jpg]
[d-themes.com/html/riode/images/product/product-10-5-330x371.jpg]
[d-themes.com/html/riode/product-masonry.html]
[d-themes.com/html/riode/images/product/product-13-1-580x580.jpg]
[d-themes.com/html/riode/images/product/product-13-2-580x580.jpg]
[d-themes.com/html/riode/images/product/product-13-3-580x580.jpg]
[d-themes.com/html/riode/images/product/product-13-4-580x580.jpg]
[d-themes.com/html/riode/product-sticky.html]
[d-themes.com/html/riode/images/product/product-14-1-580x580.jpg]
[d-themes.com/html/riode/images/product/product-14-2-580x580.jpg]
[d-themes.com/html/riode/images/product/product-14-3-580x580.jpg]
[d-themes.com/html/riode/images/product/product-14-4-580x580.jpg]
[d-themes.com/html/riode/product-sticky-both.html]
[d-themes.com/html/riode/images/product/product-banner.jpg]
[d-themes.com/html/riode/images/shop/product-widget1.jpg]
[d-themes.com/html/riode/images/shop/product-widget2.jpg]
[d-themes.com/html/riode/images/shop/product-widget3.jpg]
[d-themes.com/html/riode/images/product/product-5-1-580x580.jpg]
[d-themes.com/html/riode/images/product/product-5-1-800x900.jpg]
[d-themes.com/html/riode/images/product/product-5-2-580x580.jpg]
[d-themes.com/html/riode/images/product/product-5-2-800x900.jpg]
[d-themes.com/html/riode/images/product/product-5-3-580x580.jpg]
[d-themes.com/html/riode/images/product/product-5-3-800x900.jpg]
[d-themes.com/html/riode/images/product/product-5-4-580x580.jpg]
[d-themes.com/html/riode/images/product/product-5-4-800x900.jpg]
[d-themes.com/html/riode/images/product/product-5-1-109x122.jpg]
[d-themes.com/html/riode/images/product/product-5-2-109x122.jpg]
[d-themes.com/html/riode/images/product/product-5-3-109x122.jpg]
[d-themes.com/html/riode/images/product/product-5-4-109x122.jpg]
[d-themes.com/html/riode/product-left-sidebar.html]
[d-themes.com/html/riode/images/product/product-6-1-580x580.jpg]
[d-themes.com/html/riode/images/product/product-6-1-800x900.jpg]
[d-themes.com/html/riode/images/product/product-6-2-580x580.jpg]
[d-themes.com/html/riode/images/product/product-6-2-800x900.jpg]
[d-themes.com/html/riode/images/product/product-6-3-580x580.jpg]
[d-themes.com/html/riode/images/product/product-6-3-800x900.jpg]
[d-themes.com/html/riode/images/product/product-6-4-580x580.jpg]
[d-themes.com/html/riode/images/product/product-6-4-800x900.jpg]
[d-themes.com/html/riode/images/product/product-6-1-109x122.jpg]
[d-themes.com/html/riode/images/product/product-6-2-109x122.jpg]
[d-themes.com/html/riode/images/product/product-6-3-109x122.jpg]
[d-themes.com/html/riode/images/product/product-6-4-109x122.jpg]
[d-themes.com/html/riode/product-right-sidebar.html]
[d-themes.com/html/riode/images/product/product-12-1-580x580.jpg]
[d-themes.com/html/riode/images/product/product-12-1-800x900.jpg]
[d-themes.com/html/riode/images/product/product-12-2-580x580.jpg]
[d-themes.com/html/riode/images/product/product-12-2-800x900.jpg]
[d-themes.com/html/riode/images/product/product-12-3-580x580.jpg]
[d-themes.com/html/riode/images/product/product-12-3-800x900.jpg]
[d-themes.com/html/riode/images/product/product-12-4-580x580.jpg]
[d-themes.com/html/riode/images/product/product-12-4-800x900.jpg]
[d-themes.com/html/riode/images/product/product-12-1-137x137.jpg]
[d-themes.com/html/riode/images/product/product-12-2-137x137.jpg]
[d-themes.com/html/riode/images/product/product-12-3-137x137.jpg]
[d-themes.com/html/riode/images/product/product-12-4-137x137.jpg]
[d-themes.com/html/riode/product-full.html]
[d-themes.com/html/riode/images/product/product-3-1-580x652.jpg]
[d-themes.com/html/riode/images/product/product-3-2-580x652.jpg]
[d-themes.com/html/riode/images/product/product-3-3-580x652.jpg]
[d-themes.com/html/riode/images/product/product-3-4-580x652.jpg]
[d-themes.com/html/riode/images/product/product-3-1-109x122.jpg]
[d-themes.com/html/riode/images/product/product-3-2-109x122.jpg]
[d-themes.com/html/riode/images/product/product-3-3-109x122.jpg]
[d-themes.com/html/riode/images/product/product-3-4-109x122.jpg]
[d-themes.com/html/riode/vendor/jquery.plugin/jquery.plugin.min.js]
[d-themes.com/html/riode/vendor/jquery.countdown/jquery.countdown.min.js]
[d-themes.com/html/riode/product-sale.html]
[d-themes.com/html/riode/images/product/product-23-1-600x675.jpg]
[d-themes.com/html/riode/images/product/product-23-2-600x675.jpg]
[d-themes.com/html/riode/images/product/product-23-3-600x675.jpg]
[d-themes.com/html/riode/images/product/product-23-4-600x675.jpg]
[d-themes.com/html/riode/images/product/product-23-1-150x169.jpg]
[d-themes.com/html/riode/images/product/product-23-2-150x169.jpg]
[d-themes.com/html/riode/images/product/product-23-3-150x169.jpg]
[d-themes.com/html/riode/images/product/product-23-4-150x169.jpg]
[d-themes.com/html/riode/product-hurryup.html]
[d-themes.com/html/riode/product-attribute-guide.html]
[d-themes.com/html/riode/images/product/product-7-1-580x652.jpg]
[d-themes.com/html/riode/images/product/product-7-2-580x652.jpg]
[d-themes.com/html/riode/images/product/product-7-3-580x652.jpg]
[d-themes.com/html/riode/images/product/product-7-4-580x652.jpg]
[d-themes.com/html/riode/images/product/product-7-1-109x122.jpg]
[d-themes.com/html/riode/images/product/product-7-2-109x122.jpg]
[d-themes.com/html/riode/images/product/product-7-3-109x122.jpg]
[d-themes.com/html/riode/images/product/product-7-4-109x122.jpg]
[d-themes.com/html/riode/images/product/product-1-600x675.jpg]
[d-themes.com/html/riode/product-sticky-cart.html]
[d-themes.com/html/riode/images/product/product-24-1-600x675.jpg]
[d-themes.com/html/riode/images/product/product-24-2-600x675.jpg]
[d-themes.com/html/riode/images/product/product-24-3-600x675.jpg]
[d-themes.com/html/riode/images/product/product-24-4-600x675.jpg]
[d-themes.com/html/riode/images/product/product-24-1-150x169.jpg]
[d-themes.com/html/riode/images/product/product-24-2-150x169.jpg]
[d-themes.com/html/riode/images/product/product-24-3-150x169.jpg]
[d-themes.com/html/riode/images/product/product-24-4-150x169.jpg]
[d-themes.com/html/riode/product-thumbnail-label.html]
[d-themes.com/html/riode/images/product/product-25-1-600x675.jpg]
[d-themes.com/html/riode/images/product/product-25-2-600x675.jpg]
[d-themes.com/html/riode/images/product/product-25-3-600x675.jpg]
[d-themes.com/html/riode/images/product/product-25-4-600x675.jpg]
[d-themes.com/html/riode/images/product/product-25-1-150x169.jpg]
[d-themes.com/html/riode/images/product/product-25-2-150x169.jpg]
[d-themes.com/html/riode/images/product/product-25-3-150x169.jpg]
[d-themes.com/html/riode/images/product/product-25-4-150x169.jpg]
[d-themes.com/html/riode/product-more-description.html]
[d-themes.com/html/riode/images/product/product-26-1-600x675.jpg]
[d-themes.com/html/riode/images/product/product-26-2-600x675.jpg]
[d-themes.com/html/riode/images/product/product-26-3-600x675.jpg]
[d-themes.com/html/riode/images/product/product-26-4-600x675.jpg]
[d-themes.com/html/riode/images/product/product-26-1-150x169.jpg]
[d-themes.com/html/riode/images/product/product-26-2-150x169.jpg]
[d-themes.com/html/riode/images/product/product-26-3-150x169.jpg]
[d-themes.com/html/riode/images/product/product-26-4-150x169.jpg]
[d-themes.com/html/riode/product-accordion-data.html]
[d-themes.com/html/riode/images/product/product-8-1-580x580.jpg]
[d-themes.com/html/riode/images/product/product-8-2-580x580.jpg]
[d-themes.com/html/riode/images/product/product-8-3-580x580.jpg]
[d-themes.com/html/riode/images/product/product-8-4-580x580.jpg]
[d-themes.com/html/riode/images/product/product-8-1-137x137.jpg]
[d-themes.com/html/riode/images/product/product-8-2-137x137.jpg]
[d-themes.com/html/riode/images/product/product-8-3-137x137.jpg]
[d-themes.com/html/riode/images/product/product-8-4-137x137.jpg]
[d-themes.com/html/riode/product-tabinside.html]
[d-themes.com/html/riode/product-video.html]
[d-themes.com/html/riode/images/product/360-product-1-300x338.jpg]
[d-themes.com/html/riode/vendor/threesixty/threesixty.min.js]
[d-themes.com/html/riode/product-360-degree.html]
[d-themes.com/html/riode/images/page-header/about-us.jpg]
[d-themes.com/html/riode/images/subpages/customer.jpg]
[d-themes.com/html/riode/images/subpages/store.jpg]
[d-themes.com/html/riode/images/subpages/team1.jpg]
[d-themes.com/html/riode/images/subpages/team2.jpg]
[d-themes.com/html/riode/images/subpages/team3.jpg]
[d-themes.com/html/riode/images/subpages/team4.jpg]
[d-themes.com/html/riode/vendor/jquery.count-to/jquery-numerator.min.js]
[d-themes.com/html/riode/about-us.html]
[d-themes.com/html/riode/account.html]
[d-themes.com/html/riode/images/page-header/faq.jpg]
[d-themes.com/html/riode/vendor/parallax/parallax.min.js]
[d-themes.com/html/riode/faq.html]
[d-themes.com/html/riode/images/subpages/404.png]
[d-themes.com/html/riode/error-404.html]
[d-themes.com/html/riode/images/subpages/error-1/404_2_background.jpg]
[d-themes.com/html/riode/images/subpages/error-1/404_2_figure.png]
[d-themes.com/html/riode/vendor/jquery.floating/jquery.floating.min.js]
[d-themes.com/html/riode/error-404-1.html]
[d-themes.com/html/riode/images/subpages/404_3.png]
[d-themes.com/html/riode/error-404-2.html]
[d-themes.com/html/riode/images/subpages/404_4_background.png]
[d-themes.com/html/riode/images/subpages/404_4_figure.png]
[d-themes.com/html/riode/error-404-3.html]
[d-themes.com/html/riode/images/subpages/coming-soon.jpg]
[d-themes.com/html/riode/coming-soon.html]
[d-themes.com/html/riode/images/blog/1_lg.jpg]
[d-themes.com/html/riode/images/blog/2_lg.jpg]
[d-themes.com/html/riode/images/blog/3_lg.jpg]
[d-themes.com/html/riode/images/blog/4_lg.jpg]
[d-themes.com/html/riode/images/blog/1_xs.jpg]
[d-themes.com/html/riode/images/blog/2_xs.jpg]
[d-themes.com/html/riode/images/blog/3_xs.jpg]
[d-themes.com/html/riode/blog-classic.html]
[d-themes.com/html/riode/images/blog/list/1.jpg]
[d-themes.com/html/riode/images/blog/list/2.jpg]
[d-themes.com/html/riode/images/blog/list/3.jpg]
[d-themes.com/html/riode/images/blog/list/4.jpg]
[d-themes.com/html/riode/images/blog/list/5.jpg]
[d-themes.com/html/riode/images/blog/list/6.jpg]
[d-themes.com/html/riode/blog-listing.html]
[d-themes.com/html/riode/images/blog/2col/1.jpg]
[d-themes.com/html/riode/images/blog/2col/2.jpg]
[d-themes.com/html/riode/images/blog/2col/3.jpg]
[d-themes.com/html/riode/images/blog/2col/4.jpg]
[d-themes.com/html/riode/images/blog/2col/5.jpg]
[d-themes.com/html/riode/images/blog/2col/6.jpg]
[d-themes.com/html/riode/blog-grid-2col.html]
[d-themes.com/html/riode/images/blog/3col/1.jpg]
[d-themes.com/html/riode/images/blog/3col/2.jpg]
[d-themes.com/html/riode/images/blog/3col/3.jpg]
[d-themes.com/html/riode/images/blog/3col/4.jpg]
[d-themes.com/html/riode/images/blog/3col/5.jpg]
[d-themes.com/html/riode/images/blog/3col/6.jpg]
[d-themes.com/html/riode/blog-grid-3col.html]
[d-themes.com/html/riode/blog-grid-4col.html]
[d-themes.com/html/riode/images/blog/sidebar/1.jpg]
[d-themes.com/html/riode/images/blog/sidebar/2.jpg]
[d-themes.com/html/riode/images/blog/sidebar/3.jpg]
[d-themes.com/html/riode/images/blog/sidebar/4.jpg]
[d-themes.com/html/riode/images/blog/sidebar/5.jpg]
[d-themes.com/html/riode/images/blog/sidebar/6.jpg]
[d-themes.com/html/riode/blog-grid-sidebar.html]
[d-themes.com/html/riode/images/blog/masonry/2col/1.jpg]
[d-themes.com/html/riode/images/blog/masonry/2col/2.jpg]
[d-themes.com/html/riode/images/blog/masonry/2col/3.jpg]
[d-themes.com/html/riode/images/blog/masonry/2col/4.jpg]
[d-themes.com/html/riode/images/blog/masonry/2col/5.jpg]
[d-themes.com/html/riode/images/blog/masonry/2col/6.jpg]
[d-themes.com/html/riode/blog-masonry-2col.html]
[d-themes.com/html/riode/images/blog/masonry/3col/1.jpg]
[d-themes.com/html/riode/images/blog/masonry/3col/2.jpg]
[d-themes.com/html/riode/images/blog/masonry/3col/3.jpg]
[d-themes.com/html/riode/images/blog/masonry/3col/4.jpg]
[d-themes.com/html/riode/images/blog/masonry/3col/6.jpg]
[d-themes.com/html/riode/images/blog/masonry/3col/5.jpg]
[d-themes.com/html/riode/blog-masonry-3col.html]
[d-themes.com/html/riode/images/blog/masonry/4col/1.jpg]
[d-themes.com/html/riode/images/blog/masonry/4col/2.jpg]
[d-themes.com/html/riode/images/blog/masonry/4col/3.jpg]
[d-themes.com/html/riode/images/blog/masonry/4col/4.jpg]
[d-themes.com/html/riode/images/blog/masonry/4col/5.jpg]
[d-themes.com/html/riode/images/blog/masonry/4col/6.jpg]
[d-themes.com/html/riode/blog-masonry-4col.html]
[d-themes.com/html/riode/images/blog/masonry/sidebar/1.jpg]
[d-themes.com/html/riode/images/blog/masonry/sidebar/2.jpg]
[d-themes.com/html/riode/images/blog/masonry/sidebar/3.jpg]
[d-themes.com/html/riode/images/blog/masonry/sidebar/4.jpg]
[d-themes.com/html/riode/images/blog/masonry/sidebar/5.jpg]
[d-themes.com/html/riode/images/blog/masonry/sidebar/6.jpg]
[d-themes.com/html/riode/blog-masonry-sidebar.html]
[d-themes.com/html/riode/images/blog/mask/1.jpg]
[d-themes.com/html/riode/images/blog/mask/2.jpg]
[d-themes.com/html/riode/images/blog/mask/3.jpg]
[d-themes.com/html/riode/images/blog/mask/4.jpg]
[d-themes.com/html/riode/images/blog/mask/5.jpg]
[d-themes.com/html/riode/images/blog/mask/6.jpg]
[d-themes.com/html/riode/blog-mask-grid.html]
[d-themes.com/html/riode/images/blog/mask/masonry/1.jpg]
[d-themes.com/html/riode/images/blog/mask/masonry/2.jpg]
[d-themes.com/html/riode/images/blog/mask/masonry/3.jpg]
[d-themes.com/html/riode/images/blog/mask/masonry/4.jpg]
[d-themes.com/html/riode/images/blog/mask/masonry/6.jpg]
[d-themes.com/html/riode/images/blog/mask/masonry/5.jpg]
[d-themes.com/html/riode/blog-mask-masonry.html]
[d-themes.com/html/riode/images/blog/single/1.jpg]
[d-themes.com/html/riode/images/blog/single/2.jpg]
[d-themes.com/html/riode/images/blog/single/3.jpg]
[d-themes.com/html/riode/images/blog/single/4.jpg]
[d-themes.com/html/riode/images/blog/single/5.jpg]
[d-themes.com/html/riode/post-single.html]
[d-themes.com/html/riode/login.html]
[d-themes.com/html/riode/order.html]
[d-themes.com/html/riode/shop-list.html]
[d-themes.com/html/riode/shop-banner-sidebar.html]
[d-themes.com/html/riode/shop-boxed-banner.html]
[d-themes.com/html/riode/shop-infinite-scroll.html]
[d-themes.com/html/riode/shop-off-canvas.html]
[d-themes.com/html/riode/shop-right-sidebar.html]
[d-themes.com/html/riode/element.html]
[d-themes.com/html/riode/vendor/codemirror/codemirror.min.js]
[d-themes.com/html/riode/vendor/popup-code/popcode.min.js]
[d-themes.com/html/riode/element-accordions.html]
[d-themes.com/html/riode/element-alerts.html]
[d-themes.com/html/riode/images/elements/banner-effect/entrance/slide1.jpg]
[d-themes.com/html/riode/images/elements/banner-effect/entrance/slide2.jpg]
[d-themes.com/html/riode/images/demos/demo13/slides/1.jpg]
[d-themes.com/html/riode/images/elements/banner-effect/banner-effect.png]
[d-themes.com/html/riode/images/demos/demo19/slides/1.jpg]
[d-themes.com/html/riode/images/demos/demo19/slides/2.jpg]
[d-themes.com/html/riode/element-banner-effect.html]
[d-themes.com/html/riode/images/elements/banner/banner.jpg]
[d-themes.com/html/riode/images/elements/banner/video-banner.jpg]
[d-themes.com/html/riode/images/elements/banner/parallax.jpg]
[d-themes.com/html/riode/element-banner.html]
[d-themes.com/html/riode/images/blog/element/1.jpg]
[d-themes.com/html/riode/images/blog/element/2.jpg]
[d-themes.com/html/riode/images/blog/element/3.jpg]
[d-themes.com/html/riode/images/blog/element/4.jpg]
[d-themes.com/html/riode/images/blog/element/5.jpg]
[d-themes.com/html/riode/images/blog/element/6.jpg]
[d-themes.com/html/riode/images/blog/element/7.jpg]
[d-themes.com/html/riode/images/blog/element/8.jpg]
[d-themes.com/html/riode/images/blog/element/9.jpg]
[d-themes.com/html/riode/images/blog/frame/1.jpg]
[d-themes.com/html/riode/images/blog/frame/2.jpg]
[d-themes.com/html/riode/images/blog/frame/3.jpg]
[d-themes.com/html/riode/element-blog-posts.html]
[d-themes.com/html/riode/element-breadcrumb.html]
[d-themes.com/html/riode/images/elements/buttons/banner.jpg]
[d-themes.com/html/riode/element-buttons.html]
[d-themes.com/html/riode/images/elements/cta/3.jpg]
[d-themes.com/html/riode/images/elements/cta/2.jpg]
[d-themes.com/html/riode/images/elements/cta/1.jpg]
[d-themes.com/html/riode/images/demos/demo1/banners/banner1.jpg]
[d-themes.com/html/riode/images/demos/demo1/banners/banner2.jpg]
[d-themes.com/html/riode/images/demos/demo1/banners/banner3.jpg]
[d-themes.com/html/riode/element-cta.html]
[d-themes.com/html/riode/images/demos/demo-market3/banner/deal-image-37x46.png]
[d-themes.com/html/riode/element-countdown.html]
[d-themes.com/html/riode/images/elements/count/counter/1-1.png]
[d-themes.com/html/riode/images/elements/count/counter/2-1.png]
[d-themes.com/html/riode/images/elements/count/counter/3-1.png]
[d-themes.com/html/riode/images/elements/count/counter/4-1.png]
[d-themes.com/html/riode/images/elements/count/counter/5-1.png]
[d-themes.com/html/riode/element-counter.html]
[d-themes.com/html/riode/images/elements/creative-grid/1.jpg]
[d-themes.com/html/riode/demo27-shop.html]
[d-themes.com/html/riode/images/elements/creative-grid/2.jpg]
[d-themes.com/html/riode/images/elements/creative-grid/1-1.jpg]
[d-themes.com/html/riode/images/elements/creative-grid/4.jpg]
[d-themes.com/html/riode/element-creative-grid.html]
[d-themes.com/html/riode/element-animation.html]
[d-themes.com/html/riode/images/elements/floating/1.png]
[d-themes.com/html/riode/images/elements/floating/float-set1.png]
[d-themes.com/html/riode/images/elements/floating/float-set-1.jpg]
[d-themes.com/html/riode/images/elements/floating/float-set-2.jpg]
[d-themes.com/html/riode/images/elements/floating/float-set3-1.png]
[d-themes.com/html/riode/images/elements/floating/float-set-3.jpg]
[d-themes.com/html/riode/images/elements/floating/float-set-4.jpg]
[d-themes.com/html/riode/vendor/skrollr/skrollr.min.js]
[d-themes.com/html/riode/element-floating.html]
[d-themes.com/html/riode/images/elements/hotspot/hotspot-bg.png]
[d-themes.com/html/riode/images/elements/hotspot/hotspot-2-1-300x338.jpg]
[d-themes.com/html/riode/demo-yoga-product.html]
[d-themes.com/html/riode/images/elements/hotspot/hotspot-2-7-300x338.jpg]
[d-themes.com/html/riode/images/elements/hotspot/hotspot-3-300x338.jpg]
[d-themes.com/html/riode/images/elements/hotspot/hotspot-12-300x338.jpg]
[d-themes.com/html/riode/element-hotspot.html]
[d-themes.com/html/riode/element-icon-boxes.html]
[d-themes.com/html/riode/element-icons.html]
[d-themes.com/html/riode/element-image-box.html]
[d-themes.com/html/riode/images/instagram/1.jpg]
[d-themes.com/html/riode/images/instagram/2.jpg]
[d-themes.com/html/riode/images/instagram/3.jpg]
[d-themes.com/html/riode/images/instagram/4.jpg]
[d-themes.com/html/riode/images/instagram/5.jpg]
[d-themes.com/html/riode/images/instagram/6.jpg]
[d-themes.com/html/riode/images/instagram/7.jpg]
[d-themes.com/html/riode/images/instagram/8.jpg]
[d-themes.com/html/riode/images/instagram/9.jpg]
[d-themes.com/html/riode/images/instagram/10.jpg]
[d-themes.com/html/riode/images/instagram/11.jpg]
[d-themes.com/html/riode/images/instagram/12.jpg]
[d-themes.com/html/riode/images/instagram/13.jpg]
[d-themes.com/html/riode/images/instagram/14.jpg]
[d-themes.com/html/riode/images/instagram/15.jpg]
[d-themes.com/html/riode/images/instagram/16.jpg]
[d-themes.com/html/riode/images/instagram/17.jpg]
[d-themes.com/html/riode/images/instagram/18.jpg]
[d-themes.com/html/riode/images/instagram/19.jpg]
[d-themes.com/html/riode/images/instagram/20.jpg]
[d-themes.com/html/riode/element-instagrams.html]
[d-themes.com/html/riode/images/categories/category1.jpg]
[d-themes.com/html/riode/images/categories/category2.jpg]
[d-themes.com/html/riode/images/categories/category3.jpg]
[d-themes.com/html/riode/images/categories/category4.jpg]
[d-themes.com/html/riode/images/categories/category1.png]
[d-themes.com/html/riode/images/categories/category2.png]
[d-themes.com/html/riode/images/categories/category3.png]
[d-themes.com/html/riode/images/categories/category4.png]
[d-themes.com/html/riode/images/categories/category5.png]
[d-themes.com/html/riode/images/categories/cat13.jpg]
[d-themes.com/html/riode/images/categories/cat14.jpg]
[d-themes.com/html/riode/images/categories/cat15.jpg]
[d-themes.com/html/riode/images/categories/cat16.jpg]
[d-themes.com/html/riode/images/categories/category5.jpg]
[d-themes.com/html/riode/images/categories/category6.jpg]
[d-themes.com/html/riode/images/categories/category7.jpg]
[d-themes.com/html/riode/images/categories/category8.jpg]
[d-themes.com/html/riode/images/categories/cat17.jpg]
[d-themes.com/html/riode/images/categories/cat18.jpg]
[d-themes.com/html/riode/images/categories/cat19.jpg]
[d-themes.com/html/riode/images/categories/cat20.jpg]
[d-themes.com/html/riode/images/categories/category13.jpg]
[d-themes.com/html/riode/images/categories/category14.jpg]
[d-themes.com/html/riode/images/categories/category15.jpg]
[d-themes.com/html/riode/images/categories/category9.jpg]
[d-themes.com/html/riode/images/categories/category10.jpg]
[d-themes.com/html/riode/images/categories/category11.jpg]
[d-themes.com/html/riode/images/categories/category12.jpg]
[d-themes.com/html/riode/images/categories/category16.jpg]
[d-themes.com/html/riode/images/categories/category17.jpg]
[d-themes.com/html/riode/images/categories/category18.jpg]
[d-themes.com/html/riode/element-categories.html]
[d-themes.com/html/riode/images/products/product5.jpg]
[d-themes.com/html/riode/images/products/product6.jpg]
[d-themes.com/html/riode/images/products/product7.jpg]
[d-themes.com/html/riode/images/products/product8.jpg]
[d-themes.com/html/riode/images/products/product9.jpg]
[d-themes.com/html/riode/images/products/product10.jpg]
[d-themes.com/html/riode/images/products/product14.jpg]
[d-themes.com/html/riode/element-products.html]
[d-themes.com/html/riode/images/elements/product-banner/3.jpg]
[d-themes.com/html/riode/images/elements/product-banner/10.jpg]
[d-themes.com/html/riode/images/elements/product-banner/11.jpg]
[d-themes.com/html/riode/images/elements/product-banner/12.jpg]
[d-themes.com/html/riode/images/elements/product-banner/13.jpg]
[d-themes.com/html/riode/images/elements/product-banner/14.jpg]
[d-themes.com/html/riode/images/elements/product-banner/15.jpg]
[d-themes.com/html/riode/images/elements/product-banner/16.jpg]
[d-themes.com/html/riode/images/elements/product-banner/17.jpg]
[d-themes.com/html/riode/images/elements/product-banner/banner-1.jpg]
[d-themes.com/html/riode/images/elements/product-banner/product1.jpg]
[d-themes.com/html/riode/images/elements/product-banner/product2.jpg]
[d-themes.com/html/riode/images/elements/product-banner/product3.jpg]
[d-themes.com/html/riode/images/elements/product-banner/product4.jpg]
[d-themes.com/html/riode/images/elements/product-banner/product5.jpg]
[d-themes.com/html/riode/images/elements/product-banner/product6.jpg]
[d-themes.com/html/riode/images/elements/product-banner/product7.jpg]
[d-themes.com/html/riode/images/elements/product-banner/product8.jpg]
[d-themes.com/html/riode/element-product-banner.html]
[d-themes.com/html/riode/images/elements/product-grid/1.jpg]
[d-themes.com/html/riode/images/elements/product-grid/3.jpg]
[d-themes.com/html/riode/images/elements/product-grid/2.jpg]
[d-themes.com/html/riode/images/elements/product-grid/4.jpg]
[d-themes.com/html/riode/images/elements/product-grid/5.jpg]
[d-themes.com/html/riode/images/elements/product-grid/type2/1-1.jpg]
[d-themes.com/html/riode/images/elements/product-grid/type2/2.jpg]
[d-themes.com/html/riode/images/elements/product-grid/type2/3.jpg]
[d-themes.com/html/riode/images/elements/product-grid/type2/4.jpg]
[d-themes.com/html/riode/images/elements/product-grid/type2/5.jpg]
[d-themes.com/html/riode/images/elements/product-grid/type2/6.jpg]
[d-themes.com/html/riode/images/elements/product-grid/type2/7.jpg]
[d-themes.com/html/riode/vendor/popup-code/popcode.js]
[d-themes.com/html/riode/element-product-grid.html]
[d-themes.com/html/riode/images/elements/product-single/1-318x366.jpg]
[d-themes.com/html/riode/images/elements/product-single/1-800x900.jpg]
[d-themes.com/html/riode/images/elements/product-single/2.jpg]
[d-themes.com/html/riode/images/elements/product-single/3.jpg]
[d-themes.com/html/riode/images/elements/product-single/4.jpg]
[d-themes.com/html/riode/images/elements/product-single/5.jpg]
[d-themes.com/html/riode/images/elements/product-single/6.jpg]
[d-themes.com/html/riode/images/elements/product-single/7.jpg]
[d-themes.com/html/riode/images/elements/product-single/8.jpg]
[d-themes.com/html/riode/images/elements/product-single/9.jpg]
[d-themes.com/html/riode/images/elements/product-single/10.jpg]
[d-themes.com/html/riode/images/elements/product-single/single2.jpg]
[d-themes.com/html/riode/images/elements/product-single/11.jpg]
[d-themes.com/html/riode/images/elements/product-single/12.jpg]
[d-themes.com/html/riode/images/elements/product-single/13.jpg]
[d-themes.com/html/riode/images/elements/product-single/14.jpg]
[d-themes.com/html/riode/images/elements/product-single/15.jpg]
[d-themes.com/html/riode/images/elements/product-single/16.jpg]
[d-themes.com/html/riode/images/elements/product-single/17.jpg]
[d-themes.com/html/riode/element-product-single.html]
[d-themes.com/html/riode/images/elements/product-tab/default-product/2.jpg]
[d-themes.com/html/riode/images/elements/product-tab/default-product/1.jpg]
[d-themes.com/html/riode/images/elements/product-tab/default-product/4.jpg]
[d-themes.com/html/riode/images/elements/product-tab/default-product/3.jpg]
[d-themes.com/html/riode/images/elements/product-tab/default-product/5.jpg]
[d-themes.com/html/riode/images/elements/product-tab/type1/18-1.jpg]
[d-themes.com/html/riode/images/elements/product-tab/type1/18-2.jpg]
[d-themes.com/html/riode/images/elements/product-tab/type1/19-1.jpg]
[d-themes.com/html/riode/images/elements/product-tab/type1/19-2.jpg]
[d-themes.com/html/riode/images/elements/product-tab/type1/20-1.jpg]
[d-themes.com/html/riode/images/elements/product-tab/type1/20-2.jpg]
[d-themes.com/html/riode/images/elements/product-tab/type1/21-1.jpg]
[d-themes.com/html/riode/images/elements/product-tab/type1/21-2.jpg]
[d-themes.com/html/riode/images/elements/product-tab/type1/22-1.jpg]
[d-themes.com/html/riode/images/elements/product-tab/type1/22-2.jpg]
[d-themes.com/html/riode/images/elements/product-tab/type1/23-1.jpg]
[d-themes.com/html/riode/images/elements/product-tab/type1/23-2.jpg]
[d-themes.com/html/riode/images/elements/product-tab/type1/24-1.jpg]
[d-themes.com/html/riode/images/elements/product-tab/type1/24-2.jpg]
[d-themes.com/html/riode/images/elements/product-tab/type1/25-1.jpg]
[d-themes.com/html/riode/images/elements/product-tab/type1/25-2.jpg]
[d-themes.com/html/riode/images/elements/product-tab/type1/26-1.jpg]
[d-themes.com/html/riode/images/elements/product-tab/type1/26-2.jpg]
[d-themes.com/html/riode/images/elements/product-tab/type1/27-1.jpg]
[d-themes.com/html/riode/images/elements/product-tab/type1/27-2.jpg]
[d-themes.com/html/riode/images/elements/product-tab/type2/1.jpg]
[d-themes.com/html/riode/images/elements/product-tab/type2/2.jpg]
[d-themes.com/html/riode/images/elements/product-tab/type2/3.jpg]
[d-themes.com/html/riode/images/elements/product-tab/type2/4.jpg]
[d-themes.com/html/riode/images/elements/product-tab/type2/5.jpg]
[d-themes.com/html/riode/images/elements/product-tab/type2/6.jpg]
[d-themes.com/html/riode/images/elements/product-tab/type2/7.jpg]
[d-themes.com/html/riode/images/elements/product-tab/type2/8.jpg]
[d-themes.com/html/riode/images/elements/product-tab/type2/9.jpg]
[d-themes.com/html/riode/images/elements/product-tab/type2/10.jpg]
[d-themes.com/html/riode/images/elements/product-tab/type2/11.jpg]
[d-themes.com/html/riode/images/elements/product-tab/type2/12.jpg]
[d-themes.com/html/riode/element-product-tab.html]
[d-themes.com/html/riode/images/product/product-1-1-800x900.jpg]
[d-themes.com/html/riode/images/product/product-1-2-800x900.jpg]
[d-themes.com/html/riode/images/product/product-1-3-800x900.jpg]
[d-themes.com/html/riode/images/product/product-1-4-800x900.jpg]
[d-themes.com/html/riode/images/product/product-9-1-800x900.jpg]
[d-themes.com/html/riode/images/product/product-9-2-800x900.jpg]
[d-themes.com/html/riode/images/product/product-9-3-800x900.jpg]
[d-themes.com/html/riode/images/product/product-9-4-800x900.jpg]
[d-themes.com/html/riode/images/product/product-11-1-800x900.jpg]
[d-themes.com/html/riode/images/product/product-11-2-800x900.jpg]
[d-themes.com/html/riode/images/product/product-11-3-800x900.jpg]
[d-themes.com/html/riode/images/elements/single-product/1.jpg]
[d-themes.com/html/riode/images/elements/single-product/2.jpg]
[d-themes.com/html/riode/images/elements/single-product/3.jpg]
[d-themes.com/html/riode/images/elements/single-product/4.jpg]
[d-themes.com/html/riode/element-single-product.html]
[d-themes.com/html/riode/images/elements/slider/big-slide1.png]
[d-themes.com/html/riode/images/elements/slider/big-slide2.png]
[d-themes.com/html/riode/demo31-shop.html]
[d-themes.com/html/riode/images/elements/slider/effect-1-1.png]
[d-themes.com/html/riode/images/elements/slider/effect-1-2.png]
[d-themes.com/html/riode/images/elements/slider/effect-2-1.png]
[d-themes.com/html/riode/element-slider.html]
[d-themes.com/html/riode/element-social-link.html]
[d-themes.com/html/riode/element-subcategory.html]
[d-themes.com/html/riode/images/elements/svg-floating/svg-background.png]
[d-themes.com/html/riode/images/elements/svg-floating/svg.png]
[d-themes.com/html/riode/images/elements/svg-floating/svg-low.png]
[d-themes.com/html/riode/images/elements/svg-floating/svg-high.png]
[d-themes.com/html/riode/element-svg-floating.html]
[d-themes.com/html/riode/element-tabs.html]
[d-themes.com/html/riode/images/agents/1.jpg]
[d-themes.com/html/riode/images/agents/2.jpg]
[d-themes.com/html/riode/images/agents/3.jpg]
[d-themes.com/html/riode/images/agents/4.jpg]
[d-themes.com/html/riode/images/agents/5.jpg]
[d-themes.com/html/riode/images/banner.jpg]
[d-themes.com/html/riode/element-testimonials.html]
[d-themes.com/html/riode/images/elements/titles/1.png]
[d-themes.com/html/riode/element-titles.html]
[d-themes.com/html/riode/element-typography.html]
[d-themes.com/html/riode/vendor1.html]
[d-themes.com/html/riode/images/elements/vendor/product/logo-1.png]
[d-themes.com/html/riode/images/elements/vendor/product/1.jpg]
[d-themes.com/html/riode/images/elements/vendor/product/2.jpg]
[d-themes.com/html/riode/images/elements/vendor/product/3.jpg]
[d-themes.com/html/riode/images/elements/vendor/product/logo-2.png]
[d-themes.com/html/riode/images/elements/vendor/product/4.jpg]
[d-themes.com/html/riode/images/elements/vendor/product/5.jpg]
[d-themes.com/html/riode/images/elements/vendor/product/6.jpg]
[d-themes.com/html/riode/images/elements/vendor/product/logo-3.png]
[d-themes.com/html/riode/images/elements/vendor/product/7.jpg]
[d-themes.com/html/riode/images/elements/vendor/product/8.jpg]
[d-themes.com/html/riode/images/elements/vendor/product/9.jpg]
[d-themes.com/html/riode/images/elements/vendor/product/logo-4.png]
[d-themes.com/html/riode/images/elements/vendor/product/10.jpg]
[d-themes.com/html/riode/images/elements/vendor/product/11.jpg]
[d-themes.com/html/riode/images/elements/vendor/product/12.jpg]
[d-themes.com/html/riode/images/elements/vendor/vendor1-banner.jpg]
[d-themes.com/html/riode/images/elements/vendor/vendor2-banner.jpg]
[d-themes.com/html/riode/images/elements/vendor/vendor3-banner.jpg]
[d-themes.com/html/riode/images/elements/vendor/vendor4-banner.jpg]
[d-themes.com/html/riode/element-vendor.html]
[d-themes.com/html/riode/images/elements/video/1.jpg]
[d-themes.com/html/riode/images/elements/video/slide1.jpg]
[d-themes.com/html/riode/images/elements/video/slide2.jpg]
[d-themes.com/html/riode/images/elements/video/inner-video.jpg]
[d-themes.com/html/riode/element-video.html]
[d-themes.com/html/riode/images/page-header.jpg]
[d-themes.com/html/riode/demo30.html]
[d-themes.com/html/riode/demo6.html]
[d-themes.com/html/riode/js/docs.js]
[d-themes.com/html/riode/documentation.html]
[d-themes.com/html/riode/vendor/fontawesome-free/webfonts/fa-brands-400.svg]
[d-themes.com/html/riode/vendor/fontawesome-free/webfonts/fa-regular-400.svg]
[d-themes.com/html/riode/vendor/fontawesome-free/webfonts/fa-solid-900.svg]
[d-themes.com/html/riode/vendor/owl-carousel/owl.video.play.html]
[d-themes.com/html/images/nav-prev-shadow.html]
[d-themes.com/html/images/nav-next-shadow.html]
[d-themes.com/html/riode/fonts/riode115b.html]
[d-themes.com/html/riode/images/elements.png]
[d-themes.com/html/riode/images/elements/count/2-2.jpg]
[d-themes.com/html/riode/images/elements/count/3-2.jpg]
[d-themes.com/html/riode/images/elements/floating/float-set3.jpg]
[d-themes.com/html/riode/images/elements/floating/float-set4.jpg]
[d-themes.com/html/riode/css/style.min.css]
[d-themes.com/html/riode/images/demos/demo1/slides/slide1.jpg]
[d-themes.com/html/riode/images/demos/demo1/slides/slide2.jpg]
[d-themes.com/html/riode/images/demos/demo1/products/product1.jpg]
[d-themes.com/html/riode/images/demos/demo1/products/product2.jpg]
[d-themes.com/html/riode/images/demos/demo1/products/product3.jpg]
[d-themes.com/html/riode/images/demos/demo1/products/product4.jpg]
[d-themes.com/html/riode/images/demos/demo1/products/product5.jpg]
[d-themes.com/html/riode/images/demos/demo1/products/product6.jpg]
[d-themes.com/html/riode/images/demos/demo1/products/product7.jpg]
[d-themes.com/html/riode/images/demos/demo1/products/product8.jpg]
[d-themes.com/html/riode/images/demos/demo1/products/product9.jpg]
[d-themes.com/html/riode/images/demos/demo1/products/product10.jpg]
[d-themes.com/html/riode/images/demos/demo1/products/product11.jpg]
[d-themes.com/html/riode/images/demos/demo1/products/product12.jpg]
[d-themes.com/html/riode/images/demos/demo1/products/product13.jpg]
[d-themes.com/html/riode/images/demos/demo1/products/product14.jpg]
[d-themes.com/html/riode/images/demos/demo1/products/product15.jpg]
[d-themes.com/html/riode/images/demos/demo1/products/product16.jpg]
[d-themes.com/html/riode/images/demos/demo1/products/product17.jpg]
[d-themes.com/html/riode/images/demos/demo1/products/product18.jpg]
[d-themes.com/html/riode/images/demos/demo1/products/product19.jpg]
[d-themes.com/html/riode/images/demos/demo1/products/product20.jpg]
[d-themes.com/html/riode/images/demos/demo1/products/product21.jpg]
[d-themes.com/html/riode/images/newsletter-popup.jpg]
[d-themes.com/html/riode/demo1.html]
[d-themes.com/html/riode/shop.html]
[d-themes.com/html/riode/vendor/photoswipe/default-skin/default-skin.png]
[d-themes.com/html/riode/vendor/photoswipe/photoswipe.min.css]
[d-themes.com/html/riode/vendor/photoswipe/default-skin/preloader.gif]
[d-themes.com/html/riode/vendor/photoswipe/default-skin/default-skin.min.css]
[d-themes.com/html/riode/shop-grid-3col.html]
[d-themes.com/html/riode/vendor/nouislider/nouislider.min.css]
[d-themes.com/html/riode/shop-lodemore-button.html]
[d-themes.com/html/riode/ajax/ajax-shop.html]
[d-themes.com/html/riode/vendor/threesixty/product-360-gallery.min.css]
[d-themes.com/html/riode/shop-list.html]
[d-themes.com/html/riode/vendor/codemirror/codemirror.css]
[d-themes.com/html/riode/demo27.html]
[d-themes.com/html/riode/images/demos/demo27/logo.png]
[d-themes.com/html/riode/images/demos/demo27/page-header.jpg]
[d-themes.com/html/riode/demo27-product.html]
[d-themes.com/html/riode/images/demos/demo27/shop/1.jpg]
[d-themes.com/html/riode/images/demos/demo27/shop/2.jpg]
[d-themes.com/html/riode/images/demos/demo27/shop/3.jpg]
[d-themes.com/html/riode/images/demos/demo27/shop/4.jpg]
[d-themes.com/html/riode/images/demos/demo27/shop/5.jpg]
[d-themes.com/html/riode/images/demos/demo27/shop/6.jpg]
[d-themes.com/html/riode/images/demos/demo27/shop/7.jpg]
[d-themes.com/html/riode/images/demos/demo27/shop/8.jpg]
[d-themes.com/html/riode/images/demos/demo27/shop/9.jpg]
[d-themes.com/html/riode/images/demos/demo27/shop/10.jpg]
[d-themes.com/html/riode/images/demos/demo27/shop/11.jpg]
[d-themes.com/html/riode/images/demos/demo27/shop/12.jpg]
[d-themes.com/html/riode/images/demos/demo27/logo-footer.png]
[d-themes.com/html/riode/demo27-shop.html]
[d-themes.com/html/riode/demo-yoga.html]
[d-themes.com/html/riode/images/demos/demo-yoga/logo.png]
[d-themes.com/html/riode/demo-yoga-shop.html]
[d-themes.com/html/riode/images/demos/demo-yoga/product/product-bg-1.jpg]
[d-themes.com/html/riode/images/demos/demo-yoga/product/product-bg-2.jpg]
[d-themes.com/html/riode/images/demos/demo-yoga/product/product-bg-3.jpg]
[d-themes.com/html/riode/images/demos/demo-yoga/product/product-bg-4.jpg]
[d-themes.com/html/riode/images/demos/demo-yoga/product/product-sm-1.jpg]
[d-themes.com/html/riode/images/demos/demo-yoga/product/product-sm-2.jpg]
[d-themes.com/html/riode/images/demos/demo-yoga/product/product-sm-3.jpg]
[d-themes.com/html/riode/images/demos/demo-yoga/product/product-sm-4.jpg]
[d-themes.com/html/riode/images/demos/demo-yoga/shop/product1.jpg]
[d-themes.com/html/riode/images/demos/demo-yoga/shop/product2.jpg]
[d-themes.com/html/riode/images/demos/demo-yoga/shop/product3.jpg]
[d-themes.com/html/riode/images/demos/demo-yoga/newsletter.jpg]
[d-themes.com/html/riode/images/demos/demo-yoga/logo-footer.png]
[d-themes.com/html/riode/demo-yoga-product.html]
[d-themes.com/html/riode/demo31.html]
[d-themes.com/html/riode/images/demos/demo31/logo.png]
[d-themes.com/html/riode/demo31-product.html]
[d-themes.com/html/riode/images/demos/demo31/shop/page-header.jpg]
[d-themes.com/html/riode/images/demos/demo31/shop/1.jpg]
[d-themes.com/html/riode/images/demos/demo31/shop/2.jpg]
[d-themes.com/html/riode/images/demos/demo31/shop/4.jpg]
[d-themes.com/html/riode/images/demos/demo31/shop/5.jpg]
[d-themes.com/html/riode/images/demos/demo31/shop/7.jpg]
[d-themes.com/html/riode/images/demos/demo31/shop/8.jpg]
[d-themes.com/html/riode/images/demos/demo31/shop/9.jpg]
[d-themes.com/html/riode/images/demos/demo31/shop/10.jpg]
[d-themes.com/html/riode/images/demos/demo31/shop/11.jpg]
[d-themes.com/html/riode/images/demos/demo31/shop/12.jpg]
[d-themes.com/html/riode/images/demos/demo31/logo-footer.png]
[d-themes.com/html/riode/images/demos/demo31/payment.png]
[d-themes.com/html/riode/demo31-shop.html]
[d-themes.com/html/riode/store-listing.html]
[d-themes.com/html/riode/images/demos/demo-market1/logo.png]
[d-themes.com/html/riode/images/compare/product-1.jpg]
[d-themes.com/html/riode/market1.html]
[d-themes.com/html/riode/images/compare/product-2.jpg]
[d-themes.com/html/riode/compare.html]
[d-themes.com/html/riode/market1-shop.html]
[d-themes.com/html/riode/market1-product.html]
[d-themes.com/html/riode/images/demos/demo-market1/product/5.jpg]
[d-themes.com/html/riode/images/demos/demo-market1/product/9.jpg]
[d-themes.com/html/riode/images/demos/demo-market1/product/6.jpg]
[d-themes.com/html/riode/images/vendor/store/7.jpg]
[d-themes.com/html/riode/images/vendor/store/vendor.png]
[d-themes.com/html/riode/images/demos/demo-market1/product/10.jpg]
[d-themes.com/html/riode/images/demos/demo-market1/product/11.jpg]
[d-themes.com/html/riode/images/demos/demo-market1/product/18.jpg]
[d-themes.com/html/riode/images/demos/demo-market1/product/19.jpg]
[d-themes.com/html/riode/images/demos/demo-market1/product/20.jpg]
[d-themes.com/html/riode/images/demos/demo-market1/product/33.jpg]
[d-themes.com/html/riode/images/demos/demo-market1/product/27.jpg]
[d-themes.com/html/riode/images/demos/demo-market1/product/24.jpg]
[d-themes.com/html/riode/images/demos/demo-market1/product/15.jpg]
[d-themes.com/html/riode/images/demos/demo-market1/product/31.jpg]
[d-themes.com/html/riode/images/demos/demo-market1/product/23.jpg]
[d-themes.com/html/riode/images/demos/demo-market1/product/17.jpg]
[d-themes.com/html/riode/images/demos/demo-market1/footer-logo.png]
[d-themes.com/html/riode/vendor1.html]
[d-themes.com/html/riode/css/docs.min.css]
[d-themes.com/html/riode/demo30-shop.html]
[d-themes.com/html/riode/images/demos/demo30/logo.png]
[d-themes.com/html/riode/images/demos/demo30/slides/floating.png]
[d-themes.com/html/riode/images/demos/demo30/slides/2.jpg]
[d-themes.com/html/riode/images/demos/demo30/banner/2.jpg]
[d-themes.com/html/riode/images/demos/demo30/banner/3.jpg]
[d-themes.com/html/riode/images/demos/demo30/banner/4.jpg]
[d-themes.com/html/riode/images/demos/demo30/banner/5.jpg]
[d-themes.com/html/riode/images/demos/demo30/banner/6.jpg]
[d-themes.com/html/riode/images/demos/demo30/banner/7.jpg]
[d-themes.com/html/riode/images/demos/demo30/banner/8.jpg]
[d-themes.com/html/riode/images/demos/demo30/banner/9.jpg]
[d-themes.com/html/riode/images/demos/demo30/banner/9-1.jpg]
[d-themes.com/html/riode/images/demos/demo30/banner/11.jpg]
[d-themes.com/html/riode/demo30-product.html]
[d-themes.com/html/riode/images/demos/demo30/products/3.jpg]
[d-themes.com/html/riode/images/demos/demo30/products/1.jpg]
[d-themes.com/html/riode/images/demos/demo30/products/2.jpg]
[d-themes.com/html/riode/images/demos/demo30/products/4.jpg]
[d-themes.com/html/riode/images/demos/demo30/products/5.jpg]
[d-themes.com/html/riode/images/demos/demo30/products/14.jpg]
[d-themes.com/html/riode/images/demos/demo30/products/6.jpg]
[d-themes.com/html/riode/images/demos/demo30/products/7.jpg]
[d-themes.com/html/riode/images/demos/demo30/products/8.jpg]
[d-themes.com/html/riode/images/demos/demo30/products/9.jpg]
[d-themes.com/html/riode/images/demos/demo30/blog/1.jpg]
[d-themes.com/html/riode/images/demos/demo30/blog/2.jpg]
[d-themes.com/html/riode/images/demos/demo30/blog/3.jpg]
[d-themes.com/html/riode/images/demos/demo30/blog/4.jpg]
[d-themes.com/html/riode/images/newsletter-popup5.png]
[d-themes.com/html/riode/demo30.html]
[d-themes.com/html/riode/images/demos/demo6/logo.png]
[d-themes.com/html/riode/demo5-product.html]
[d-themes.com/html/riode/images/demos/demo6/slides/1.png]
[d-themes.com/html/riode/images/demos/demo6/slides/1-floating.png]
[d-themes.com/html/riode/images/demos/demo6/slides/2.png]
[d-themes.com/html/riode/images/demos/demo6/slides/2-floating.png]
[d-themes.com/html/riode/demo6-product.html]
[d-themes.com/html/riode/images/demos/demo6/products/1.jpg]
[d-themes.com/html/riode/images/demos/demo6/products/2.jpg]
[d-themes.com/html/riode/images/demos/demo6/products/3.jpg]
[d-themes.com/html/riode/images/demos/demo6/products/4.jpg]
[d-themes.com/html/riode/images/demos/demo6/products/5.jpg]
[d-themes.com/html/riode/images/demos/demo6/products/6.jpg]
[d-themes.com/html/riode/images/demos/demo6/products/7.jpg]
[d-themes.com/html/riode/images/demos/demo6/products/8.jpg]
[d-themes.com/html/riode/images/demos/demo6/products/9.jpg]
[d-themes.com/html/riode/images/demos/demo6/products/10.jpg]
[d-themes.com/html/riode/images/demos/demo6/products/11.jpg]
[d-themes.com/html/riode/images/demos/demo6/products/12.jpg]
[d-themes.com/html/riode/ajax/ajax-products-demo6.html]
[d-themes.com/html/riode/images/newsletter-popup2.jpg]
[d-themes.com/html/riode/demo6.html]
[d-themes.com/html/riode/css/demo1.min.css]
[d-themes.com/html/riode/vendor/photoswipe/default-skin/default-skin.svg]
[d-themes.com/html/riode/ajax/product.html]
[d-themes.com/html/riode/ajax/images/shop/16.html]
[d-themes.com/html/riode/ajax/shop-grid-3col.html]
[d-themes.com/html/riode/ajax/images/shop/11.html]
[d-themes.com/html/riode/ajax/images/shop/6.html]
[d-themes.com/html/riode/ajax/images/shop/17.html]
[d-themes.com/html/riode/ajax/images/shop/18.html]
[d-themes.com/html/riode/ajax/images/shop/19.html]
[d-themes.com/html/riode/css/demo27.min.css]
[d-themes.com/html/riode/images/demos/demo27/slides/1.jpg]
[d-themes.com/html/riode/images/demos/demo27/slides/1-1.jpg]
[d-themes.com/html/riode/images/demos/demo27/banner/2.jpg]
[d-themes.com/html/riode/images/demos/demo27/banner/3.jpg]
[d-themes.com/html/riode/images/demos/demo27/banner/4.jpg]
[d-themes.com/html/riode/images/demos/demo27/products/1.jpg]
[d-themes.com/html/riode/images/demos/demo27/products/2.jpg]
[d-themes.com/html/riode/images/demos/demo27/products/3.jpg]
[d-themes.com/html/riode/images/demos/demo27/products/4.jpg]
[d-themes.com/html/riode/images/demos/demo27/products/5.jpg]
[d-themes.com/html/riode/images/demos/demo27/products/6.jpg]
[d-themes.com/html/riode/images/demos/demo27/products/7.jpg]
[d-themes.com/html/riode/images/demos/demo27/products/8.jpg]
[d-themes.com/html/riode/images/demos/demo27/products/9.jpg]
[d-themes.com/html/riode/images/demos/demo27/products/10.jpg]
[d-themes.com/html/riode/images/demos/demo27/banner/5.jpg]
[d-themes.com/html/riode/images/demos/demo27/banner/6.jpg]
[d-themes.com/html/riode/images/demos/demo27/products/11-1.jpg]
[d-themes.com/html/riode/images/demos/demo27/products/11-2.jpg]
[d-themes.com/html/riode/images/demos/demo27/products/12-1.jpg]
[d-themes.com/html/riode/images/demos/demo27/products/12-2.jpg]
[d-themes.com/html/riode/images/demos/demo27/products/13-1.jpg]
[d-themes.com/html/riode/images/demos/demo27/products/13-2.jpg]
[d-themes.com/html/riode/images/demos/demo27/products/14-1.jpg]
[d-themes.com/html/riode/images/demos/demo27/products/14-2.jpg]
[d-themes.com/html/riode/images/demos/demo27/products/15-1.jpg]
[d-themes.com/html/riode/images/demos/demo27/products/15-2.jpg]
[d-themes.com/html/riode/images/demos/demo27/products/16-1.jpg]
[d-themes.com/html/riode/images/demos/demo27/products/16-2.jpg]
[d-themes.com/html/riode/images/demos/demo27/products/17-1.jpg]
[d-themes.com/html/riode/images/demos/demo27/products/17-2.jpg]
[d-themes.com/html/riode/images/demos/demo27/products/18-1.jpg]
[d-themes.com/html/riode/images/demos/demo27/products/18-2.jpg]
[d-themes.com/html/riode/images/demos/demo27/products/19-1.jpg]
[d-themes.com/html/riode/images/demos/demo27/products/19-2.jpg]
[d-themes.com/html/riode/images/demos/demo27/products/20-1.jpg]
[d-themes.com/html/riode/images/demos/demo27/products/20-2.jpg]
[d-themes.com/html/riode/images/demos/demo27/products/1-1.jpg]
[d-themes.com/html/riode/images/demos/demo27/banner/7.jpg]
[d-themes.com/html/riode/images/demos/demo27/blog/1.jpg]
[d-themes.com/html/riode/images/demos/demo27/blog/2.jpg]
[d-themes.com/html/riode/images/demos/demo27/blog/3.jpg]
[d-themes.com/html/riode/images/demos/demo27/blog/4.jpg]
[d-themes.com/html/riode/demo27.html]
[d-themes.com/html/riode/images/demos/demo27/product/product-1-580x580.jpg]
[d-themes.com/html/riode/images/demos/demo27/product/product-1-900x900.jpg]
[d-themes.com/html/riode/images/demos/demo27/product/product-2-580x580.jpg]
[d-themes.com/html/riode/images/demos/demo27/product/product-2-900x900.jpg]
[d-themes.com/html/riode/images/demos/demo27/product/product-3-580x580.jpg]
[d-themes.com/html/riode/images/demos/demo27/product/product-3-900x900.jpg]
[d-themes.com/html/riode/images/demos/demo27/product/product-4-580x580.jpg]
[d-themes.com/html/riode/images/demos/demo27/product/product-4-900x900.jpg]
[d-themes.com/html/riode/demo27-product.html]
[d-themes.com/html/riode/css/demo-yoga.min.css]
[d-themes.com/html/riode/images/demos/demo-yoga/slides/slide-1-1.jpg]
[d-themes.com/html/riode/images/demos/demo-yoga/slides/slide-1-2.png]
[d-themes.com/html/riode/images/demos/demo-yoga/slides/slide-2.jpg]
[d-themes.com/html/riode/images/demos/demo-yoga/categorys/1.jpg]
[d-themes.com/html/riode/images/demos/demo-yoga/categorys/2.jpg]
[d-themes.com/html/riode/images/demos/demo-yoga/products/1.jpg]
[d-themes.com/html/riode/images/demos/demo-yoga/products/1-1.jpg]
[d-themes.com/html/riode/images/demos/demo-yoga/products/2.jpg]
[d-themes.com/html/riode/images/demos/demo-yoga/products/2-1.jpg]
[d-themes.com/html/riode/images/demos/demo-yoga/products/3.jpg]
[d-themes.com/html/riode/images/demos/demo-yoga/products/3-1.jpg]
[d-themes.com/html/riode/images/demos/demo-yoga/background1.jpg]
[d-themes.com/html/riode/images/demos/demo-yoga/benefit-img.png]
[d-themes.com/html/riode/images/demos/demo-yoga/products/4.jpg]
[d-themes.com/html/riode/images/demos/demo-yoga/products/5.jpg]
[d-themes.com/html/riode/images/demos/demo-yoga/products/6.jpg]
[d-themes.com/html/riode/images/demos/demo-yoga/background2.jpg]
[d-themes.com/html/riode/images/demos/demo-yoga/hotspot.png]
[d-themes.com/html/riode/images/demos/demo-yoga/hotspot/1.jpg]
[d-themes.com/html/riode/images/demos/demo-yoga/hotspot/2.jpg]
[d-themes.com/html/riode/images/demos/demo-yoga/hotspot/3.jpg]
[d-themes.com/html/riode/images/demos/demo-yoga/hotspot/4.jpg]
[d-themes.com/html/riode/images/demos/demo-yoga/hotspot/5.jpg]
[d-themes.com/html/riode/images/demos/demo-yoga/blog/1.jpg]
[d-themes.com/html/riode/images/demos/demo-yoga/blog/2.jpg]
[d-themes.com/html/riode/demo-yoga.html]
[d-themes.com/html/riode/images/demos/demo-yoga/shop/page-top.jpg]
[d-themes.com/html/riode/images/demos/demo-yoga/shop/product4.jpg]
[d-themes.com/html/riode/images/demos/demo-yoga/shop/product5.jpg]
[d-themes.com/html/riode/images/demos/demo-yoga/shop/product6.jpg]
[d-themes.com/html/riode/images/demos/demo-yoga/shop/product7.jpg]
[d-themes.com/html/riode/images/demos/demo-yoga/shop/product8.jpg]
[d-themes.com/html/riode/images/demos/demo-yoga/shop/product9.jpg]
[d-themes.com/html/riode/demo-yoga-shop.html]
[d-themes.com/html/riode/css/demo31.min.css]
[d-themes.com/html/riode/images/demos/demo31/slides/slide1.png]
[d-themes.com/html/riode/images/demos/demo31/slides/slide2.png]
[d-themes.com/html/riode/images/demos/demo31/products/1.jpg]
[d-themes.com/html/riode/images/demos/demo31/products/2.jpg]
[d-themes.com/html/riode/images/demos/demo31/products/3.jpg]
[d-themes.com/html/riode/images/demos/demo31/products/4.jpg]
[d-themes.com/html/riode/images/demos/demo31/products/5.jpg]
[d-themes.com/html/riode/images/demos/demo31/products/6.jpg]
[d-themes.com/html/riode/images/demos/demo31/categories/1.jpg]
[d-themes.com/html/riode/images/demos/demo31/categories/2.jpg]
[d-themes.com/html/riode/images/demos/demo31/categories/4.jpg]
[d-themes.com/html/riode/images/demos/demo31/categories/5.jpg]
[d-themes.com/html/riode/images/demos/demo31/categories/3.jpg]
[d-themes.com/html/riode/images/demos/demo31/main-product/bg.jpg]
[d-themes.com/html/riode/images/demos/demo31/main-product/1.jpg]
[d-themes.com/html/riode/images/demos/demo31/main-product/1-zoom.jpg]
[d-themes.com/html/riode/images/demos/demo31/banner/1.jpg]
[d-themes.com/html/riode/images/demos/demo31/banner/2.jpg]
[d-themes.com/html/riode/images/demos/demo31/agents/1.png]
[d-themes.com/html/riode/images/demos/demo31/agents/2.png]
[d-themes.com/html/riode/images/demos/demo31/agents/3.png]
[d-themes.com/html/riode/images/demos/demo31/blog/1.jpg]
[d-themes.com/html/riode/images/demos/demo31/blog/2.jpg]
[d-themes.com/html/riode/images/demos/demo31/blog/3.jpg]
[d-themes.com/html/riode/demo31.html]
[d-themes.com/html/riode/images/demos/demo7/product/product-1-580x580.jpg]
[d-themes.com/html/riode/images/demos/demo7/product/product-2-580x580.jpg]
[d-themes.com/html/riode/images/demos/demo7/product/product-3-580x580.jpg]
[d-themes.com/html/riode/images/demos/demo7/product/product-4-580x580.jpg]
[d-themes.com/html/riode/images/demos/demo7/shop/1.jpg]
[d-themes.com/html/riode/images/demos/demo7/shop/2.jpg]
[d-themes.com/html/riode/images/demos/demo7/shop/4.jpg]
[d-themes.com/html/riode/demo7-product.html]
[d-themes.com/html/riode/images/demos/demo7/shop/5.jpg]
[d-themes.com/html/riode/demo31-product.html]
[d-themes.com/html/riode/css/market1.min.css]
[d-themes.com/html/riode/demo7.html]
[d-themes.com/html/riode/store-listing1.html]
[d-themes.com/html/riode/images/vendor/store/1.jpg]
[d-themes.com/html/riode/images/vendor/avatar/1.jpg]
[d-themes.com/html/riode/images/vendor/store/2.jpg]
[d-themes.com/html/riode/images/vendor/avatar/2.jpg]
[d-themes.com/html/riode/images/vendor/store/3.jpg]
[d-themes.com/html/riode/images/vendor/avatar/3.jpg]
[d-themes.com/html/riode/images/vendor/store/4.jpg]
[d-themes.com/html/riode/images/vendor/avatar/4.jpg]
[d-themes.com/html/riode/images/vendor/store/5.jpg]
[d-themes.com/html/riode/images/vendor/avatar/5.jpg]
[d-themes.com/html/riode/images/vendor/store/6.jpg]
[d-themes.com/html/riode/images/vendor/avatar/6.jpg]
[d-themes.com/html/riode/store-listing.html]
[d-themes.com/html/riode/images/demos/demo-market1/slides/1.jpg]
[d-themes.com/html/riode/images/demos/demo-market1/slides/2.jpg]
[d-themes.com/html/riode/images/demos/demo-market1/slides/3.jpg]
[d-themes.com/html/riode/images/demos/demo-market1/banner/1.jpg]
[d-themes.com/html/riode/images/demos/demo-market1/banner/2.jpg]
[d-themes.com/html/riode/images/demos/demo-market1/product/1-318x366.jpg]
[d-themes.com/html/riode/images/demos/demo-market1/product/1-800x900.jpg]
[d-themes.com/html/riode/images/demos/demo-market1/product/2.jpg]
[d-themes.com/html/riode/images/demos/demo-market1/product/3.jpg]
[d-themes.com/html/riode/images/demos/demo-market1/product/4.jpg]
[d-themes.com/html/riode/images/demos/demo-market1/product/7.jpg]
[d-themes.com/html/riode/images/demos/demo-market1/product/8.jpg]
[d-themes.com/html/riode/images/demos/demo-market1/category/1.png]
[d-themes.com/html/riode/images/demos/demo-market1/category/2.png]
[d-themes.com/html/riode/images/demos/demo-market1/category/3.png]
[d-themes.com/html/riode/images/demos/demo-market1/category/4.png]
[d-themes.com/html/riode/images/demos/demo-market1/category/5.png]
[d-themes.com/html/riode/images/demos/demo-market1/category/6.png]
[d-themes.com/html/riode/images/demos/demo-market1/category/7.png]
[d-themes.com/html/riode/images/demos/demo-market1/category/8.png]
[d-themes.com/html/riode/images/demos/demo-market1/category/9.png]
[d-themes.com/html/riode/images/demos/demo-market1/category/10.png]
[d-themes.com/html/riode/images/demos/demo-market1/category/11.png]
[d-themes.com/html/riode/images/demos/demo-market1/category/12.png]
[d-themes.com/html/riode/images/demos/demo-market1/category/13.png]
[d-themes.com/html/riode/images/demos/demo-market1/vendor/logo-1.png]
[d-themes.com/html/riode/images/demos/demo-market1/vendor/1.jpg]
[d-themes.com/html/riode/images/demos/demo-market1/vendor/2.jpg]
[d-themes.com/html/riode/images/demos/demo-market1/vendor/3.jpg]
[d-themes.com/html/riode/images/demos/demo-market1/vendor/logo-2.png]
[d-themes.com/html/riode/images/demos/demo-market1/vendor/4.jpg]
[d-themes.com/html/riode/images/demos/demo-market1/vendor/5.jpg]
[d-themes.com/html/riode/images/demos/demo-market1/vendor/6.jpg]
[d-themes.com/html/riode/images/demos/demo-market1/vendor/logo-3.png]
[d-themes.com/html/riode/images/demos/demo-market1/vendor/7.jpg]
[d-themes.com/html/riode/images/demos/demo-market1/vendor/8.jpg]
[d-themes.com/html/riode/images/demos/demo-market1/vendor/9.jpg]
[d-themes.com/html/riode/images/demos/demo-market1/vendor/logo-4.png]
[d-themes.com/html/riode/images/demos/demo-market1/vendor/10.jpg]
[d-themes.com/html/riode/images/demos/demo-market1/vendor/11.jpg]
[d-themes.com/html/riode/images/demos/demo-market1/vendor/12.jpg]
[d-themes.com/html/riode/images/demos/demo-market1/banner/3.jpg]
[d-themes.com/html/riode/images/demos/demo-market1/product/12.jpg]
[d-themes.com/html/riode/images/demos/demo-market1/product/13.jpg]
[d-themes.com/html/riode/images/demos/demo-market1/product/14.jpg]
[d-themes.com/html/riode/images/demos/demo-market1/product/16.jpg]
[d-themes.com/html/riode/images/demos/demo-market1/category/14.jpg]
[d-themes.com/html/riode/images/demos/demo-market1/category/15.jpg]
[d-themes.com/html/riode/images/demos/demo-market1/banner/4.jpg]
[d-themes.com/html/riode/images/demos/demo-market1/product/21.jpg]
[d-themes.com/html/riode/images/demos/demo-market1/product/22.jpg]
[d-themes.com/html/riode/images/demos/demo-market1/product/25.jpg]
[d-themes.com/html/riode/images/demos/demo-market1/banner/5.jpg]
[d-themes.com/html/riode/images/demos/demo-market1/banner/6.jpg]
[d-themes.com/html/riode/images/demos/demo-market1/product/26.jpg]
[d-themes.com/html/riode/images/demos/demo-market1/product/28.jpg]
[d-themes.com/html/riode/images/demos/demo-market1/product/29.jpg]
[d-themes.com/html/riode/images/demos/demo-market1/product/30.jpg]
[d-themes.com/html/riode/images/demos/demo-market1/product/32.jpg]
[d-themes.com/html/riode/images/demos/demo-market1/product/34.jpg]
[d-themes.com/html/riode/images/demos/demo-market1/product/35.jpg]
[d-themes.com/html/riode/images/demos/demo-market1/product/36.jpg]
[d-themes.com/html/riode/images/demos/demo-market1/product/37.jpg]
[d-themes.com/html/riode/images/demos/demo-market1/product/38.jpg]
[d-themes.com/html/riode/images/demos/demo-market1/banner/7.jpg]
[d-themes.com/html/riode/images/demos/demo-market1/brand/1.jpg]
[d-themes.com/html/riode/images/demos/demo-market1/brand/2.jpg]
[d-themes.com/html/riode/images/demos/demo-market1/brand/3.jpg]
[d-themes.com/html/riode/images/demos/demo-market1/brand/4.jpg]
[d-themes.com/html/riode/images/demos/demo-market1/brand/5.jpg]
[d-themes.com/html/riode/images/demos/demo-market1/brand/6.jpg]
[d-themes.com/html/riode/images/demos/demo-market1/brand/7.jpg]
[d-themes.com/html/riode/images/demos/demo-market1/brand/8.jpg]
[d-themes.com/html/riode/images/demos/demo-market1/brand/9.jpg]
[d-themes.com/html/riode/images/demos/demo-market1/brand/10.jpg]
[d-themes.com/html/riode/images/demos/demo-market1/brand/11.jpg]
[d-themes.com/html/riode/images/demos/demo-market1/brand/12.jpg]
[d-themes.com/html/riode/images/demos/demo-market1/blog/1.jpg]
[d-themes.com/html/riode/images/demos/demo-market1/blog/2.jpg]
[d-themes.com/html/riode/images/demos/demo-market1/blog/3.jpg]
[d-themes.com/html/riode/images/demos/demo-market1/blog/4.jpg]
[d-themes.com/html/riode/images/demos/demo-market1/product/39.jpg]
[d-themes.com/html/riode/images/demos/demo-market1/product/40.jpg]
[d-themes.com/html/riode/images/demos/demo-market1/product/41.jpg]
[d-themes.com/html/riode/images/demos/demo-market1/product/42.jpg]
[d-themes.com/html/riode/images/demos/demo-market1/product/43.jpg]
[d-themes.com/html/riode/images/demos/demo-market1/product/44.jpg]
[d-themes.com/html/riode/images/demos/demo-market1/product/45.jpg]
[d-themes.com/html/riode/images/demos/demo-market1/product/46.jpg]
[d-themes.com/html/riode/market1.html]
[d-themes.com/html/riode/vendor/compare/compare.min.js]
[d-themes.com/html/riode/compare.html]
[d-themes.com/html/riode/images/demos/demo-market1/banner/shopbanner.jpg]
[d-themes.com/html/riode/images/demos/demo-market1/brand/shop/1.jpg]
[d-themes.com/html/riode/images/demos/demo-market1/brand/shop/2.jpg]
[d-themes.com/html/riode/images/demos/demo-market1/brand/shop/3.jpg]
[d-themes.com/html/riode/images/demos/demo-market1/brand/shop/4.jpg]
[d-themes.com/html/riode/images/demos/demo-market1/brand/shop/5.jpg]
[d-themes.com/html/riode/images/demos/demo-market1/brand/shop/6.jpg]
[d-themes.com/html/riode/images/demos/demo-market1/brand/shop/7.jpg]
[d-themes.com/html/riode/market1-shop.html]
[d-themes.com/html/riode/images/demos/demo-market1/products/1-504x567.jpg]
[d-themes.com/html/riode/images/demos/demo-market1/products/2-504x567.jpg]
[d-themes.com/html/riode/images/demos/demo-market1/products/3-504x567.jpg]
[d-themes.com/html/riode/images/demos/demo-market1/products/4-504x567.jpg]
[d-themes.com/html/riode/images/demos/demo-market1/products/1-118x135.jpg]
[d-themes.com/html/riode/images/demos/demo-market1/products/2-118x135.jpg]
[d-themes.com/html/riode/images/demos/demo-market1/products/3-118x135.jpg]
[d-themes.com/html/riode/images/demos/demo-market1/products/4-118x135.jpg]
[d-themes.com/html/riode/market1-product.html]
[d-themes.com/html/riode/css/demo30.min.css]
[d-themes.com/html/riode/images/demos/demo30/page-header.jpg]
[d-themes.com/html/riode/images/demos/demo30/shop/1.jpg]
[d-themes.com/html/riode/images/demos/demo30/shop/2.jpg]
[d-themes.com/html/riode/images/demos/demo30/shop/3.jpg]
[d-themes.com/html/riode/images/demos/demo30/shop/4.jpg]
[d-themes.com/html/riode/images/demos/demo30/shop/5.jpg]
[d-themes.com/html/riode/images/demos/demo30/shop/6.jpg]
[d-themes.com/html/riode/images/demos/demo30/shop/7.jpg]
[d-themes.com/html/riode/images/demos/demo30/shop/8.jpg]
[d-themes.com/html/riode/images/demos/demo30/shop/9.jpg]
[d-themes.com/html/riode/images/demos/demo30/shop/10.jpg]
[d-themes.com/html/riode/images/demos/demo30/shop/11.jpg]
[d-themes.com/html/riode/images/demos/demo30/shop/12.jpg]
[d-themes.com/html/riode/demo30-shop.html]
[d-themes.com/html/riode/images/demos/demo30/product/product-1-580x652.jpg]
[d-themes.com/html/riode/images/demos/demo30/product/product-1-800x900.jpg]
[d-themes.com/html/riode/images/demos/demo30/product/product-2-580x652.jpg]
[d-themes.com/html/riode/images/demos/demo30/product/product-2-800x900.jpg]
[d-themes.com/html/riode/images/demos/demo30/product/product-3-580x652.jpg]
[d-themes.com/html/riode/images/demos/demo30/product/product-3-800x900.jpg]
[d-themes.com/html/riode/images/demos/demo30/product/product-4-580x652.jpg]
[d-themes.com/html/riode/images/demos/demo30/product/product-4-800x900.jpg]
[d-themes.com/html/riode/images/demos/demo30/product/product-1-109x122.jpg]
[d-themes.com/html/riode/images/demos/demo30/product/product-2-109x122.jpg]
[d-themes.com/html/riode/images/demos/demo30/product/product-3-109x122.jpg]
[d-themes.com/html/riode/images/demos/demo30/product/product-4-109x122.jpg]
[d-themes.com/html/riode/demo30-product.html]
[d-themes.com/html/riode/css/demo6.min.css]
[d-themes.com/html/riode/demo5.html]
[d-themes.com/html/riode/images/demos/demo5/logo.png]
[d-themes.com/html/riode/demo5-shop.html]
[d-themes.com/html/riode/images/demos/demo5/product/product-1-580x580.jpg]
[d-themes.com/html/riode/images/demos/demo5/product/product-1-800x900.jpg]
[d-themes.com/html/riode/images/demos/demo5/product/product-2-580x580.jpg]
[d-themes.com/html/riode/images/demos/demo5/product/product-2-800x900.jpg]
[d-themes.com/html/riode/images/demos/demo5/product/product-3-580x580.jpg]
[d-themes.com/html/riode/images/demos/demo5/product/product-3-800x900.jpg]
[d-themes.com/html/riode/images/demos/demo5/product/featured/1.jpg]
[d-themes.com/html/riode/images/demos/demo5/product/featured/2.jpg]
[d-themes.com/html/riode/images/demos/demo5/product/featured/3.jpg]
[d-themes.com/html/riode/images/demos/demo5/product/featured/4.jpg]
[d-themes.com/html/riode/images/demos/demo5/logo-footer.png]
[d-themes.com/html/riode/demo5-product.html]
[d-themes.com/html/riode/images/demos/demo6/product/product-1-580x652.jpg]
[d-themes.com/html/riode/images/demos/demo6/product/product-1-800x900.jpg]
[d-themes.com/html/riode/images/demos/demo6/product/product-2-580x652.jpg]
[d-themes.com/html/riode/images/demos/demo6/product/product-2-800x900.jpg]
[d-themes.com/html/riode/images/demos/demo6/product/product-3-580x652.jpg]
[d-themes.com/html/riode/images/demos/demo6/product/product-3-800x900.jpg]
[d-themes.com/html/riode/images/demos/demo6/product/product-4-580x652.jpg]
[d-themes.com/html/riode/images/demos/demo6/product/product-4-800x900.jpg]
[d-themes.com/html/riode/images/demos/demo6/product/product-5-580x652.jpg]
[d-themes.com/html/riode/images/demos/demo6/product/product-5-800x900.jpg]
[d-themes.com/html/riode/images/demos/demo6/product/product-6-580x652.jpg]
[d-themes.com/html/riode/images/demos/demo6/product/product-6-800x900.jpg]
[d-themes.com/html/riode/images/demos/demo6/product/product-7-580x652.jpg]
[d-themes.com/html/riode/images/demos/demo6/product/product-7-800x900.jpg]
[d-themes.com/html/riode/images/demos/demo6/product/product-1-109x122.jpg]
[d-themes.com/html/riode/images/demos/demo6/product/product-2-109x122.jpg]
[d-themes.com/html/riode/images/demos/demo6/product/product-3-109x122.jpg]
[d-themes.com/html/riode/images/demos/demo6/product/product-4-109x122.jpg]
[d-themes.com/html/riode/images/demos/demo6/product/product-5-109x122.jpg]
[d-themes.com/html/riode/images/demos/demo6/product/product-6-109x122.jpg]
[d-themes.com/html/riode/images/demos/demo6/product/product-7-109x122.jpg]
[d-themes.com/html/riode/demo6-product.html]
[d-themes.com/html/riode/ajax/ajax-products-demo6.html]
[d-themes.com/html/riode/images/demos/demo7/logo.png]
[d-themes.com/html/riode/images/demos/demo7/product/banner.jpg]
[d-themes.com/html/riode/images/demos/demo7/shop/3.jpg]
[d-themes.com/html/riode/images/demos/demo7/footer-logo.png]
[d-themes.com/html/riode/demo7-shop.html]
[d-themes.com/html/riode/images/demos/demo4/payment.png]
[d-themes.com/html/riode/demo7-product.html]
[d-themes.com/html/riode/images/demos/demo7/slides/1.jpg]
[d-themes.com/html/riode/images/demos/demo7/slides/2.jpg]
[d-themes.com/html/riode/images/demos/demo7/categories/1.jpg]
[d-themes.com/html/riode/images/demos/demo7/categories/2.jpg]
[d-themes.com/html/riode/images/demos/demo7/categories/3.jpg]
[d-themes.com/html/riode/images/demos/demo7/categories/4.jpg]
[d-themes.com/html/riode/images/demos/demo7/products/1.jpg]
[d-themes.com/html/riode/images/demos/demo7/products/2.jpg]
[d-themes.com/html/riode/images/demos/demo7/products/3.jpg]
[d-themes.com/html/riode/images/demos/demo7/products/4.jpg]
[d-themes.com/html/riode/images/demos/demo7/products/5.jpg]
[d-themes.com/html/riode/images/demos/demo7/products/6.jpg]
[d-themes.com/html/riode/images/demos/demo7/banners/1.jpg]
[d-themes.com/html/riode/images/demos/demo7/banners/2.jpg]
[d-themes.com/html/riode/images/demos/demo7/products/big2.jpg]
[d-themes.com/html/riode/images/demos/demo7/products/7.jpg]
[d-themes.com/html/riode/images/demos/demo7/products/8.jpg]
[d-themes.com/html/riode/images/demos/demo7/products/9.jpg]
[d-themes.com/html/riode/images/demos/demo7/blog/1.jpg]
[d-themes.com/html/riode/images/demos/demo7/blog/2.jpg]
[d-themes.com/html/riode/images/demos/demo7/blog/3.jpg]
[d-themes.com/html/riode/images/demos/demo7/blog/4.jpg]
[d-themes.com/html/riode/images/demos/demo7/instagram/1.jpg]
[d-themes.com/html/riode/images/demos/demo7/instagram/2.jpg]
[d-themes.com/html/riode/images/demos/demo7/instagram/3.jpg]
[d-themes.com/html/riode/images/demos/demo7/instagram/4.jpg]
[d-themes.com/html/riode/images/demos/demo7/instagram/5.jpg]
[d-themes.com/html/riode/images/demos/demo7/instagram/6.jpg]
[d-themes.com/html/riode/demo7.html]
[d-themes.com/html/riode/images/vendor/store/8.jpg]
[d-themes.com/html/riode/images/vendor/store/9.jpg]
[d-themes.com/html/riode/images/vendor/store/10.jpg]
[d-themes.com/html/riode/images/vendor/store/11.jpg]
[d-themes.com/html/riode/images/vendor/store/12.jpg]
[d-themes.com/html/riode/images/vendor/store/13.jpg]
[d-themes.com/html/riode/store-listing1.html]
[d-themes.com/html/riode/css/demo5.min.css]
[d-themes.com/html/riode/images/menu/banner-3.jpg]
[d-themes.com/html/riode/images/demos/demo5/slides/1.jpg]
[d-themes.com/html/riode/images/demos/demo5/slides/2.jpg]
[d-themes.com/html/riode/images/demos/demo5/slides/3.jpg]
[d-themes.com/html/riode/images/demos/demo5/banners/1.jpg]
[d-themes.com/html/riode/images/demos/demo5/banners/2.jpg]
[d-themes.com/html/riode/images/demos/demo5/banners/3.jpg]
[d-themes.com/html/riode/images/demos/demo5/banners/4.jpg]
[d-themes.com/html/riode/images/demos/demo5/banners/5.jpg]
[d-themes.com/html/riode/images/demos/demo5/products/1.jpg]
[d-themes.com/html/riode/images/demos/demo5/products/2.jpg]
[d-themes.com/html/riode/images/demos/demo5/products/3.jpg]
[d-themes.com/html/riode/images/demos/demo5/products/4.jpg]
[d-themes.com/html/riode/images/demos/demo5/products/5.jpg]
[d-themes.com/html/riode/images/demos/demo5/products/6.jpg]
[d-themes.com/html/riode/images/demos/demo5/products/7.jpg]
[d-themes.com/html/riode/images/demos/demo5/products/8.jpg]
[d-themes.com/html/riode/images/demos/demo5/categories/1.jpg]
[d-themes.com/html/riode/images/demos/demo5/categories/2.jpg]
[d-themes.com/html/riode/images/demos/demo5/categories/3.jpg]
[d-themes.com/html/riode/images/demos/demo5/categories/4.jpg]
[d-themes.com/html/riode/images/demos/demo5/products/9.jpg]
[d-themes.com/html/riode/images/demos/demo5/products/10.jpg]
[d-themes.com/html/riode/images/demos/demo5/products/11.jpg]
[d-themes.com/html/riode/images/demos/demo5/products/12.jpg]
[d-themes.com/html/riode/images/demos/demo5/products/13.jpg]
[d-themes.com/html/riode/images/demos/demo5/products/14.jpg]
[d-themes.com/html/riode/images/demos/demo5/blog/1.jpg]
[d-themes.com/html/riode/images/demos/demo5/blog/2.jpg]
[d-themes.com/html/riode/images/demos/demo5/blog/3.jpg]
[d-themes.com/html/riode/images/demos/demo5/instagrams/1.jpg]
[d-themes.com/html/riode/images/demos/demo5/instagrams/2.jpg]
[d-themes.com/html/riode/images/demos/demo5/instagrams/3.jpg]
[d-themes.com/html/riode/images/demos/demo5/instagrams/4.jpg]
[d-themes.com/html/riode/images/demos/demo5/instagrams/5.jpg]
[d-themes.com/html/riode/images/demos/demo5/instagrams/6.jpg]
[d-themes.com/html/riode/images/demos/demo5/instagrams/7.jpg]
[d-themes.com/html/riode/images/demos/demo5/instagrams/8.jpg]
[d-themes.com/html/riode/demo5.html]
[d-themes.com/html/riode/images/demos/demo5/shop_banner.jpg]
[d-themes.com/html/riode/demo5-shop.html]
[d-themes.com/html/riode/riode.html]
[d-themes.com/html/riode/ajax/demo6-product.html]
[d-themes.com/html/riode/ajax/images/demos/demo6/products/1.html]
[d-themes.com/html/riode/ajax/shop-grid-3cols.html]
[d-themes.com/html/riode/ajax/images/demos/demo6/products/2.html]
[d-themes.com/html/riode/ajax/images/demos/demo6/products/3.html]
[d-themes.com/html/riode/ajax/images/demos/demo6/products/4.html]
[d-themes.com/html/riode/ajax/images/demos/demo6/products/5.html]
[d-themes.com/html/riode/ajax/images/demos/demo6/products/6.html]
[d-themes.com/html/riode/ajax/images/demos/demo6/products/7.html]
[d-themes.com/html/riode/ajax/images/demos/demo6/products/8.html]
[d-themes.com/html/riode/ajax/images/demos/demo6/products/9.html]
[d-themes.com/html/riode/ajax/images/demos/demo6/products/10.html]
[d-themes.com/html/riode/ajax/images/demos/demo6/products/11.html]
[d-themes.com/html/riode/ajax/images/demos/demo6/products/12.html]
[d-themes.com/html/riode/css/demo7.min.css]
[d-themes.com/html/riode/images/demos/demo7/shop/page-header.jpg]
[d-themes.com/html/riode/images/demos/demo7/shop/7.jpg]
[d-themes.com/html/riode/images/demos/demo7/shop/8.jpg]
[d-themes.com/html/riode/images/demos/demo7/shop/9.jpg]
[d-themes.com/html/riode/images/demos/demo7/shop/10.jpg]
[d-themes.com/html/riode/images/demos/demo7/shop/11.jpg]
[d-themes.com/html/riode/images/demos/demo7/shop/12.jpg]
[d-themes.com/html/riode/demo7-shop.html]
