[templates.iqonic.design/prox/html/backend/index.html]
[backblue.gif]
[fade.gif]
[index.html]
[templates.iqonic.design/prox/html/assets/css/backend.min.css]
[templates.iqonic.design/prox/html/assets/vendor/@fortawesome/fontawesome-free/css/all.min.css]
[templates.iqonic.design/prox/html/assets/vendor/line-awesome/dist/line-awesome/css/line-awesome.min.css]
[templates.iqonic.design/prox/html/assets/vendor/remixicon/fonts/remixicon.css]
[templates.iqonic.design/prox/html/assets/vendor/@icon/dripicons/dripicons.css]
[templates.iqonic.design/prox/html/assets/vendor/fullcalendar/core/main.css]
[templates.iqonic.design/prox/html/assets/vendor/fullcalendar/daygrid/main.css]
[templates.iqonic.design/prox/html/assets/vendor/fullcalendar/timegrid/main.css]
[templates.iqonic.design/prox/html/assets/vendor/fullcalendar/list/main.css]
[templates.iqonic.design/prox/html/assets/vendor/mapbox/mapbox-gl.css]
[templates.iqonic.design/prox/html/assets/images/logo.png]
[templates.iqonic.design/prox/html/backend/layout-1.html]
[templates.iqonic.design/prox/html/backend/layout-2.html]
[templates.iqonic.design/prox/html/backend/layout-3.html]
[templates.iqonic.design/prox/html/backend/layout-4.html]
[templates.iqonic.design/prox/html/backend/layout-5.html]
[templates.iqonic.design/prox/html/backend/layout-6.html]
[templates.iqonic.design/prox/html/backend/layout-7.html]
[templates.iqonic.design/prox/html/backend/layout-8.html]
[templates.iqonic.design/prox/html/backend/layout-9.html]
[templates.iqonic.design/prox/html/backend/layout-10.html]
[templates.iqonic.design/prox/html/backend/layout-11.html]
[templates.iqonic.design/prox/html/backend/layout-12.html]
[templates.iqonic.design/prox/html/backend/layout-13.html]
[templates.iqonic.design/prox/html/backend/layout-14.html]
[templates.iqonic.design/prox/html/backend/layout-15.html]
[templates.iqonic.design/prox/html/backend/layout-16.html]
[templates.iqonic.design/prox/html/backend/widget-simple.html]
[templates.iqonic.design/prox/html/backend/widget-chart.html]
[templates.iqonic.design/prox/html/backend/ui-avatars.html]
[templates.iqonic.design/prox/html/backend/ui-alerts.html]
[templates.iqonic.design/prox/html/backend/ui-badges.html]
[templates.iqonic.design/prox/html/backend/ui-breadcrumb.html]
[templates.iqonic.design/prox/html/backend/ui-buttons.html]
[templates.iqonic.design/prox/html/backend/ui-buttons-group.html]
[templates.iqonic.design/prox/html/backend/ui-boxshadow.html]
[templates.iqonic.design/prox/html/backend/ui-colors.html]
[templates.iqonic.design/prox/html/backend/ui-cards.html]
[templates.iqonic.design/prox/html/backend/ui-carousel.html]
[templates.iqonic.design/prox/html/backend/ui-grid.html]
[templates.iqonic.design/prox/html/backend/ui-helper-classes.html]
[templates.iqonic.design/prox/html/backend/ui-images.html]
[templates.iqonic.design/prox/html/backend/ui-list-group.html]
[templates.iqonic.design/prox/html/backend/ui-media-object.html]
[templates.iqonic.design/prox/html/backend/ui-modal.html]
[templates.iqonic.design/prox/html/backend/ui-notifications.html]
[templates.iqonic.design/prox/html/backend/ui-pagination.html]
[templates.iqonic.design/prox/html/backend/ui-popovers.html]
[templates.iqonic.design/prox/html/backend/ui-progressbars.html]
[templates.iqonic.design/prox/html/backend/ui-typography.html]
[templates.iqonic.design/prox/html/backend/ui-tabs.html]
[templates.iqonic.design/prox/html/backend/ui-tooltips.html]
[templates.iqonic.design/prox/html/backend/ui-embed-video.html]
[templates.iqonic.design/prox/html/backend/plugin-rating.html]
[templates.iqonic.design/prox/html/backend/plugin-tree-view.html]
[templates.iqonic.design/prox/html/backend/plugin-sweetalert.html]
[templates.iqonic.design/prox/html/backend/plugin-loader.html]
[templates.iqonic.design/prox/html/backend/form-layout.html]
[templates.iqonic.design/prox/html/backend/form-input-group.html]
[templates.iqonic.design/prox/html/backend/form-validation.html]
[templates.iqonic.design/prox/html/backend/form-switch.html]
[templates.iqonic.design/prox/html/backend/form-chechbox.html]
[templates.iqonic.design/prox/html/backend/form-radio.html]
[templates.iqonic.design/prox/html/backend/form-textarea.html]
[templates.iqonic.design/prox/html/backend/form-datepicker.html]
[templates.iqonic.design/prox/html/backend/form-select.html]
[templates.iqonic.design/prox/html/backend/form-file-uploader.html]
[templates.iqonic.design/prox/html/backend/form-quill.html]
[templates.iqonic.design/prox/html/backend/form-wizard.html]
[templates.iqonic.design/prox/html/backend/form-wizard-validate.html]
[templates.iqonic.design/prox/html/backend/form-wizard-vertical.html]
[templates.iqonic.design/prox/html/backend/tables-basic.html]
[templates.iqonic.design/prox/html/backend/table-data.html]
[templates.iqonic.design/prox/html/backend/table-editable.html]
[templates.iqonic.design/prox/html/backend/table-tree.html]
[templates.iqonic.design/prox/html/backend/icon-dripicons.html]
[templates.iqonic.design/prox/html/backend/icon-fontawesome.html]
[templates.iqonic.design/prox/html/backend/icon-lineawesome.html]
[templates.iqonic.design/prox/html/backend/icon-remixicon.html]
[templates.iqonic.design/prox/html/backend/gallery-grid.html]
[templates.iqonic.design/prox/html/backend/gallery-grid-desc.html]
[templates.iqonic.design/prox/html/backend/gallery-masonry.html]
[templates.iqonic.design/prox/html/backend/gallery-masonry-desc.html]
[templates.iqonic.design/prox/html/backend/gallery-hover-effect.html]
[templates.iqonic.design/prox/html/backend/blog-simple.html]
[templates.iqonic.design/prox/html/backend/blog-grid.html]
[templates.iqonic.design/prox/html/backend/blog-list.html]
[templates.iqonic.design/prox/html/backend/blog-detail.html]
[templates.iqonic.design/prox/html/backend/chart-apex.html]
[templates.iqonic.design/prox/html/backend/chart-am.html]
[templates.iqonic.design/prox/html/backend/chart-morries.html]
[templates.iqonic.design/prox/html/backend/chart-high.html]
[templates.iqonic.design/prox/html/backend/map-google.html]
[templates.iqonic.design/prox/html/backend/map-vector.html]
[templates.iqonic.design/prox/html/backend/auth-sign-in.html]
[templates.iqonic.design/prox/html/backend/auth-sign-up.html]
[templates.iqonic.design/prox/html/backend/auth-recoverpw.html]
[templates.iqonic.design/prox/html/backend/auth-confirm-mail.html]
[templates.iqonic.design/prox/html/backend/auth-lock-screen.html]
[templates.iqonic.design/prox/html/backend/contact-list.html]
[templates.iqonic.design/prox/html/backend/contact-detail.html]
[templates.iqonic.design/prox/html/backend/timeline.html]
[templates.iqonic.design/prox/html/backend/timeline-1.html]
[templates.iqonic.design/prox/html/backend/timeline-2.html]
[templates.iqonic.design/prox/html/backend/timeline-3.html]
[templates.iqonic.design/prox/html/backend/pricing.html]
[templates.iqonic.design/prox/html/backend/pricing-1.html]
[templates.iqonic.design/prox/html/backend/pricing-2.html]
[templates.iqonic.design/prox/html/backend/pricing-3.html]
[templates.iqonic.design/prox/html/backend/pages-error.html]
[templates.iqonic.design/prox/html/backend/pages-error-500.html]
[templates.iqonic.design/prox/html/backend/pages-invoice.html]
[templates.iqonic.design/prox/html/backend/pages-subscribers.html]
[templates.iqonic.design/prox/html/backend/pages-faq.html]
[templates.iqonic.design/prox/html/backend/pages-blank-page.html]
[templates.iqonic.design/prox/html/backend/pages-maintenance.html]
[templates.iqonic.design/prox/html/backend/pages-comingsoon.html]
[templates.iqonic.design/prox/html/assets/images/small/flag-01.png]
[templates.iqonic.design/prox/html/assets/images/small/flag-02.png]
[templates.iqonic.design/prox/html/assets/images/small/flag-03.png]
[templates.iqonic.design/prox/html/assets/images/small/flag-04.png]
[templates.iqonic.design/prox/html/assets/images/small/flag-05.png]
[templates.iqonic.design/prox/html/assets/images/small/flag-06.png]
[templates.iqonic.design/prox/html/assets/images/user/01.jpg]
[templates.iqonic.design/prox/html/assets/images/user/02.jpg]
[templates.iqonic.design/prox/html/assets/images/user/03.jpg]
[templates.iqonic.design/prox/html/assets/images/user/04.jpg]
[templates.iqonic.design/prox/html/assets/images/user/05.jpg]
[templates.iqonic.design/prox/html/assets/images/layouts/layout-9/05.png]
[templates.iqonic.design/prox/html/assets/images/layouts/layout-9/08.png]
[templates.iqonic.design/prox/html/assets/images/layouts/layout-9/06.png]
[templates.iqonic.design/prox/html/assets/images/user/1.jpg]
[templates.iqonic.design/prox/html/backend/privacy-policy.html]
[templates.iqonic.design/prox/html/backend/terms-of-service.html]
[templates.iqonic.design/prox/html/assets/js/flex-tree.min.js]
[templates.iqonic.design/prox/html/assets/js/backend-bundle.min.js]
[templates.iqonic.design/prox/html/assets/js/tree.js]
[templates.iqonic.design/prox/html/assets/js/table-treeview.js]
[templates.iqonic.design/prox/html/assets/js/masonry.pkgd.min.js]
[templates.iqonic.design/prox/html/assets/js/imagesloaded.pkgd.min.js]
[templates.iqonic.design/prox/html/assets/js/mapbox-gl.js]
[templates.iqonic.design/prox/html/assets/js/mapbox.js]
[templates.iqonic.design/prox/html/assets/vendor/fullcalendar/daygrid/main.js]
[templates.iqonic.design/prox/html/assets/vendor/fullcalendar/core/main.js]
[templates.iqonic.design/prox/html/assets/vendor/fullcalendar/timegrid/main.js]
[templates.iqonic.design/prox/html/assets/vendor/fullcalendar/list/main.js]
[templates.iqonic.design/prox/html/assets/js/sweetalert.js]
[templates.iqonic.design/prox/html/assets/js/vector-map-custom.js]
[templates.iqonic.design/prox/html/assets/js/customizer.js]
[templates.iqonic.design/prox/html/assets/js/chart-custom.js]
[templates.iqonic.design/prox/html/assets/js/slider.js]
[templates.iqonic.design/prox/html/backend/index.html]
[templates.iqonic.design/prox/html/assets/js/app.js]
[templates.iqonic.design/prox/html/assets/images/loader.gif]
[templates.iqonic.design/prox/html/assets/images/music-dashboard/realease-song/realease-back.jpg]
[images.pexels.com/photos/262034/pexels-photo-262034e884.jpg]
[templates.iqonic.design/prox/html/assets/css/ajax-loader.gif]
[templates.iqonic.design/prox/html/assets/css/fonts/slick.eot]
[templates.iqonic.design/prox/html/assets/css/fonts/slickd41d.eot]
[templates.iqonic.design/prox/html/assets/css/fonts/slick.woff]
[templates.iqonic.design/prox/html/assets/css/fonts/slick.ttf]
[templates.iqonic.design/prox/html/assets/css/fonts/slick.svg]
[templates.iqonic.design/prox/html/assets/css/owl.video.play.png]
[templates.iqonic.design/prox/html/assets/images/sort_both.png]
[templates.iqonic.design/prox/html/assets/images/sort_asc.png]
[templates.iqonic.design/prox/html/assets/images/sort_desc.png]
[templates.iqonic.design/prox/html/assets/images/sort_asc_disabled.png]
[templates.iqonic.design/prox/html/assets/images/sort_desc_disabled.png]
[templates.iqonic.design/prox/html/assets/css/backend.min.css]
[templates.iqonic.design/prox/html/assets/vendor/@fortawesome/fontawesome-free/css/all.min.css]
[templates.iqonic.design/prox/html/assets/vendor/line-awesome/dist/line-awesome/css/line-awesome.min.css]
[templates.iqonic.design/prox/html/assets/vendor/remixicon/fonts/remixicondf6d.eot]
[templates.iqonic.design/prox/html/assets/vendor/remixicon/fonts/remixicondf6d.woff2]
[templates.iqonic.design/prox/html/assets/vendor/remixicon/fonts/remixicondf6d.woff]
[templates.iqonic.design/prox/html/assets/vendor/remixicon/fonts/remixicondf6d.ttf]
[templates.iqonic.design/prox/html/assets/vendor/remixicon/fonts/remixicon.css]
[templates.iqonic.design/prox/html/assets/vendor/remixicon/fonts/remixicondf6d.svg]
[templates.iqonic.design/prox/html/assets/vendor/@icon/dripicons/dripicons.eot]
[templates.iqonic.design/prox/html/assets/vendor/@icon/dripicons/dripiconsd41d.eot]
[templates.iqonic.design/prox/html/assets/vendor/@icon/dripicons/dripicons.woff]
[templates.iqonic.design/prox/html/assets/vendor/@icon/dripicons/dripicons.ttf]
[templates.iqonic.design/prox/html/assets/vendor/@icon/dripicons/dripicons.css]
[templates.iqonic.design/prox/html/assets/vendor/fullcalendar/core/main.css]
[templates.iqonic.design/prox/html/assets/vendor/fullcalendar/daygrid/main.css]
[templates.iqonic.design/prox/html/assets/vendor/fullcalendar/timegrid/main.css]
[templates.iqonic.design/prox/html/assets/vendor/fullcalendar/list/main.css]
[templates.iqonic.design/prox/html/assets/vendor/mapbox/mapbox-gl.css]
[templates.iqonic.design/prox/html/backend/layout-1.html]
[templates.iqonic.design/prox/html/assets/vendor/@icon/dripicons/dripicons.svg]
[templates.iqonic.design/prox/html/assets/images/logo-icon.png]
[templates.iqonic.design/prox/html/assets/images/layouts/layout-2/background.jpg]
[templates.iqonic.design/prox/html/assets/images/layouts/layout-2/user.jpg]
[templates.iqonic.design/prox/html/assets/images/layouts/layout-2/property-image/06.jpg]
[templates.iqonic.design/prox/html/assets/images/layouts/layout-2/property-image/07.jpg]
[templates.iqonic.design/prox/html/assets/images/layouts/layout-2/property-image/08.jpg]
[templates.iqonic.design/prox/html/assets/images/layouts/layout-2/property-image/10.jpg]
[templates.iqonic.design/prox/html/assets/images/layouts/layout-2/overview-image/01.jpg]
[templates.iqonic.design/prox/html/assets/images/layouts/layout-2/overview-image/02.jpg]
[templates.iqonic.design/prox/html/assets/images/layouts/layout-2/overview-image/03.jpg]
[templates.iqonic.design/prox/html/assets/images/layouts/layout-2/user2.jpg]
[templates.iqonic.design/prox/html/assets/images/layouts/layout-2/user3.jpg]
[templates.iqonic.design/prox/html/assets/images/layouts/layout-2/user4.jpg]
[templates.iqonic.design/prox/html/assets/images/layouts/layout-2/user5.jpg]
[templates.iqonic.design/prox/html/backend/layout-2.html]
[templates.iqonic.design/prox/html/assets/images/logo-white.png]
[templates.iqonic.design/prox/html/assets/images/layouts/layout-3/user-2.jpg]
[templates.iqonic.design/prox/html/assets/images/layouts/layout-3/side-bkg.png]
[templates.iqonic.design/prox/html/assets/images/layouts/layout-3/user-3.jpg]
[templates.iqonic.design/prox/html/assets/images/layouts/layout-3/user-4.jpg]
[templates.iqonic.design/prox/html/assets/images/layouts/layout-3/user-5.jpg]
[templates.iqonic.design/prox/html/assets/images/layouts/layout-3/user-6.jpg]
[templates.iqonic.design/prox/html/assets/images/layouts/layout-3/user-7.jpg]
[templates.iqonic.design/prox/html/assets/images/layouts/layout-3/user-1.jpg]
[templates.iqonic.design/prox/html/assets/images/layouts/layout-3/user-bg.jpg]
[templates.iqonic.design/prox/html/assets/images/layouts/layout-3/prod-1.jpg]
[templates.iqonic.design/prox/html/assets/images/layouts/layout-3/prod-2.jpg]
[templates.iqonic.design/prox/html/assets/images/layouts/layout-3/prod-3.jpg]
[templates.iqonic.design/prox/html/assets/images/layouts/layout-3/prod-4.jpg]
[templates.iqonic.design/prox/html/backend/layout-3.html]
[templates.iqonic.design/prox/html/assets/images/layouts/layout-4/welcome-bg.png]
[templates.iqonic.design/prox/html/assets/images/layouts/layout-4/01.jpg]
[templates.iqonic.design/prox/html/assets/images/layouts/layout-4/02.jpg]
[templates.iqonic.design/prox/html/assets/images/layouts/layout-4/03.jpg]
[templates.iqonic.design/prox/html/assets/images/layouts/layout-4/04.jpg]
[templates.iqonic.design/prox/html/assets/images/user/08.jpg]
[templates.iqonic.design/prox/html/assets/images/user/09.jpg]
[templates.iqonic.design/prox/html/assets/images/user/10.jpg]
[templates.iqonic.design/prox/html/backend/layout-4.html]
[templates.iqonic.design/prox/html/backend/auth-sign-out.html]
[templates.iqonic.design/prox/html/assets/images/layouts/layout-5/card.png]
[templates.iqonic.design/prox/html/assets/images/layouts/layout-5/01.png]
[templates.iqonic.design/prox/html/assets/images/layouts/layout-5/02.png]
[templates.iqonic.design/prox/html/assets/images/icon/20.png]
[templates.iqonic.design/prox/html/assets/images/icon/pdf.png]
[templates.iqonic.design/prox/html/assets/images/icon/21.png]
[templates.iqonic.design/prox/html/assets/images/icon/22.png]
[templates.iqonic.design/prox/html/backend/layout-5.html]
[templates.iqonic.design/prox/html/assets/images/layouts/layout-6/05.png]
[templates.iqonic.design/prox/html/assets/images/layouts/layout-6/08.png]
[templates.iqonic.design/prox/html/assets/images/layouts/layout-6/06.png]
[templates.iqonic.design/prox/html/assets/images/layouts/layout-6/bg-veg.png]
[templates.iqonic.design/prox/html/assets/images/layouts/layout-6/or-1.png]
[templates.iqonic.design/prox/html/assets/images/layouts/layout-6/or-2.png]
[templates.iqonic.design/prox/html/assets/images/layouts/layout-6/or-3.png]
[templates.iqonic.design/prox/html/assets/images/layouts/layout-6/blog-1.jpg]
[templates.iqonic.design/prox/html/assets/images/layouts/layout-6/blog-2.jpg]
[templates.iqonic.design/prox/html/assets/images/layouts/layout-6/blog-3.jpg]
[templates.iqonic.design/prox/html/backend/layout-6.html]
[templates.iqonic.design/prox/html/assets/images/user/user-1.jpg]
[templates.iqonic.design/prox/html/backend/layout-school.html]
[templates.iqonic.design/prox/html/backend/layout-hospital.html]
[templates.iqonic.design/prox/html/backend/layout-hotel.html]
[templates.iqonic.design/prox/html/backend/layout-payment.html]
[templates.iqonic.design/prox/html/backend/layout-restaurant.html]
[templates.iqonic.design/prox/html/assets/images/user/user-2.jpg]
[templates.iqonic.design/prox/html/assets/images/user/user-3.jpg]
[templates.iqonic.design/prox/html/assets/images/icon/08.png]
[templates.iqonic.design/prox/html/assets/images/icon/10.png]
[templates.iqonic.design/prox/html/assets/images/icon/09.png]
[templates.iqonic.design/prox/html/assets/images/icon/13.png]
[templates.iqonic.design/prox/html/backend/layout-7.html]
[templates.iqonic.design/prox/html/assets/images/layouts/layout-8/property-image/01.jpg]
[templates.iqonic.design/prox/html/assets/images/layouts/layout-8/property-image/02.jpg]
[templates.iqonic.design/prox/html/assets/images/layouts/layout-8/property-image/03.jpg]
[templates.iqonic.design/prox/html/assets/images/layouts/layout-8/property-image/04.jpg]
[templates.iqonic.design/prox/html/assets/images/layouts/layout-8/property-image/05.jpg]
[templates.iqonic.design/prox/html/assets/images/layouts/layout-8/slider/b-1.jpg]
[templates.iqonic.design/prox/html/assets/images/layouts/layout-8/slider/b-2.jpg]
[templates.iqonic.design/prox/html/assets/images/layouts/layout-8/slider/b-3.jpg]
[templates.iqonic.design/prox/html/assets/images/layouts/layout-8/overview-image/01.jpg]
[templates.iqonic.design/prox/html/assets/images/layouts/layout-8/overview-image/02.jpg]
[templates.iqonic.design/prox/html/assets/images/layouts/layout-8/overview-image/03.jpg]
[templates.iqonic.design/prox/html/assets/images/layouts/layout-8/text-report.png]
[templates.iqonic.design/prox/html/backend/layout-8.html]
[templates.iqonic.design/prox/html/assets/images/layouts/layout-9/saidbar.png]
[templates.iqonic.design/prox/html/assets/images/layouts/layout-9/prod-1.png]
[templates.iqonic.design/prox/html/assets/images/layouts/layout-9/prod-2.png]
[templates.iqonic.design/prox/html/assets/images/layouts/layout-9/prod-3.png]
[templates.iqonic.design/prox/html/assets/images/layouts/layout-9/prod-4.png]
[templates.iqonic.design/prox/html/assets/images/layouts/layout-9/prod-5.png]
[templates.iqonic.design/prox/html/assets/images/layouts/layout-9/13.png]
[templates.iqonic.design/prox/html/assets/images/layouts/layout-9/04.png]
[templates.iqonic.design/prox/html/assets/images/layouts/layout-9/07.png]
[templates.iqonic.design/prox/html/assets/images/layouts/layout-9/09.png]
[templates.iqonic.design/prox/html/backend/layout-9.html]
[templates.iqonic.design/prox/html/backend/layout-10.html]
[templates.iqonic.design/prox/html/assets/images/user/07.jpg]
[templates.iqonic.design/prox/html/backend/layout-11.html]
[templates.iqonic.design/prox/html/assets/images/layouts/layout-12/11.png]
[templates.iqonic.design/prox/html/assets/images/layouts/layout-12/02.png]
[templates.iqonic.design/prox/html/assets/images/layouts/layout-12/03.png]
[templates.iqonic.design/prox/html/assets/images/layouts/layout-12/04.png]
[templates.iqonic.design/prox/html/assets/images/layouts/layout-12/tab-images/user-bg.jpg]
[templates.iqonic.design/prox/html/assets/images/layouts/layout-12/tab-images/user-1.jpg]
[templates.iqonic.design/prox/html/assets/images/layouts/layout-12/tab-images/user-2.jpg]
[templates.iqonic.design/prox/html/assets/images/layouts/layout-12/tab-images/user-3.jpg]
[templates.iqonic.design/prox/html/assets/images/layouts/layout-12/tab-images/user-4.jpg]
[templates.iqonic.design/prox/html/assets/images/layouts/layout-12/tab-images/user-5.jpg]
[templates.iqonic.design/prox/html/assets/images/layouts/layout-12/tab-images/user-6.jpg]
[templates.iqonic.design/prox/html/assets/images/layouts/layout-12/tab-images/user-7.jpg]
[templates.iqonic.design/prox/html/assets/images/layouts/layout-12/tab-images/prod-1.jpg]
[templates.iqonic.design/prox/html/assets/images/layouts/layout-12/tab-images/prod-2.jpg]
[templates.iqonic.design/prox/html/assets/images/layouts/layout-12/tab-images/prod-3.jpg]
[templates.iqonic.design/prox/html/assets/images/layouts/layout-12/tab-images/prod-4.jpg]
[templates.iqonic.design/prox/html/assets/images/layouts/layout-12/tab-images/01.jpg]
[templates.iqonic.design/prox/html/assets/images/layouts/layout-12/tab-images/02.jpg]
[templates.iqonic.design/prox/html/assets/images/layouts/layout-12/tab-images/03.jpg]
[templates.iqonic.design/prox/html/assets/images/layouts/layout-12/tab-images/04.jpg]
[templates.iqonic.design/prox/html/assets/images/layouts/layout-12/tab-images/s-2.png]
[templates.iqonic.design/prox/html/assets/images/layouts/layout-12/tab-images/s-1.png]
[templates.iqonic.design/prox/html/assets/images/layouts/layout-12/tab-images/t-p-1.jpg]
[templates.iqonic.design/prox/html/assets/images/layouts/layout-12/tab-images/t-p-2.jpg]
[templates.iqonic.design/prox/html/assets/images/layouts/layout-12/tab-images/t-p-3.jpg]
[templates.iqonic.design/prox/html/assets/images/layouts/layout-12/tab-images/t-p-4.jpg]
[templates.iqonic.design/prox/html/assets/images/layouts/layout-12/tab-images/07.png]
[templates.iqonic.design/prox/html/assets/images/layouts/layout-12/tab-images/08.png]
[templates.iqonic.design/prox/html/assets/images/layouts/layout-12/tab-images/09.png]
[templates.iqonic.design/prox/html/assets/images/layouts/layout-12/tab-images/06.png]
[templates.iqonic.design/prox/html/assets/images/layouts/layout-12/tab-images/r-1.png]
[templates.iqonic.design/prox/html/assets/images/layouts/layout-12/tab-images/r-2.png]
[templates.iqonic.design/prox/html/backend/layout-12.html]
[templates.iqonic.design/prox/html/assets/images/layouts/layout-13/product/1.png]
[templates.iqonic.design/prox/html/assets/images/layouts/layout-13/product/2.png]
[templates.iqonic.design/prox/html/assets/images/layouts/layout-13/product/3.png]
[templates.iqonic.design/prox/html/assets/images/layouts/layout-13/product/4.png]
[templates.iqonic.design/prox/html/assets/images/layouts/layout-13/product/5.png]
[templates.iqonic.design/prox/html/assets/images/layouts/layout-13/s-2.png]
[templates.iqonic.design/prox/html/assets/images/layouts/layout-13/s-1.png]
[templates.iqonic.design/prox/html/assets/images/layouts/layout-13/t-p-1.jpg]
[templates.iqonic.design/prox/html/assets/images/layouts/layout-13/t-p-2.jpg]
[templates.iqonic.design/prox/html/assets/images/layouts/layout-13/t-p-3.jpg]
[templates.iqonic.design/prox/html/assets/images/layouts/layout-13/t-p-4.jpg]
[templates.iqonic.design/prox/html/assets/images/layouts/layout-13/07.png]
[templates.iqonic.design/prox/html/assets/images/layouts/layout-13/08.png]
[templates.iqonic.design/prox/html/assets/images/layouts/layout-13/09.png]
[templates.iqonic.design/prox/html/backend/layout-13.html]
[templates.iqonic.design/prox/html/assets/images/layouts/layout-14/profile.png]
[templates.iqonic.design/prox/html/assets/images/layouts/layout-14/medicine.jpg]
[templates.iqonic.design/prox/html/assets/images/layouts/layout-14/r-1.png]
[templates.iqonic.design/prox/html/assets/images/layouts/layout-14/r-2.png]
[templates.iqonic.design/prox/html/backend/layout-14.html]
[templates.iqonic.design/prox/html/assets/images/user/06.jpg]
[templates.iqonic.design/prox/html/assets/images/layouts/layout-15/01.png]
[templates.iqonic.design/prox/html/assets/images/layouts/layout-15/02.png]
[templates.iqonic.design/prox/html/assets/images/layouts/layout-15/post/01.png]
[templates.iqonic.design/prox/html/backend/layout-15.html]
[templates.iqonic.design/prox/html/assets/images/layouts/layout-16/property-bg.png]
[templates.iqonic.design/prox/html/assets/images/layouts/layout-16/user1.png]
[templates.iqonic.design/prox/html/assets/images/layouts/layout-16/user2.png]
[templates.iqonic.design/prox/html/assets/images/layouts/layout-16/user3.png]
[templates.iqonic.design/prox/html/assets/images/layouts/layout-16/user4.png]
[templates.iqonic.design/prox/html/assets/images/layouts/layout-16/property-image/01.png]
[templates.iqonic.design/prox/html/assets/images/layouts/layout-16/property-image/02.png]
[templates.iqonic.design/prox/html/assets/images/layouts/layout-16/property-image/03.png]
[templates.iqonic.design/prox/html/assets/images/layouts/layout-16/property-image/04.png]
[templates.iqonic.design/prox/html/assets/images/layouts/layout-16/overview-image/01.png]
[templates.iqonic.design/prox/html/assets/images/layouts/layout-16/overview-image/02.png]
[templates.iqonic.design/prox/html/assets/images/layouts/layout-16/overview-image/03.png]
[templates.iqonic.design/prox/html/assets/images/layouts/layout-16/overview-image/04.png]
[templates.iqonic.design/prox/html/backend/layout-16.html]
[templates.iqonic.design/prox/html/assets/images/user/11.png]
[templates.iqonic.design/prox/html/backend/widget-simple.html]
[templates.iqonic.design/prox/html/backend/widget-chart.html]
[templates.iqonic.design/prox/html/assets/js/apexcharts.js]
[templates.iqonic.design/prox/html/assets/images/user/i1.jpg]
[templates.iqonic.design/prox/html/backend/ui-avatars.html]
[templates.iqonic.design/prox/html/backend/ui-alerts.html]
[templates.iqonic.design/prox/html/backend/ui-badges.html]
[templates.iqonic.design/prox/html/backend/ui-breadcrumb.html]
[templates.iqonic.design/prox/html/backend/ui-buttons.html]
[templates.iqonic.design/prox/html/backend/ui-buttons-group.html]
[templates.iqonic.design/prox/html/backend/ui-boxshadow.html]
[templates.iqonic.design/prox/html/backend/ui-colors.html]
[templates.iqonic.design/prox/html/assets/images/page-img/07.jpg]
[templates.iqonic.design/prox/html/assets/images/page-img/08.jpg]
[templates.iqonic.design/prox/html/assets/images/page-img/09.jpg]
[templates.iqonic.design/prox/html/backend/ui-cards.html]
[templates.iqonic.design/prox/html/assets/images/small/img-1.jpg]
[templates.iqonic.design/prox/html/backend/ui-carousel.html]
[templates.iqonic.design/prox/html/backend/ui-grid.html]
[templates.iqonic.design/prox/html/backend/ui-helper-classes.html]
[templates.iqonic.design/prox/html/assets/images/page-img/15.jpg]
[templates.iqonic.design/prox/html/assets/images/page-img/16.jpg]
[templates.iqonic.design/prox/html/assets/images/page-img/17.jpg]
[templates.iqonic.design/prox/html/assets/images/page-img/18.jpg]
[templates.iqonic.design/prox/html/assets/images/page-img/19.jpg]
[templates.iqonic.design/prox/html/assets/images/page-img/20.jpg]
[templates.iqonic.design/prox/html/assets/images/page-img/10.jpg]
[templates.iqonic.design/prox/html/assets/images/page-img/11.jpg]
[templates.iqonic.design/prox/html/assets/images/page-img/12.jpg]
[templates.iqonic.design/prox/html/assets/images/page-img/13.jpg]
[templates.iqonic.design/prox/html/assets/images/page-img/14.jpg]
[templates.iqonic.design/prox/html/assets/images/page-img/21.jpg]
[templates.iqonic.design/prox/html/assets/images/page-img/22.jpg]
[templates.iqonic.design/prox/html/assets/images/page-img/23.jpg]
[templates.iqonic.design/prox/html/assets/images/page-img/24.jpg]
[templates.iqonic.design/prox/html/backend/ui-images.html]
[templates.iqonic.design/prox/html/backend/ui-list-group.html]
[templates.iqonic.design/prox/html/backend/ui-media-object.html]
[templates.iqonic.design/prox/html/backend/ui-modal.html]
[templates.iqonic.design/prox/html/backend/ui-notifications.html]
[templates.iqonic.design/prox/html/backend/ui-pagination.html]
[templates.iqonic.design/prox/html/backend/ui-popovers.html]
[templates.iqonic.design/prox/html/backend/ui-progressbars.html]
[templates.iqonic.design/prox/html/backend/ui-typography.html]
[templates.iqonic.design/prox/html/backend/ui-tabs.html]
[templates.iqonic.design/prox/html/backend/ui-tooltips.html]
[templates.iqonic.design/prox/html/backend/ui-embed-video.html]
[templates.iqonic.design/prox/html/backend/plugin-rating.html]
[templates.iqonic.design/prox/html/backend/plugin-tree-view.html]
[templates.iqonic.design/prox/html/backend/plugin-sweetalert.html]
[templates.iqonic.design/prox/html/backend/plugin-loader.html]
[templates.iqonic.design/prox/html/backend/form-layout.html]
[templates.iqonic.design/prox/html/backend/form-input-group.html]
[templates.iqonic.design/prox/html/backend/form-validation.html]
[templates.iqonic.design/prox/html/backend/form-switch.html]
[templates.iqonic.design/prox/html/backend/form-chechbox.html]
[templates.iqonic.design/prox/html/backend/form-radio.html]
[templates.iqonic.design/prox/html/backend/form-textarea.html]
[templates.iqonic.design/prox/html/backend/form-datepicker.html]
[templates.iqonic.design/prox/html/backend/form-select.html]
[templates.iqonic.design/prox/html/backend/form-file-uploader.html]
[templates.iqonic.design/prox/html/backend/form-quill.html]
[templates.iqonic.design/prox/html/backend/images/page-img/img-success.png]
[templates.iqonic.design/prox/html/backend/form-wizard.html]
[templates.iqonic.design/prox/html/backend/form-wizard-validate.html]
[templates.iqonic.design/prox/html/backend/form-wizard-vertical.html]
[templates.iqonic.design/prox/html/backend/tables-basic.html]
[templates.iqonic.design/prox/html/backend/table-data.html]
[templates.iqonic.design/prox/html/backend/table-editable.html]
[templates.iqonic.design/prox/html/backend/table-tree.html]
[templates.iqonic.design/prox/html/backend/icon-dripicons.html]
[templates.iqonic.design/prox/html/backend/icon-fontawesome.html]
[templates.iqonic.design/prox/html/backend/icon-lineawesome.html]
[templates.iqonic.design/prox/html/backend/icon-remixicon.html]
[templates.iqonic.design/prox/html/assets/images/gallery/grid/01.jpg]
[templates.iqonic.design/prox/html/assets/images/gallery/grid/02.jpg]
[templates.iqonic.design/prox/html/assets/images/gallery/grid/03.jpg]
[templates.iqonic.design/prox/html/assets/images/gallery/grid/04.jpg]
[templates.iqonic.design/prox/html/assets/images/gallery/grid/05.jpg]
[templates.iqonic.design/prox/html/assets/images/gallery/grid/06.jpg]
[templates.iqonic.design/prox/html/assets/images/gallery/grid/07.jpg]
[templates.iqonic.design/prox/html/assets/images/gallery/grid/08.jpg]
[templates.iqonic.design/prox/html/assets/images/gallery/grid/09.jpg]
[templates.iqonic.design/prox/html/assets/images/gallery/grid/10.jpg]
[templates.iqonic.design/prox/html/assets/images/gallery/grid/11.jpg]
[templates.iqonic.design/prox/html/assets/images/gallery/grid/12.jpg]
[templates.iqonic.design/prox/html/backend/gallery-grid.html]
[templates.iqonic.design/prox/html/backend/gallery-grid-desc.html]
[templates.iqonic.design/prox/html/assets/images/gallery/masonry/01.jpg]
[templates.iqonic.design/prox/html/assets/images/gallery/masonry/02.jpg]
[templates.iqonic.design/prox/html/assets/images/gallery/masonry/03.jpg]
[templates.iqonic.design/prox/html/assets/images/gallery/masonry/04.jpg]
[templates.iqonic.design/prox/html/assets/images/gallery/masonry/05.jpg]
[templates.iqonic.design/prox/html/assets/images/gallery/masonry/06.jpg]
[templates.iqonic.design/prox/html/assets/images/gallery/masonry/07.jpg]
[templates.iqonic.design/prox/html/assets/images/gallery/masonry/08.jpg]
[templates.iqonic.design/prox/html/assets/images/gallery/masonry/09.jpg]
[templates.iqonic.design/prox/html/assets/images/gallery/masonry/10.jpg]
[templates.iqonic.design/prox/html/assets/images/gallery/masonry/11.jpg]
[templates.iqonic.design/prox/html/assets/images/gallery/masonry/12.jpg]
[templates.iqonic.design/prox/html/backend/gallery-masonry.html]
[templates.iqonic.design/prox/html/backend/gallery-masonry-desc.html]
[templates.iqonic.design/prox/html/assets/images/gallery/hover-effects/01.jpg]
[templates.iqonic.design/prox/html/assets/images/gallery/hover-effects/02.jpg]
[templates.iqonic.design/prox/html/assets/images/gallery/hover-effects/03.jpg]
[templates.iqonic.design/prox/html/assets/images/gallery/hover-effects/04.jpg]
[templates.iqonic.design/prox/html/assets/images/gallery/hover-effects/05.jpg]
[templates.iqonic.design/prox/html/assets/images/gallery/hover-effects/06.jpg]
[templates.iqonic.design/prox/html/assets/images/gallery/hover-effects/07.jpg]
[templates.iqonic.design/prox/html/assets/images/gallery/hover-effects/08.jpg]
[templates.iqonic.design/prox/html/assets/images/gallery/hover-effects/09.jpg]
[templates.iqonic.design/prox/html/assets/images/gallery/hover-effects/10.jpg]
[templates.iqonic.design/prox/html/assets/images/gallery/hover-effects/11.jpg]
[templates.iqonic.design/prox/html/assets/images/gallery/hover-effects/12.jpg]
[templates.iqonic.design/prox/html/backend/gallery-hover-effect.html]
[templates.iqonic.design/prox/html/assets/images/blog/01.jpg]
[templates.iqonic.design/prox/html/assets/images/blog/02.jpg]
[templates.iqonic.design/prox/html/assets/images/blog/03.jpg]
[templates.iqonic.design/prox/html/assets/images/blog/04.jpg]
[templates.iqonic.design/prox/html/assets/images/blog/05.jpg]
[templates.iqonic.design/prox/html/assets/images/blog/06.jpg]
[templates.iqonic.design/prox/html/assets/images/blog/07.jpg]
[templates.iqonic.design/prox/html/backend/blog-simple.html]
[templates.iqonic.design/prox/html/assets/images/blog/08.jpg]
[templates.iqonic.design/prox/html/assets/images/blog/09.jpg]
[templates.iqonic.design/prox/html/assets/images/blog/10.jpg]
[templates.iqonic.design/prox/html/assets/images/blog/11.jpg]
[templates.iqonic.design/prox/html/assets/images/blog/12.jpg]
[templates.iqonic.design/prox/html/assets/images/blog/13.jpg]
[templates.iqonic.design/prox/html/assets/images/blog/14.jpg]
[templates.iqonic.design/prox/html/assets/images/blog/15.jpg]
[templates.iqonic.design/prox/html/backend/blog-grid.html]
[templates.iqonic.design/prox/html/backend/blog-list.html]
[templates.iqonic.design/prox/html/backend/blog-detail.html]
[templates.iqonic.design/prox/html/backend/chart-apex.html]
[templates.iqonic.design/prox/html/backend/chart-am.html]
[templates.iqonic.design/prox/html/backend/chart-morries.html]
[templates.iqonic.design/prox/html/backend/chart-high.html]
[templates.iqonic.design/prox/html/backend/map-google.html]
[templates.iqonic.design/prox/html/backend/map-vector.html]
[templates.iqonic.design/prox/html/assets/images/login/02.png]
[templates.iqonic.design/prox/html/assets/images/login/03.png]
[templates.iqonic.design/prox/html/assets/images/login/01.png]
[templates.iqonic.design/prox/html/backend/auth-sign-in.html]
[templates.iqonic.design/prox/html/backend/auth-sign-up.html]
[templates.iqonic.design/prox/html/backend/auth-recoverpw.html]
[templates.iqonic.design/prox/html/assets/images/login/mail.png]
[templates.iqonic.design/prox/html/backend/auth-confirm-mail.html]
[templates.iqonic.design/prox/html/backend/auth-lock-screen.html]
[templates.iqonic.design/prox/html/backend/contact-list.html]
[templates.iqonic.design/prox/html/assets/images/user/12.jpg]
[templates.iqonic.design/prox/html/backend/contact-detail.html]
[templates.iqonic.design/prox/html/backend/timeline.html]
[templates.iqonic.design/prox/html/backend/timeline-1.html]
[templates.iqonic.design/prox/html/backend/timeline-2.html]
[templates.iqonic.design/prox/html/backend/timeline-3.html]
[templates.iqonic.design/prox/html/backend/pricing.html]
[templates.iqonic.design/prox/html/backend/pricing-1.html]
[templates.iqonic.design/prox/html/backend/pricing-2.html]
[templates.iqonic.design/prox/html/backend/pricing-3.html]
[templates.iqonic.design/prox/html/assets/images/error/404.png]
[templates.iqonic.design/prox/html/backend/pages-error.html]
[templates.iqonic.design/prox/html/assets/images/error/500.png]
[templates.iqonic.design/prox/html/backend/pages-error-500.html]
[templates.iqonic.design/prox/html/backend/pages-invoice.html]
[templates.iqonic.design/prox/html/backend/pages-subscribers.html]
[templates.iqonic.design/prox/html/backend/pages-faq.html]
[templates.iqonic.design/prox/html/backend/pages-blank-page.html]
[templates.iqonic.design/prox/html/assets/images/error/02.png]
[templates.iqonic.design/prox/html/backend/pages-maintenance.html]
[templates.iqonic.design/prox/html/assets/js/countdown.js]
[templates.iqonic.design/prox/html/backend/pages-comingsoon.html]
[templates.iqonic.design/prox/html/backend/privacy-policy.html]
[templates.iqonic.design/prox/html/backend/terms-of-service.html]
[templates.iqonic.design/prox/html/assets/css/ajax-loader.html]
[templates.iqonic.design/prox/html/assets/css/fonts/slick.html]
[templates.iqonic.design/prox/html/assets/css/fonts/slickd41d.html]
[templates.iqonic.design/prox/html/assets/css/fonts/slick-2.html]
[templates.iqonic.design/prox/html/assets/css/fonts/slick-3.html]
[templates.iqonic.design/prox/html/assets/css/fonts/slick-4.html]
[templates.iqonic.design/prox/html/assets/css/owl.video.play.html]
[templates.iqonic.design/prox/html/assets/vendor/remixicon/fonts/remixicondf6d.svg]
[templates.iqonic.design/prox/html/assets/vendor/@icon/dripicons/dripicons.svg]
[templates.iqonic.design/prox/html/backend/auth-sign-out.html]
[templates.iqonic.design/prox/html/backend/layout-school.html]
[templates.iqonic.design/prox/html/backend/layout-hospital.html]
[templates.iqonic.design/prox/html/backend/layout-hotel.html]
[templates.iqonic.design/prox/html/backend/layout-payment.html]
[templates.iqonic.design/prox/html/backend/layout-restaurant.html]
[templates.iqonic.design/prox/html/backend/images/page-img/img-success.html]
