[www.themezaa.com/html/pofo/home-classic-corporate.html]
[backblue.gif]
[fade.gif]
[index.html]
[www.themezaa.com/html/pofo/images/favicon.png]
[www.themezaa.com/html/pofo/images/apple-touch-icon-57x57.png]
[www.themezaa.com/html/pofo/images/apple-touch-icon-72x72.png]
[www.themezaa.com/html/pofo/images/apple-touch-icon-114x114.png]
[www.themezaa.com/html/pofo/css/bootsnav.css]
[www.themezaa.com/html/pofo/css/font-icons.min.css]
[www.themezaa.com/html/pofo/css/theme-vendors.min.css]
[www.themezaa.com/html/pofo/revolution/css/layers.css]
[www.themezaa.com/html/pofo/revolution/css/settings.css]
[www.themezaa.com/html/pofo/revolution/css/navigation.css]
[www.themezaa.com/html/pofo/css/style.css]
[www.themezaa.com/html/pofo/css/responsive.css]
[www.themezaa.com/html/pofo/images/logo.png]
[www.themezaa.com/html/pofo/index.html]
[www.themezaa.com/html/pofo/images/logo-white.png]
[www.themezaa.com/html/pofo/home-classic-innovation-agency.html]
[www.themezaa.com/html/pofo/home-classic-digital-agency.html]
[www.themezaa.com/html/pofo/home-classic-web-agency.html]
[www.themezaa.com/html/pofo/home-classic-one-page.html]
[www.themezaa.com/html/pofo/home-classic-start-up.html]
[www.themezaa.com/html/pofo/home-classic-interactive-agency.html]
[www.themezaa.com/html/pofo/home-classic-business.html]
[www.themezaa.com/html/pofo/home-creative-studio.html]
[www.themezaa.com/html/pofo/home-creative-business.html]
[www.themezaa.com/html/pofo/home-creative-branding-agency.html]
[www.themezaa.com/html/pofo/home-creative-minimalist-portfolio.html]
[www.themezaa.com/html/pofo/home-creative-small-business.html]
[www.themezaa.com/html/pofo/home-creative-designer.html]
[www.themezaa.com/html/pofo/home-creative-agency.html]
[www.themezaa.com/html/pofo/home-portfolio-minimal.html]
[www.themezaa.com/html/pofo/home-portfolio-multiple-carousel.html]
[www.themezaa.com/html/pofo/home-portfolio-centered-slides.html]
[www.themezaa.com/html/pofo/home-portfolio-personal.html]
[www.themezaa.com/html/pofo/home-portfolio-metro.html]
[www.themezaa.com/html/pofo/home-portfolio-full-screen-vertical.html]
[www.themezaa.com/html/pofo/home-portfolio-photographer.html]
[www.themezaa.com/html/pofo/home-portfolio-parallax.html]
[www.themezaa.com/html/pofo/home-blog-grid.html]
[www.themezaa.com/html/pofo/home-blog-masonry.html]
[www.themezaa.com/html/pofo/home-blog-clean.html]
[www.themezaa.com/html/pofo/home-blog-personal.html]
[www.themezaa.com/html/pofo/about-us-simple.html]
[www.themezaa.com/html/pofo/about-us-classic.html]
[www.themezaa.com/html/pofo/about-us-modern.html]
[www.themezaa.com/html/pofo/about-me.html]
[www.themezaa.com/html/pofo/services-simple.html]
[www.themezaa.com/html/pofo/services-classic.html]
[www.themezaa.com/html/pofo/services-modern.html]
[www.themezaa.com/html/pofo/contact-us-simple.html]
[www.themezaa.com/html/pofo/contact-us-classic.html]
[www.themezaa.com/html/pofo/contact-us-classic-02.html]
[www.themezaa.com/html/pofo/contact-us-modern.html]
[www.themezaa.com/html/pofo/team-simple.html]
[www.themezaa.com/html/pofo/team-classic.html]
[www.themezaa.com/html/pofo/our-clients.html]
[www.themezaa.com/html/pofo/404.html]
[www.themezaa.com/html/pofo/coming-soon.html]
[www.themezaa.com/html/pofo/coming-soon-02.html]
[www.themezaa.com/html/pofo/faq.html]
[www.themezaa.com/html/pofo/maintenance.html]
[www.themezaa.com/html/pofo/search-result.html]
[www.themezaa.com/html/pofo/pricing.html]
[www.themezaa.com/html/pofo/portfolio-full-width-grid-overlay.html]
[www.themezaa.com/html/pofo/portfolio-full-width-grid-with-icon.html]
[www.themezaa.com/html/pofo/portfolio-full-width-grid-transform.html]
[www.themezaa.com/html/pofo/portfolio-full-width-grid-zooming.html]
[www.themezaa.com/html/pofo/portfolio-full-width-masonry-overlay.html]
[www.themezaa.com/html/pofo/portfolio-full-width-masonry-with-icon.html]
[www.themezaa.com/html/pofo/portfolio-full-width-metro-overlay.html]
[www.themezaa.com/html/pofo/portfolio-full-width-metro-with-icon.html]
[www.themezaa.com/html/pofo/portfolio-full-width-metro-transform.html]
[www.themezaa.com/html/pofo/portfolio-full-width-metro-zooming.html]
[www.themezaa.com/html/pofo/portfolio-full-width-image-gallery.html]
[www.themezaa.com/html/pofo/portfolio-full-width-justified-gallery.html]
[www.themezaa.com/html/pofo/portfolio-full-width-carousel.html]
[www.themezaa.com/html/pofo/portfolio-full-width-parallax.html]
[www.themezaa.com/html/pofo/portfolio-boxed-grid-overlay.html]
[www.themezaa.com/html/pofo/portfolio-boxed-grid-with-icon.html]
[www.themezaa.com/html/pofo/portfolio-boxed-grid-transform.html]
[www.themezaa.com/html/pofo/portfolio-boxed-grid-zooming.html]
[www.themezaa.com/html/pofo/portfolio-boxed-masonry-overlay.html]
[www.themezaa.com/html/pofo/portfolio-boxed-masonry-with-icon.html]
[www.themezaa.com/html/pofo/portfolio-boxed-metro-overlay.html]
[www.themezaa.com/html/pofo/portfolio-boxed-metro-with-icon.html]
[www.themezaa.com/html/pofo/portfolio-boxed-metro-transform.html]
[www.themezaa.com/html/pofo/portfolio-boxed-metro-zooming.html]
[www.themezaa.com/html/pofo/portfolio-boxed-image-gallery.html]
[www.themezaa.com/html/pofo/portfolio-boxed-justified-gallery.html]
[www.themezaa.com/html/pofo/portfolio-boxed-carousel.html]
[www.themezaa.com/html/pofo/portfolio-boxed-parallax.html]
[www.themezaa.com/html/pofo/single-project-page-01.html]
[www.themezaa.com/html/pofo/single-project-page-02.html]
[www.themezaa.com/html/pofo/single-project-page-03.html]
[www.themezaa.com/html/pofo/single-project-page-04.html]
[www.themezaa.com/html/pofo/single-project-page-05.html]
[www.themezaa.com/html/pofo/single-project-page-06.html]
[www.themezaa.com/html/pofo/single-project-page-07.html]
[www.themezaa.com/html/pofo/single-project-page-08.html]
[www.themezaa.com/html/pofo/portfolio-two-columns.html]
[www.themezaa.com/html/pofo/portfolio-three-columns.html]
[www.themezaa.com/html/pofo/portfolio-four-columns.html]
[www.themezaa.com/html/pofo/images/menu-banner-01.png]
[www.themezaa.com/html/pofo/portfolio-five-columns.html]
[www.themezaa.com/html/pofo/images/menu-banner-02.png]
[www.themezaa.com/html/pofo/blog-standard-full-width.html]
[www.themezaa.com/html/pofo/blog-standard-with-left-sidebar.html]
[www.themezaa.com/html/pofo/blog-standard-with-right-sidebar.html]
[www.themezaa.com/html/pofo/blog-classic.html]
[www.themezaa.com/html/pofo/blog-classic-full-width.html]
[www.themezaa.com/html/pofo/blog-list.html]
[www.themezaa.com/html/pofo/blog-list-full-width.html]
[www.themezaa.com/html/pofo/blog-grid.html]
[www.themezaa.com/html/pofo/blog-grid-full-width.html]
[www.themezaa.com/html/pofo/blog-masonry.html]
[www.themezaa.com/html/pofo/blog-masonry-full-width.html]
[www.themezaa.com/html/pofo/blog-simple.html]
[www.themezaa.com/html/pofo/blog-simple-full-width.html]
[www.themezaa.com/html/pofo/blog-clean.html]
[www.themezaa.com/html/pofo/blog-clean-full-width.html]
[www.themezaa.com/html/pofo/blog-images.html]
[www.themezaa.com/html/pofo/blog-images-full-width.html]
[www.themezaa.com/html/pofo/blog-only-text.html]
[www.themezaa.com/html/pofo/blog-only-text-full-width.html]
[www.themezaa.com/html/pofo/blog-post-layout-01.html]
[www.themezaa.com/html/pofo/blog-post-layout-02.html]
[www.themezaa.com/html/pofo/blog-post-layout-03.html]
[www.themezaa.com/html/pofo/blog-post-layout-04.html]
[www.themezaa.com/html/pofo/blog-post-layout-05.html]
[www.themezaa.com/html/pofo/blog-standard-post.html]
[www.themezaa.com/html/pofo/blog-gallery-post.html]
[www.themezaa.com/html/pofo/blog-slider-post.html]
[www.themezaa.com/html/pofo/blog-html5-video-post.html]
[www.themezaa.com/html/pofo/blog-youtube-video-post.html]
[www.themezaa.com/html/pofo/blog-vimeo-video-post.html]
[www.themezaa.com/html/pofo/blog-audio-post.html]
[www.themezaa.com/html/pofo/blog-blockquote-post.html]
[www.themezaa.com/html/pofo/blog-full-width-post.html]
[www.themezaa.com/html/pofo/accordions.html]
[www.themezaa.com/html/pofo/buttons.html]
[www.themezaa.com/html/pofo/team.html]
[www.themezaa.com/html/pofo/team-carousel.html]
[www.themezaa.com/html/pofo/clients.html]
[www.themezaa.com/html/pofo/client-carousel.html]
[www.themezaa.com/html/pofo/subscribe.html]
[www.themezaa.com/html/pofo/call-to-action.html]
[www.themezaa.com/html/pofo/tab.html]
[www.themezaa.com/html/pofo/google-map.html]
[www.themezaa.com/html/pofo/text-slider.html]
[www.themezaa.com/html/pofo/contact-form.html]
[www.themezaa.com/html/pofo/image-gallery.html]
[www.themezaa.com/html/pofo/progress-bar.html]
[www.themezaa.com/html/pofo/icon-with-text.html]
[www.themezaa.com/html/pofo/overline-icon-box.html]
[www.themezaa.com/html/pofo/custom-icon-with-text.html]
[www.themezaa.com/html/pofo/counters.html]
[www.themezaa.com/html/pofo/countdown.html]
[www.themezaa.com/html/pofo/pie-charts.html]
[www.themezaa.com/html/pofo/text-box.html]
[www.themezaa.com/html/pofo/fancy-text-box.html]
[www.themezaa.com/html/pofo/testimonials.html]
[www.themezaa.com/html/pofo/testimonials-carousel.html]
[www.themezaa.com/html/pofo/video.html]
[www.themezaa.com/html/pofo/interactive-banners.html]
[www.themezaa.com/html/pofo/services.html]
[www.themezaa.com/html/pofo/portfolio-slider.html]
[www.themezaa.com/html/pofo/info-banner.html]
[www.themezaa.com/html/pofo/rotate-box.html]
[www.themezaa.com/html/pofo/process-step.html]
[www.themezaa.com/html/pofo/blog-posts.html]
[www.themezaa.com/html/pofo/instagram.html]
[www.themezaa.com/html/pofo/parallax-scrolling.html]
[www.themezaa.com/html/pofo/heading.html]
[www.themezaa.com/html/pofo/dropcaps.html]
[www.themezaa.com/html/pofo/columns.html]
[www.themezaa.com/html/pofo/blockquote.html]
[www.themezaa.com/html/pofo/highlights.html]
[www.themezaa.com/html/pofo/message-box.html]
[www.themezaa.com/html/pofo/social-icons.html]
[www.themezaa.com/html/pofo/lists.html]
[www.themezaa.com/html/pofo/seperators.html]
[www.themezaa.com/html/pofo/pricing-table.html]
[www.themezaa.com/html/pofo/transparent-header.html]
[www.themezaa.com/html/pofo/white-header.html]
[www.themezaa.com/html/pofo/dark-header.html]
[www.themezaa.com/html/pofo/header-with-top-bar.html]
[www.themezaa.com/html/pofo/header-with-sticky-top-bar.html]
[www.themezaa.com/html/pofo/header-with-push.html]
[www.themezaa.com/html/pofo/center-navigation.html]
[www.themezaa.com/html/pofo/center-logo.html]
[www.themezaa.com/html/pofo/one-page-navigation.html]
[www.themezaa.com/html/pofo/top-logo.html]
[www.themezaa.com/html/pofo/hamburger-menu.html]
[www.themezaa.com/html/pofo/hamburger-menu-modern.html]
[www.themezaa.com/html/pofo/hamburger-menu-half.html]
[www.themezaa.com/html/pofo/left-menu-classic.html]
[www.themezaa.com/html/pofo/left-menu-modern.html]
[www.themezaa.com/html/pofo/footer-standard.html]
[www.themezaa.com/html/pofo/footer-standard-dark.html]
[www.themezaa.com/html/pofo/footer-classic.html]
[www.themezaa.com/html/pofo/footer-classic-dark.html]
[www.themezaa.com/html/pofo/footer-clean.html]
[www.themezaa.com/html/pofo/footer-clean-dark.html]
[www.themezaa.com/html/pofo/footer-modern.html]
[www.themezaa.com/html/pofo/footer-modern-dark.html]
[www.themezaa.com/html/pofo/footer-center-logo.html]
[www.themezaa.com/html/pofo/footer-center-logo-dark.html]
[www.themezaa.com/html/pofo/footer-strip.html]
[www.themezaa.com/html/pofo/footer-strip-dark.html]
[www.themezaa.com/html/pofo/footer-center-logo-02.html]
[www.themezaa.com/html/pofo/footer-center-logo-02-dark.html]
[www.themezaa.com/html/pofo/footer-clean-modern.html]
[www.themezaa.com/html/pofo/footer-clean-modern-dark.html]
[www.themezaa.com/html/pofo/page-title-left-alignment.html]
[www.themezaa.com/html/pofo/page-title-right-alignment.html]
[www.themezaa.com/html/pofo/page-title-center-alignment.html]
[www.themezaa.com/html/pofo/page-title-dark-style.html]
[www.themezaa.com/html/pofo/page-title-big-typography.html]
[www.themezaa.com/html/pofo/page-title-parallax-image-background.html]
[www.themezaa.com/html/pofo/page-title-background-breadcrumbs.html]
[www.themezaa.com/html/pofo/page-title-gallery-background.html]
[www.themezaa.com/html/pofo/page-title-background-video.html]
[www.themezaa.com/html/pofo/page-title-mini-version.html]
[www.themezaa.com/html/pofo/single-image-lightbox.html]
[www.themezaa.com/html/pofo/lightbox-gallery.html]
[www.themezaa.com/html/pofo/zoom-gallery.html]
[www.themezaa.com/html/pofo/metro-gallery.html]
[www.themezaa.com/html/pofo/justified-gallery.html]
[www.themezaa.com/html/pofo/popup-with-form.html]
[www.themezaa.com/html/pofo/modal-popup.html]
[www.themezaa.com/html/pofo/open-youtube-video.html]
[www.themezaa.com/html/pofo/open-vimeo-video.html]
[www.themezaa.com/html/pofo/open-google-map.html]
[www.themezaa.com/html/pofo/images/homepage-option17-slider-01.jpg]
[www.themezaa.com/html/pofo/images/homepage-3-slider-img-1.jpg]
[www.themezaa.com/html/pofo/images/homepage-option17-banner-bg.jpg]
[www.themezaa.com/html/pofo/images/homepage-option17-image-01.jpg]
[www.themezaa.com/html/pofo/images/homepage-option17-image-02.jpg]
[www.themezaa.com/html/pofo/images/portfolio-item77.jpg]
[www.themezaa.com/html/pofo/images/portfolio-item78.jpg]
[www.themezaa.com/html/pofo/images/portfolio-item23.jpg]
[www.themezaa.com/html/pofo/images/portfolio-item24.jpg]
[www.themezaa.com/html/pofo/images/portfolio-item26.jpg]
[www.themezaa.com/html/pofo/images/explore-work-02.png]
[www.themezaa.com/html/pofo/images/image-4.jpg]
[www.themezaa.com/html/pofo/images/blog-img1.jpg]
[www.themezaa.com/html/pofo/images/blog-img2.jpg]
[www.themezaa.com/html/pofo/images/homepage-option15-image-3.png]
[www.themezaa.com/html/pofo/images/parallax-bg11.jpg]
[www.themezaa.com/html/pofo/images/parallax-bg6.jpg]
[www.themezaa.com/html/pofo/images/logo-1.png]
[www.themezaa.com/html/pofo/images/logo-2.png]
[www.themezaa.com/html/pofo/images/logo-3.png]
[www.themezaa.com/html/pofo/images/logo-4.png]
[www.themezaa.com/html/pofo/images/logo-5.png]
[www.themezaa.com/html/pofo/images/logo-6.png]
[www.themezaa.com/html/pofo/images/logo-7.png]
[www.themezaa.com/html/pofo/images/logo-8.png]
[www.themezaa.com/html/pofo/images/avtar-14.jpg]
[www.themezaa.com/html/pofo/images/avtar-13.jpg]
[www.themezaa.com/html/pofo/images/avtar-15.jpg]
[www.themezaa.com/html/pofo/images/avtar-16.jpg]
[www.themezaa.com/html/pofo/images/latest-blog5.jpg]
[www.themezaa.com/html/pofo/images/latest-blog6.jpg]
[www.themezaa.com/html/pofo/images/latest-blog8.jpg]
[www.themezaa.com/html/pofo/images/latest-blog2.jpg]
[www.themezaa.com/html/pofo/images/latest-blog4.jpg]
[www.themezaa.com/html/pofo/js/bootsnav.js]
[www.themezaa.com/html/pofo/js/jquery.nav.js]
[www.themezaa.com/html/pofo/js/hamburger-menu.js]
[www.themezaa.com/html/pofo/revolution/js/jquery.themepunch.tools.min.js]
[www.themezaa.com/html/pofo/home-classic-corporate.html]
[www.themezaa.com/html/pofo/css/bootsnav.css]
[www.themezaa.com/html/pofo/revolution/js/jquery.themepunch.revolution.min.js]
[www.themezaa.com/html/pofo/fonts/fa-brands-400.woff2]
[www.themezaa.com/html/pofo/js/theme-vendors.min.js]
[www.themezaa.com/html/pofo/fonts/fa-brands-400.woff]
[www.themezaa.com/html/pofo/fonts/fa-brands-400.eot]
[www.themezaa.com/html/pofo/fonts/fa-regular-400d41d.eot]
[www.themezaa.com/html/pofo/fonts/fa-brands-400.svg]
[www.themezaa.com/html/pofo/fonts/fa-brands-400d41d.eot]
[www.themezaa.com/html/pofo/fonts/fa-regular-400.ttf]
[www.themezaa.com/html/pofo/fonts/fa-regular-400.svg]
[www.themezaa.com/html/pofo/fonts/fa-solid-900.woff2]
[www.themezaa.com/html/pofo/fonts/fa-solid-900.woff]
[www.themezaa.com/html/pofo/fonts/fa-solid-900.ttf]
[www.themezaa.com/html/pofo/fonts/fa-solid-900.eot]
[www.themezaa.com/html/pofo/fonts/themify9f24.eot]
[www.themezaa.com/html/pofo/fonts/themify9f24.ttf]
[www.themezaa.com/html/pofo/fonts/themify9f24.svg]
[www.themezaa.com/html/pofo/fonts/themifyd41d.eot]
[www.themezaa.com/html/pofo/fonts/et-line.eot]
[www.themezaa.com/html/pofo/fonts/et-line.ttf]
[www.themezaa.com/html/pofo/fonts/et-lined41d.eot]
[www.themezaa.com/html/pofo/fonts/et-line.svg]
[www.themezaa.com/html/pofo/css/font-icons.min.css]
[www.themezaa.com/html/pofo/css/theme-vendors.min.css]
[www.themezaa.com/html/pofo/revolution/fonts/revicons/revicons90c6.eot]
[www.themezaa.com/html/pofo/revolution/fonts/revicons/revicons90c6.ttf]
[www.themezaa.com/html/pofo/revolution/fonts/revicons/revicons90c6.svg]
[www.themezaa.com/html/pofo/revolution/assets/gridtile.png]
[www.themezaa.com/html/pofo/revolution/assets/gridtile_white.png]
[www.themezaa.com/html/pofo/revolution/assets/gridtile_3x3_white.png]
[www.themezaa.com/html/pofo/revolution/assets/coloredbg.png]
[www.themezaa.com/html/pofo/revolution/assets/loader.gif]
[www.themezaa.com/html/pofo/revolution/css/settings.css]
[www.themezaa.com/html/pofo/revolution/css/layers.css]
[www.themezaa.com/html/pofo/revolution/css/navigation.css]
[www.themezaa.com/html/pofo/images/select-arrow.png]
[www.themezaa.com/html/pofo/images/country-flag-16X16/usa.png]
[www.themezaa.com/html/pofo/images/country-flag-16X16/england.png]
[www.themezaa.com/html/pofo/images/country-flag-16X16/china.png]
[www.themezaa.com/html/pofo/images/country-flag-16X16/hong-kong.png]
[www.themezaa.com/html/pofo/images/country-flag-16X16/france.png]
[www.themezaa.com/html/pofo/images/icon-move-light.png]
[www.themezaa.com/html/pofo/images/icon-move-black.png]
[www.themezaa.com/html/pofo/images/icon-move-light-vertical.png]
[www.themezaa.com/html/pofo/images/icon-move-black-vertical.png]
[www.themezaa.com/html/pofo/css/style.css]
[www.themezaa.com/html/pofo/css/responsive.css]
[www.themezaa.com/html/pofo/images/pofo-demo-parallax.jpg]
[www.themezaa.com/html/pofo/documentation/index.html]
[www.themezaa.com/html/pofo/images/pofo-portfolio-classic-corporate.jpg]
[www.themezaa.com/html/pofo/images/pofo-portfolio-digital-agency.jpg]
[www.themezaa.com/html/pofo/images/pofo-portfolio-creative-studio.jpg]
[www.themezaa.com/html/pofo/images/pofo-portfolio-interactive-agency.jpg]
[www.themezaa.com/html/pofo/images/pofo-portfolio-web-agency.jpg]
[www.themezaa.com/html/pofo/images/pofo-portfolio-classic-one-page.jpg]
[www.themezaa.com/html/pofo/images/pofo-portfolio-creative-business.jpg]
[www.themezaa.com/html/pofo/images/pofo-portfolio-innovation-agency.jpg]
[www.themezaa.com/html/pofo/images/pofo-portfolio-small-business.jpg]
[www.themezaa.com/html/pofo/images/pofo-portfolio-minimal.jpg]
[www.themezaa.com/html/pofo/images/pofo-portfolio-parallax.jpg]
[www.themezaa.com/html/pofo/images/pofo-portfolio-branding-agency.jpg]
[www.themezaa.com/html/pofo/images/pofo-portfolio-blog-personal.jpg]
[www.themezaa.com/html/pofo/images/pofo-portfolio-photographer.jpg]
[www.themezaa.com/html/pofo/images/pofo-portfolio-metro-portfolio.jpg]
[www.themezaa.com/html/pofo/images/pofo-portfolio-creative-designer.jpg]
[www.themezaa.com/html/pofo/images/pofo-portfolio-blog-grid.jpg]
[www.themezaa.com/html/pofo/images/pofo-portfolio-personal.jpg]
[www.themezaa.com/html/pofo/images/pofo-portfolio-multiple-carousel.jpg]
[www.themezaa.com/html/pofo/images/pofo-under-maintenance.jpg]
[www.themezaa.com/html/pofo/images/pofo-portfolio-coming-soon-02.jpg]
[www.themezaa.com/html/pofo/images/pofo-portfolio-full-screen-vertical.jpg]
[www.themezaa.com/html/pofo/images/home-creative-agency.jpg]
[www.themezaa.com/html/pofo/images/home-creative-minimalist-portfolio.jpg]
[www.themezaa.com/html/pofo/images/pofo-portfolio-layout-img-01.jpg]
[www.themezaa.com/html/pofo/images/pofo-portfolio-layout-img-02.jpg]
[www.themezaa.com/html/pofo/images/pofo-portfolio-layout-img-03.jpg]
[www.themezaa.com/html/pofo/images/pofo-portfolio-layout-img-04.jpg]
[www.themezaa.com/html/pofo/images/pofo-portfolio-layout-img-05.jpg]
[www.themezaa.com/html/pofo/images/pofo-portfolio-layout-img-06.jpg]
[www.themezaa.com/html/pofo/images/pofo-portfolio-layout-img-07.jpg]
[www.themezaa.com/html/pofo/images/pofo-portfolio-layout-img-08.jpg]
[www.themezaa.com/html/pofo/images/pofo-menu-options-img-01.jpg]
[www.themezaa.com/html/pofo/images/pofo-menu-options-img-02.jpg]
[www.themezaa.com/html/pofo/images/pofo-menu-options-img-04.jpg]
[www.themezaa.com/html/pofo/images/pofo-menu-options-img-06.jpg]
[www.themezaa.com/html/pofo/images/pofo-menu-options-img-07.jpg]
[www.themezaa.com/html/pofo/images/pofo-menu-options-img-09.jpg]
[www.themezaa.com/html/pofo/images/pofo-menu-options-img-10.jpg]
[www.themezaa.com/html/pofo/images/pofo-menu-options-img-12.jpg]
[www.themezaa.com/html/pofo/images/pofo-menu-options-img-14.jpg]
[www.themezaa.com/html/pofo/images/pofo-magic-box-bg.jpg]
[www.themezaa.com/html/pofo/images/pofo-layoutbox-img02.png]
[www.themezaa.com/html/pofo/images/pofo-layoutbox-img03.png]
[www.themezaa.com/html/pofo/images/pofo-layoutbox-img04.png]
[www.themezaa.com/html/pofo/images/pofo-icon-01.png]
[www.themezaa.com/html/pofo/images/pofo-icon-02.png]
[www.themezaa.com/html/pofo/images/pofo-icon-04.png]
[www.themezaa.com/html/pofo/images/pofo-icon-05.png]
[www.themezaa.com/html/pofo/images/pofo-icon-06.png]
[www.themezaa.com/html/pofo/images/pofo-icon-07.png]
[www.themezaa.com/html/pofo/images/pofo-icon-08.png]
[www.themezaa.com/html/pofo/images/pofo-icon-09.png]
[www.themezaa.com/html/pofo/images/pofo-icon-10.png]
[www.themezaa.com/html/pofo/images/pofo-icon-11.png]
[www.themezaa.com/html/pofo/images/pofo-icon-12.png]
[www.themezaa.com/html/pofo/images/pofo-icon-14.png]
[www.themezaa.com/html/pofo/images/pofo-icon-15.png]
[www.themezaa.com/html/pofo/images/pofo-icon-16.png]
[www.themezaa.com/html/pofo/images/pofo-icon-17.png]
[www.themezaa.com/html/pofo/images/pofo-icon-18.png]
[www.themezaa.com/html/pofo/images/pofo-icon-19.png]
[www.themezaa.com/html/pofo/images/pofo-icon-20.png]
[www.themezaa.com/html/pofo/images/pofo-icon-21.png]
[www.themezaa.com/html/pofo/images/pofo-icon-22.png]
[www.themezaa.com/html/pofo/images/pofo-icon-23.png]
[www.themezaa.com/html/pofo/images/pofo-icon-24.png]
[www.themezaa.com/html/pofo/images/themezaa.png]
[www.google-analytics.com/analytics.js]
[www.themezaa.com/html/pofo/index.html]
[www.themezaa.com/html/pofo/images/logo-black-big.png]
[www.themezaa.com/html/pofo/images/sidebar-image1.png]
[www.themezaa.com/html/pofo/images/homepage-8-slider-img-3.jpg]
[www.themezaa.com/html/pofo/images/homepage-8-slider-img-2.jpg]
[www.themezaa.com/html/pofo/images/homepage-8-slider-img-1.jpg]
[www.themezaa.com/html/pofo/images/portfolio-item27.jpg]
[www.themezaa.com/html/pofo/images/portfolio-item29.jpg]
[www.themezaa.com/html/pofo/images/portfolio-item28.jpg]
[www.themezaa.com/html/pofo/images/portfolio-item30.jpg]
[www.themezaa.com/html/pofo/images/portfolio-item31.jpg]
[www.themezaa.com/html/pofo/images/screen.jpg]
[www.themezaa.com/html/pofo/images/icon-play.png]
[www.themezaa.com/html/pofo/images/blog-img3.jpg]
[www.themezaa.com/html/pofo/home-classic-digital-agency.html]
[www.themezaa.com/html/pofo/images/homepage-9-parallax-img2.jpg]
[www.themezaa.com/html/pofo/images/portfolio-item42.jpg]
[www.themezaa.com/html/pofo/images/parallax-bg8.jpg]
[www.themezaa.com/html/pofo/images/team13.jpg]
[www.themezaa.com/html/pofo/images/team14.jpg]
[www.themezaa.com/html/pofo/images/blog-img5.jpg]
[www.themezaa.com/html/pofo/images/blog-img4.jpg]
[www.themezaa.com/html/pofo/images/blog-img6.jpg]
[www.themezaa.com/html/pofo/home-classic-innovation-agency.html]
[www.themezaa.com/html/pofo/images/header_penpot.png]
[www.themezaa.com/html/pofo/images/header_flowerpot.png]
[www.themezaa.com/html/pofo/images/header_papers.png]
[www.themezaa.com/html/pofo/images/header_marker.png]
[www.themezaa.com/html/pofo/images/header_edding.png]
[www.themezaa.com/html/pofo/images/header_paperclip.png]
[www.themezaa.com/html/pofo/images/header_tablet.png]
[www.themezaa.com/html/pofo/images/header_pen.png]
[www.themezaa.com/html/pofo/images/testimonial-bg.png]
[www.themezaa.com/html/pofo/images/homepage-option15-image-1.png]
[www.themezaa.com/html/pofo/images/homepage-option15-image-2.png]
[www.themezaa.com/html/pofo/images/homepage-option15-bg.jpg]
[www.themezaa.com/html/pofo/images/portfolio-image1.jpg]
[www.themezaa.com/html/pofo/images/portfolio-image3.jpg]
[www.themezaa.com/html/pofo/images/portfolio-image4.jpg]
[www.themezaa.com/html/pofo/images/portfolio-item63.jpg]
[www.themezaa.com/html/pofo/images/homepage-option15-image-4.jpg]
[www.themezaa.com/html/pofo/images/parallax-bg9.jpg]
[www.themezaa.com/html/pofo/images/digital-marketing.jpg]
[www.themezaa.com/html/pofo/images/parallax-bg10.jpg]
[www.themezaa.com/html/pofo/home-classic-web-agency.html]
[www.themezaa.com/html/pofo/images/homepage-9-slider-img-1.jpg]
[www.themezaa.com/html/pofo/images/text.png]
[www.themezaa.com/html/pofo/images/homepage-9-parallax-img3.jpg]
[www.themezaa.com/html/pofo/images/portfolio-item20.jpg]
[www.themezaa.com/html/pofo/images/portfolio-item22.jpg]
[www.themezaa.com/html/pofo/images/portfolio-item21.jpg]
[www.themezaa.com/html/pofo/images/homepage-9-parallax-img5.jpg]
[www.themezaa.com/html/pofo/images/parallax-bg5.jpg]
[www.themezaa.com/html/pofo/images/clients-logo2.png]
[www.themezaa.com/html/pofo/images/clients-logo3.png]
[www.themezaa.com/html/pofo/images/clients-logo4.png]
[www.themezaa.com/html/pofo/images/avtar-01.jpg]
[www.themezaa.com/html/pofo/images/avtar-02.jpg]
[www.themezaa.com/html/pofo/images/avtar-03.jpg]
[www.themezaa.com/html/pofo/images/homepage-9-parallax-img6.jpg]
[www.themezaa.com/html/pofo/home-classic-one-page.html]
[www.themezaa.com/html/pofo/images/homepage-3-slider-img-2.jpg]
[www.themezaa.com/html/pofo/images/parallax-bg2.jpg]
[www.themezaa.com/html/pofo/images/parallax-bg3.jpg]
[www.themezaa.com/html/pofo/images/portfolio-item12.jpg]
[www.themezaa.com/html/pofo/images/portfolio-item14.jpg]
[www.themezaa.com/html/pofo/images/portfolio-item15.jpg]
[www.themezaa.com/html/pofo/images/portfolio-item16.jpg]
[www.themezaa.com/html/pofo/images/portfolio-item17.jpg]
[www.themezaa.com/html/pofo/images/homepage-3-parallax-img1.jpg]
[www.themezaa.com/html/pofo/images/homepage-3-parallax-img3.jpg]
[www.themezaa.com/html/pofo/images/testimonial-parallax-img.jpg]
[www.themezaa.com/html/pofo/images/avtar-08.jpg]
[www.themezaa.com/html/pofo/images/avtar-04.jpg]
[www.themezaa.com/html/pofo/images/call-to-action-bg.jpg]
[www.themezaa.com/html/pofo/home-classic-start-up.html]
[www.themezaa.com/html/pofo/images/homepage-5-slider-img-3.jpg]
[www.themezaa.com/html/pofo/images/homepage-5-slider-img-1.jpg]
[www.themezaa.com/html/pofo/images/homepage-5-slider-img-2.jpg]
[www.themezaa.com/html/pofo/images/case-study-01.jpg]
[www.themezaa.com/html/pofo/images/case-study-02.jpg]
[www.themezaa.com/html/pofo/images/case-study-03.jpg]
[www.themezaa.com/html/pofo/home-classic-interactive-agency.html]
[www.themezaa.com/html/pofo/images/classic-business-slider-01.jpg]
[www.themezaa.com/html/pofo/images/classic-business-slider-02.jpg]
[www.themezaa.com/html/pofo/images/classic-business-slider-03.jpg]
[www.themezaa.com/html/pofo/images/business-about-bg.jpg]
[www.themezaa.com/html/pofo/images/business-about.jpg]
[www.themezaa.com/html/pofo/images/business-digital-bg.jpg]
[www.themezaa.com/html/pofo/images/portfolio-item181.jpg]
[www.themezaa.com/html/pofo/images/portfolio-item182.jpg]
[www.themezaa.com/html/pofo/images/portfolio-item183.jpg]
[www.themezaa.com/html/pofo/images/portfolio-item184.jpg]
[www.themezaa.com/html/pofo/images/portfolio-item185.jpg]
[www.themezaa.com/html/pofo/images/portfolio-item187.jpg]
[www.themezaa.com/html/pofo/images/portfolio-item186.jpg]
[www.themezaa.com/html/pofo/images/portfolio-item188.jpg]
[www.themezaa.com/html/pofo/images/business-video.jpg]
[www.themezaa.com/html/pofo/images/business-people.jpg]
[www.themezaa.com/html/pofo/images/blog-img124.jpg]
[www.themezaa.com/html/pofo/images/blog-img125.jpg]
[www.themezaa.com/html/pofo/images/blog-img126.jpg]
[www.themezaa.com/html/pofo/home-classic-business.html]
[www.themezaa.com/html/pofo/images/logo-icon-fill.png]
[www.themezaa.com/html/pofo/images/digital-text.png]
[www.themezaa.com/html/pofo/images/slider-01.jpg]
[www.themezaa.com/html/pofo/images/slider-02.jpg]
[www.themezaa.com/html/pofo/images/image-1.jpg]
[www.themezaa.com/html/pofo/images/image-icon6.png]
[www.themezaa.com/html/pofo/images/image-icon7.png]
[www.themezaa.com/html/pofo/images/image-icon8.png]
[www.themezaa.com/html/pofo/images/image-icon9.png]
[www.themezaa.com/html/pofo/images/homepage-11-slider-img-3.jpg]
[www.themezaa.com/html/pofo/images/homepage-11-slider-img-2.jpg]
[www.themezaa.com/html/pofo/images/image-icon1.png]
[www.themezaa.com/html/pofo/images/image-icon2.png]
[www.themezaa.com/html/pofo/images/image-icon3.png]
[www.themezaa.com/html/pofo/images/image-icon4.png]
[www.themezaa.com/html/pofo/images/homepage-11-masonary-01.jpg]
[www.themezaa.com/html/pofo/images/homepage-11-masonary-09.jpg]
[www.themezaa.com/html/pofo/images/homepage-11-masonary-06.jpg]
[www.themezaa.com/html/pofo/images/homepage-11-masonary-02.jpg]
[www.themezaa.com/html/pofo/images/homepage-11-masonary-10.jpg]
[www.themezaa.com/html/pofo/images/homepage-11-masonary-07.jpg]
[www.themezaa.com/html/pofo/images/homepage-11-masonary-03.jpg]
[www.themezaa.com/html/pofo/images/homepage-11-masonary-04.jpg]
[www.themezaa.com/html/pofo/images/parallax-bg4.jpg]
[www.themezaa.com/html/pofo/images/image-7.jpg]
[www.themezaa.com/html/pofo/home-creative-studio.html]
[www.themezaa.com/html/pofo/images/homepage-7-slider-img-1.jpg]
[www.themezaa.com/html/pofo/images/masonary-img-23.jpg]
[www.themezaa.com/html/pofo/images/masonary-img-24.jpg]
[www.themezaa.com/html/pofo/images/masonary-img-21.jpg]
[www.themezaa.com/html/pofo/images/masonary-img-14.jpg]
[www.themezaa.com/html/pofo/images/masonary-img-25.jpg]
[www.themezaa.com/html/pofo/images/masonary-img-22.jpg]
[www.themezaa.com/html/pofo/images/masonary-img-27.jpg]
[www.themezaa.com/html/pofo/images/image-3.png]
[www.themezaa.com/html/pofo/home-creative-business.html]
[www.themezaa.com/html/pofo/home-creative-simple-portfolio.html]
[www.themezaa.com/html/pofo/images/homepage-4-slider-img-1.jpg]
[www.themezaa.com/html/pofo/images/homepage-4-slider-img-2.jpg]
[www.themezaa.com/html/pofo/images/homepage-4-section1-img.jpg]
[www.themezaa.com/html/pofo/images/homepage-4-portfolio2.jpg]
[www.themezaa.com/html/pofo/images/homepage-4-portfolio1.jpg]
[www.themezaa.com/html/pofo/images/homepage-4-portfolio4.jpg]
[www.themezaa.com/html/pofo/images/homepage-4-portfolio5.jpg]
[www.themezaa.com/html/pofo/images/homepage-4-portfolio7.jpg]
[www.themezaa.com/html/pofo/home-creative-branding-agency.html]
[www.themezaa.com/html/pofo/images/homepage-option20-image01.jpg]
[www.themezaa.com/html/pofo/images/homepage-option20-image02.jpg]
[www.themezaa.com/html/pofo/images/homepage-option20-image.jpg]
[www.themezaa.com/html/pofo/images/homepage-option20-image05.jpg]
[www.themezaa.com/html/pofo/images/homepage-option20-image06.jpg]
[www.themezaa.com/html/pofo/images/homepage-option20-image07.jpg]
[www.themezaa.com/html/pofo/images/portfolio-item179.jpg]
[www.themezaa.com/html/pofo/images/portfolio-item178.jpg]
[www.themezaa.com/html/pofo/images/masonary-img-19.jpg]
[www.themezaa.com/html/pofo/images/masonary-img-13.jpg]
[www.themezaa.com/html/pofo/images/portfolio-item180.jpg]
[www.themezaa.com/html/pofo/images/homepage-option20-image30.png]
[www.themezaa.com/html/pofo/images/awards-logo-02.png]
[www.themezaa.com/html/pofo/images/awards-logo-03.png]
[www.themezaa.com/html/pofo/images/homepage-option20-image18.jpg]
[www.themezaa.com/html/pofo/images/homepage-option20-image25.jpg]
[www.themezaa.com/html/pofo/images/homepage-option20-image17.jpg]
[www.themezaa.com/html/pofo/images/homepage-option20-image19.jpg]
[www.themezaa.com/html/pofo/images/homepage-option20-image16.jpg]
[www.themezaa.com/html/pofo/images/homepage-option20-image26.jpg]
[www.themezaa.com/html/pofo/images/homepage-option20-image27.jpg]
[www.themezaa.com/html/pofo/home-creative-minimalist-portfolio.html]
[www.themezaa.com/html/pofo/images/logo-17.png]
[www.themezaa.com/html/pofo/home-creative-small-business.html]
[www.themezaa.com/html/pofo/images/option16-banner-bg.png]
[www.themezaa.com/html/pofo/images/back-image1.png]
[www.themezaa.com/html/pofo/images/back-image2.png]
[www.themezaa.com/html/pofo/images/back-image4.png]
[www.themezaa.com/html/pofo/images/logo-9.png]
[www.themezaa.com/html/pofo/images/logo-10.png]
[www.themezaa.com/html/pofo/images/logo-11.png]
[www.themezaa.com/html/pofo/images/logo-12.png]
[www.themezaa.com/html/pofo/www.wordpress.275.delayed]
[www.themezaa.com/html/pofo/images/logo-14.png]
[www.themezaa.com/html/pofo/images/logo-15.png]
[www.themezaa.com/html/pofo/images/logo-16.png]
[www.themezaa.com/html/pofo/images/back-image5.png]
[www.themezaa.com/html/pofo/images/back-image6.png]
[www.themezaa.com/html/pofo/home-creative-designer.html]
[www.themezaa.com/html/pofo/images/slider-05.jpg]
[www.themezaa.com/html/pofo/images/slider-06.jpg]
[www.themezaa.com/html/pofo/images/slider-07.jpg]
[www.themezaa.com/html/pofo/images/image-10.jpg]
[www.themezaa.com/html/pofo/images/homepage-9-parallax-img7.jpg]
[www.themezaa.com/html/pofo/images/portfolio-item170.jpg]
[www.themezaa.com/html/pofo/images/portfolio-item171.jpg]
[www.themezaa.com/html/pofo/images/portfolio-item172.jpg]
[www.themezaa.com/html/pofo/images/portfolio-item173.jpg]
[www.themezaa.com/html/pofo/images/portfolio-item174.jpg]
[www.themezaa.com/html/pofo/images/portfolio-item175.jpg]
[www.themezaa.com/html/pofo/images/portfolio-item176.jpg]
[www.themezaa.com/html/pofo/images/portfolio-item177.jpg]
[www.themezaa.com/html/pofo/images/homepage-option15-image-6.jpg]
[www.themezaa.com/html/pofo/images/team34.jpg]
[www.themezaa.com/html/pofo/images/team35.jpg]
[www.themezaa.com/html/pofo/images/team37.jpg]
[www.themezaa.com/html/pofo/images/homepage-option15-image-7.jpg]
[www.themezaa.com/html/pofo/images/signature-dark.png]
[www.themezaa.com/html/pofo/images/homepage-option15-image-8.jpg]
[www.themezaa.com/html/pofo/images/avtar-20.jpg]
[www.themezaa.com/html/pofo/images/avtar-21.jpg]
[www.themezaa.com/html/pofo/images/avtar-22.jpg]
[www.themezaa.com/html/pofo/images/services-img4.jpg]
[www.themezaa.com/html/pofo/images/services-img5.jpg]
[www.themezaa.com/html/pofo/images/services-img6.jpg]
[www.themezaa.com/html/pofo/images/services-img7.jpg]
[www.themezaa.com/html/pofo/images/image-icon14.png]
[www.themezaa.com/html/pofo/images/image-icon15.png]
[www.themezaa.com/html/pofo/images/image-icon16.png]
[www.themezaa.com/html/pofo/images/image-icon17.png]
[www.themezaa.com/html/pofo/images/blog-img121.jpg]
[www.themezaa.com/html/pofo/images/blog-img123.jpg]
[www.themezaa.com/html/pofo/home-creative-agency.html]
[www.themezaa.com/html/pofo/images/logo-white-big.png]
[www.themezaa.com/html/pofo/images/masonary-img-15.jpg]
[www.themezaa.com/html/pofo/images/masonary-img-17.jpg]
[www.themezaa.com/html/pofo/images/masonary-img-20.jpg]
[www.themezaa.com/html/pofo/home-portfolio-minimal.html]
[www.themezaa.com/html/pofo/images/homepage-2-slider-img-2.jpg]
[www.themezaa.com/html/pofo/images/homepage-2-slider-img-3.jpg]
[www.themezaa.com/html/pofo/images/homepage-2-slider-img-5.jpg]
[www.themezaa.com/html/pofo/images/homepage-2-slider-img-6.jpg]
[www.themezaa.com/html/pofo/images/homepage-2-slider-img-7.jpg]
[www.themezaa.com/html/pofo/images/homepage-2-slider-img-8.jpg]
[www.themezaa.com/html/pofo/home-portfolio-multiple-carousel.html]
[www.themezaa.com/html/pofo/images/portfolio-item34.jpg]
[www.themezaa.com/html/pofo/images/portfolio-item33.jpg]
[www.themezaa.com/html/pofo/images/portfolio-item35.jpg]
[www.themezaa.com/html/pofo/images/portfolio-item39.jpg]
[www.themezaa.com/html/pofo/images/portfolio-item36.jpg]
[www.themezaa.com/html/pofo/images/portfolio-item38.jpg]
[www.themezaa.com/html/pofo/images/portfolio-item37.jpg]
[www.themezaa.com/html/pofo/home-portfolio-centered-slides.html]
[www.themezaa.com/html/pofo/images/signature.png]
[www.themezaa.com/html/pofo/images/homepage-2-slider-img-9.jpg]
[www.themezaa.com/html/pofo/images/homepage-2-slider-img-10.jpg]
[www.themezaa.com/html/pofo/images/homepage-2-slider-img-12.jpg]
[www.themezaa.com/html/pofo/images/homepage-2-slider-img-13.jpg]
[www.themezaa.com/html/pofo/images/homepage-2-slider-img-11.jpg]
[www.themezaa.com/html/pofo/home-portfolio-personal.html]
[www.themezaa.com/html/pofo/images/homepage-option18-banner.jpg]
[www.themezaa.com/html/pofo/images/homepage-option18-image.png]
[www.themezaa.com/html/pofo/images/portfolio-image9.jpg]
[www.themezaa.com/html/pofo/images/portfolio-image10.jpg]
[www.themezaa.com/html/pofo/images/portfolio-image12.jpg]
[www.themezaa.com/html/pofo/images/portfolio-image13.jpg]
[www.themezaa.com/html/pofo/images/portfolio-image15.jpg]
[www.themezaa.com/html/pofo/images/portfolio-image16.jpg]
[www.themezaa.com/html/pofo/home-portfolio-metro.html]
[www.themezaa.com/html/pofo/images/homepage-19-slider-01.jpg]
[www.themezaa.com/html/pofo/images/homepage-option19-arrow-bg.jpg]
[www.themezaa.com/html/pofo/images/homepage-19-slider-04.jpg]
[www.themezaa.com/html/pofo/images/homepage-19-slider-05.jpg]
[www.themezaa.com/html/pofo/images/homepage-19-slider-07.jpg]
[www.themezaa.com/html/pofo/images/homepage-19-slider-02.jpg]
[www.themezaa.com/html/pofo/home-portfolio-full-screen-vertical.html]
[www.themezaa.com/html/pofo/images/homepage-9-parallax.jpg]
[www.themezaa.com/html/pofo/images/portfolio-item43.jpg]
[www.themezaa.com/html/pofo/images/portfolio-item45.jpg]
[www.themezaa.com/html/pofo/images/portfolio-item46.jpg]
[www.themezaa.com/html/pofo/images/portfolio-item47.jpg]
[www.themezaa.com/html/pofo/images/portfolio-item49.jpg]
[www.themezaa.com/html/pofo/images/portfolio-item50.jpg]
[www.themezaa.com/html/pofo/images/portfolio-item52.jpg]
[www.themezaa.com/html/pofo/images/portfolio-item53.jpg]
[www.themezaa.com/html/pofo/images/portfolio-item54.jpg]
[www.themezaa.com/html/pofo/images/portfolio-item55.jpg]
[www.themezaa.com/html/pofo/home-portfolio-photographer.html]
[www.themezaa.com/html/pofo/images/portfolio-item58.jpg]
[www.themezaa.com/html/pofo/images/portfolio-item60.jpg]
[www.themezaa.com/html/pofo/images/portfolio-item62.jpg]
[www.themezaa.com/html/pofo/home-portfolio-parallax.html]
[www.themezaa.com/html/pofo/images/blog-slider-img5.jpg]
[www.themezaa.com/html/pofo/images/blog-slider-img6.jpg]
[www.themezaa.com/html/pofo/images/blog-slider-img7.jpg]
[www.themezaa.com/html/pofo/images/about-author2.jpg]
[www.themezaa.com/html/pofo/images/follow-instagram2.jpg]
[www.themezaa.com/html/pofo/images/blog-img115.jpg]
[www.themezaa.com/html/pofo/images/blog-img120.jpg]
[www.themezaa.com/html/pofo/images/blog-img118.jpg]
[www.themezaa.com/html/pofo/images/blog-img40.jpg]
[www.themezaa.com/html/pofo/images/blog-img119.jpg]
[www.themezaa.com/html/pofo/images/aside-image-1.jpg]
[www.themezaa.com/html/pofo/images/aside-image-2.jpg]
[www.themezaa.com/html/pofo/images/aside-image-3.jpg]
[www.themezaa.com/html/pofo/images/aside-image-5.jpg]
[www.themezaa.com/html/pofo/home-blog-grid.html]
[www.themezaa.com/html/pofo/images/parallax-bg40.jpg]
[www.themezaa.com/html/pofo/images/parallax-bg48.jpg]
[www.themezaa.com/html/pofo/images/blog-img62.jpg]
[www.themezaa.com/html/pofo/images/blog-img63.jpg]
[www.themezaa.com/html/pofo/images/blog-img68.jpg]
[www.themezaa.com/html/pofo/images/blog-img66.jpg]
[www.themezaa.com/html/pofo/images/blog-img69.jpg]
[www.themezaa.com/html/pofo/images/blog-img65.jpg]
[www.themezaa.com/html/pofo/images/blog-img70.jpg]
[www.themezaa.com/html/pofo/images/blog-img71.jpg]
[www.themezaa.com/html/pofo/images/blog-img73.jpg]
[www.themezaa.com/html/pofo/images/blog-img72.jpg]
[www.themezaa.com/html/pofo/images/blog-img77.jpg]
[www.themezaa.com/html/pofo/images/blog-img78.jpg]
[www.themezaa.com/html/pofo/images/blog-img76.jpg]
[www.themezaa.com/html/pofo/images/blog-img84.jpg]
[www.themezaa.com/html/pofo/home-blog-masonry.html]
[www.themezaa.com/html/pofo/images/blog-slider-img1.jpg]
[www.themezaa.com/html/pofo/images/blog-slider-img3.jpg]
[www.themezaa.com/html/pofo/images/blog-slider-img4.jpg]
[www.themezaa.com/html/pofo/images/about-author.jpg]
[www.themezaa.com/html/pofo/images/contact-me.jpg]
[www.themezaa.com/html/pofo/images/follow-instagram.jpg]
[www.themezaa.com/html/pofo/images/blog-img15.jpg]
[www.themezaa.com/html/pofo/images/blog-img18.jpg]
[www.themezaa.com/html/pofo/images/blog-img19.jpg]
[www.themezaa.com/html/pofo/images/blog-img21.jpg]
[www.themezaa.com/html/pofo/images/blog-img22.jpg]
[www.themezaa.com/html/pofo/images/blog-img43.jpg]
[www.themezaa.com/html/pofo/images/blog-img44.jpg]
[www.themezaa.com/html/pofo/home-blog-clean.html]
[www.themezaa.com/html/pofo/images/blog-page-03-img5.jpg]
[www.themezaa.com/html/pofo/images/blog-page-03-img6.jpg]
[www.themezaa.com/html/pofo/images/blog-page-03-img7.jpg]
[www.themezaa.com/html/pofo/images/blog-page-03-img9.jpg]
[www.themezaa.com/html/pofo/images/blog-page-03-img10.jpg]
[www.themezaa.com/html/pofo/images/blog-page-03-img12.jpg]
[www.themezaa.com/html/pofo/images/blog-page-03-img1.jpg]
[www.themezaa.com/html/pofo/images/blog-page-03-img3.jpg]
[www.themezaa.com/html/pofo/images/blog-page-03-img4.jpg]
[www.themezaa.com/html/pofo/home-blog-personal.html]
[www.themezaa.com/html/pofo/images/about-img3.jpg]
[www.themezaa.com/html/pofo/images/about-img1.jpg]
[www.themezaa.com/html/pofo/images/about-img4.png]
[www.themezaa.com/html/pofo/about-us-simple.html]
[www.themezaa.com/html/pofo/images/about-img6.jpg]
[www.themezaa.com/html/pofo/images/about-img7.jpg]
[www.themezaa.com/html/pofo/images/about-img9.jpg]
[www.themezaa.com/html/pofo/images/about-ceo.png]
[www.themezaa.com/html/pofo/about-us-classic.html]
[www.themezaa.com/html/pofo/images/parallax-bg16.jpg]
[www.themezaa.com/html/pofo/images/parallax-bg17.jpg]
[www.themezaa.com/html/pofo/images/parallax-bg15.jpg]
[www.themezaa.com/html/pofo/images/parallax-bg18.jpg]
[www.themezaa.com/html/pofo/images/about-img11.jpg]
[www.themezaa.com/html/pofo/images/about-img12.jpg]
[www.themezaa.com/html/pofo/images/about-img13.jpg]
[www.themezaa.com/html/pofo/images/team19.jpg]
[www.themezaa.com/html/pofo/images/team20.jpg]
[www.themezaa.com/html/pofo/about-us-modern.html]
[www.themezaa.com/html/pofo/images/about-me-2.jpg]
[www.themezaa.com/html/pofo/images/about-me-5.jpg]
[www.themezaa.com/html/pofo/images/about-me-6.jpg]
[www.themezaa.com/html/pofo/images/parallax-bg28.jpg]
[www.themezaa.com/html/pofo/about-me.html]
[www.themezaa.com/html/pofo/images/services-bg.jpg]
[www.themezaa.com/html/pofo/images/services-img1.jpg]
[www.themezaa.com/html/pofo/images/services-img2.jpg]
[www.themezaa.com/html/pofo/images/services-img3.jpg]
[www.themezaa.com/html/pofo/services-simple.html]
[www.themezaa.com/html/pofo/images/services-img8.jpg]
[www.themezaa.com/html/pofo/images/services-img9.png]
[www.themezaa.com/html/pofo/services-classic.html]
[www.themezaa.com/html/pofo/images/parallax-bg20.jpg]
[www.themezaa.com/html/pofo/images/parallax-bg19.jpg]
[www.themezaa.com/html/pofo/images/services-img11.jpg]
[www.themezaa.com/html/pofo/images/parallax-bg22.jpg]
[www.themezaa.com/html/pofo/images/services-img12.jpg]
[www.themezaa.com/html/pofo/images/services-img13.jpg]
[www.themezaa.com/html/pofo/images/services-img14.jpg]
[www.themezaa.com/html/pofo/services-modern.html]
[www.themezaa.com/html/pofo/images/contact-banner.jpg]
[www.themezaa.com/html/pofo/images/flag-aus.jpg]
[www.themezaa.com/html/pofo/images/flag-france.jpg]
[www.themezaa.com/html/pofo/images/flag-switzerland.jpg]
[www.themezaa.com/html/pofo/images/parallax-bg23.jpg]
[www.themezaa.com/html/pofo/images/contact-img1.jpg]
[www.themezaa.com/html/pofo/contact-us-simple.html]
[www.themezaa.com/html/pofo/images/contact-img2.jpg]
[www.themezaa.com/html/pofo/contact-us-classic.html]
[www.themezaa.com/html/pofo/images/parallax-bg13.jpg]
[www.themezaa.com/html/pofo/contact-us-classic-02.html]
[www.themezaa.com/html/pofo/images/parallax-bg25.jpg]
[www.themezaa.com/html/pofo/images/parallax-bg24.jpg]
[www.themezaa.com/html/pofo/contact-us-modern.html]
[www.themezaa.com/html/pofo/images/parallax-bg26.jpg]
[www.themezaa.com/html/pofo/images/parallax-bg27.jpg]
[www.themezaa.com/html/pofo/images/team23.jpg]
[www.themezaa.com/html/pofo/images/team24.jpg]
[www.themezaa.com/html/pofo/images/team25.jpg]
[www.themezaa.com/html/pofo/team-simple.html]
[www.themezaa.com/html/pofo/images/team26.jpg]
[www.themezaa.com/html/pofo/images/team27.jpg]
[www.themezaa.com/html/pofo/images/team29.jpg]
[www.themezaa.com/html/pofo/images/team31.jpg]
[www.themezaa.com/html/pofo/images/team33.jpg]
[www.themezaa.com/html/pofo/images/image-9.jpg]
[www.themezaa.com/html/pofo/team-classic.html]
[www.themezaa.com/html/pofo/images/logo-18.png]
[www.themezaa.com/html/pofo/images/clients-img2.jpg]
[www.themezaa.com/html/pofo/images/clients-img3.jpg]
[www.themezaa.com/html/pofo/images/clients-img4.jpg]
[www.themezaa.com/html/pofo/images/logo-21.png]
[www.themezaa.com/html/pofo/images/logo-22.png]
[www.themezaa.com/html/pofo/images/logo-23.png]
[www.themezaa.com/html/pofo/images/logo-26.png]
[www.themezaa.com/html/pofo/images/logo-27.png]
[www.themezaa.com/html/pofo/images/logo-28.png]
[www.themezaa.com/html/pofo/images/logo-29.png]
[www.themezaa.com/html/pofo/images/logo-30.png]
[www.themezaa.com/html/pofo/our-clients.html]
[www.themezaa.com/html/pofo/images/parallax-bg31.jpg]
[www.themezaa.com/html/pofo/404.html]
[www.themezaa.com/html/pofo/images/coming-soon-img1.jpg]
[www.themezaa.com/html/pofo/coming-soon.html]
[www.themezaa.com/html/pofo/images/coming-soon-img2.jpg]
[www.themezaa.com/html/pofo/coming-soon-02.html]
[www.themezaa.com/html/pofo/faq.html]
[www.themezaa.com/html/pofo/maintenance.html]
[www.themezaa.com/html/pofo/images/blog-img37.jpg]
[www.themezaa.com/html/pofo/images/blog-img38.jpg]
[www.themezaa.com/html/pofo/images/blog-img59.jpg]
[www.themezaa.com/html/pofo/images/blog-img39.jpg]
[www.themezaa.com/html/pofo/images/blog-img54.jpg]
[www.themezaa.com/html/pofo/images/blog-img55.jpg]
[www.themezaa.com/html/pofo/images/blog-img56.jpg]
[www.themezaa.com/html/pofo/images/blog-img57.jpg]
[www.themezaa.com/html/pofo/images/blog-img58.jpg]
[www.themezaa.com/html/pofo/search-result.html]
[www.themezaa.com/html/pofo/images/parallax-bg32.jpg]
[www.themezaa.com/html/pofo/pricing.html]
[www.themezaa.com/html/pofo/images/parallax-bg33.jpg]
[www.themezaa.com/html/pofo/images/portfolio-item64.jpg]
[www.themezaa.com/html/pofo/images/portfolio-item65.jpg]
[www.themezaa.com/html/pofo/images/portfolio-item67.jpg]
[www.themezaa.com/html/pofo/images/portfolio-item68.jpg]
[www.themezaa.com/html/pofo/images/portfolio-item69.jpg]
[www.themezaa.com/html/pofo/images/portfolio-item70.jpg]
[www.themezaa.com/html/pofo/images/portfolio-item71.jpg]
[www.themezaa.com/html/pofo/images/portfolio-item72.jpg]
[www.themezaa.com/html/pofo/images/portfolio-item73.jpg]
[www.themezaa.com/html/pofo/images/portfolio-item74.jpg]
[www.themezaa.com/html/pofo/portfolio-full-width-grid-overlay.html]
[www.themezaa.com/html/pofo/images/parallax-bg34.jpg]
[www.themezaa.com/html/pofo/portfolio-full-width-grid-with-icon.html]
[www.themezaa.com/html/pofo/images/portfolio-item79.jpg]
[www.themezaa.com/html/pofo/portfolio-full-width-grid-transform.html]
[www.themezaa.com/html/pofo/images/parallax-bg39.jpg]
[www.themezaa.com/html/pofo/images/portfolio-item82.jpg]
[www.themezaa.com/html/pofo/images/portfolio-item84.jpg]
[www.themezaa.com/html/pofo/images/portfolio-item85.jpg]
[www.themezaa.com/html/pofo/images/portfolio-item86.jpg]
[www.themezaa.com/html/pofo/images/portfolio-item88.jpg]
[www.themezaa.com/html/pofo/images/portfolio-item89.jpg]
[www.themezaa.com/html/pofo/images/portfolio-item90.jpg]
[www.themezaa.com/html/pofo/images/portfolio-item91.jpg]
[www.themezaa.com/html/pofo/portfolio-full-width-grid-zooming.html]
[www.themezaa.com/html/pofo/images/portfolio-item93.jpg]
[www.themezaa.com/html/pofo/images/portfolio-item94.jpg]
[www.themezaa.com/html/pofo/images/portfolio-item95.jpg]
[www.themezaa.com/html/pofo/images/portfolio-item96.jpg]
[www.themezaa.com/html/pofo/images/portfolio-item98.jpg]
[www.themezaa.com/html/pofo/images/portfolio-item99.jpg]
[www.themezaa.com/html/pofo/images/portfolio-item102.jpg]
[www.themezaa.com/html/pofo/images/portfolio-item103.jpg]
[www.themezaa.com/html/pofo/portfolio-full-width-masonry-overlay.html]
[www.themezaa.com/html/pofo/images/portfolio-item105.jpg]
[www.themezaa.com/html/pofo/images/portfolio-item106.jpg]
[www.themezaa.com/html/pofo/images/portfolio-item107.jpg]
[www.themezaa.com/html/pofo/images/portfolio-item110.jpg]
[www.themezaa.com/html/pofo/images/portfolio-item109.jpg]
[www.themezaa.com/html/pofo/portfolio-full-width-masonry-with-icon.html]
[www.themezaa.com/html/pofo/portfolio-full-width-metro-overlay.html]
[www.themezaa.com/html/pofo/images/portfolio-item112.jpg]
[www.themezaa.com/html/pofo/images/portfolio-item113.jpg]
[www.themezaa.com/html/pofo/images/portfolio-item114.jpg]
[www.themezaa.com/html/pofo/images/portfolio-item111.jpg]
[www.themezaa.com/html/pofo/images/portfolio-item116.jpg]
[www.themezaa.com/html/pofo/portfolio-full-width-metro-with-icon.html]
[www.themezaa.com/html/pofo/images/portfolio-item119.jpg]
[www.themezaa.com/html/pofo/images/portfolio-item118.jpg]
[www.themezaa.com/html/pofo/images/portfolio-item121.jpg]
[www.themezaa.com/html/pofo/images/portfolio-item122.jpg]
[www.themezaa.com/html/pofo/images/portfolio-item124.jpg]
[www.themezaa.com/html/pofo/images/portfolio-item123.jpg]
[www.themezaa.com/html/pofo/portfolio-full-width-metro-transform.html]
[www.themezaa.com/html/pofo/portfolio-full-width-metro-zooming.html]
[www.themezaa.com/html/pofo/images/parallax-bg42.jpg]
[www.themezaa.com/html/pofo/images/portfolio-item128.jpg]
[www.themezaa.com/html/pofo/images/portfolio-item131.jpg]
[www.themezaa.com/html/pofo/images/portfolio-item132.jpg]
[www.themezaa.com/html/pofo/images/portfolio-item134.jpg]
[www.themezaa.com/html/pofo/images/portfolio-item136.jpg]
[www.themezaa.com/html/pofo/images/portfolio-item137.jpg]
[www.themezaa.com/html/pofo/images/portfolio-item138.jpg]
[www.themezaa.com/html/pofo/images/portfolio-item140.jpg]
[www.themezaa.com/html/pofo/images/portfolio-item142.jpg]
[www.themezaa.com/html/pofo/images/portfolio-item143.jpg]
[www.themezaa.com/html/pofo/images/portfolio-item144.jpg]
[www.themezaa.com/html/pofo/images/portfolio-item145.jpg]
[www.themezaa.com/html/pofo/images/portfolio-item147.jpg]
[www.themezaa.com/html/pofo/portfolio-full-width-image-gallery.html]
[www.themezaa.com/html/pofo/images/portfolio-item56.jpg]
[www.themezaa.com/html/pofo/images/portfolio-item153.jpg]
[www.themezaa.com/html/pofo/images/portfolio-item156.jpg]
[www.themezaa.com/html/pofo/images/portfolio-item157.jpg]
[www.themezaa.com/html/pofo/images/portfolio-item158.jpg]
[www.themezaa.com/html/pofo/images/portfolio-item159.jpg]
[www.themezaa.com/html/pofo/images/portfolio-item161.jpg]
[www.themezaa.com/html/pofo/images/portfolio-item148.jpg]
[www.themezaa.com/html/pofo/images/portfolio-item149.jpg]
[www.themezaa.com/html/pofo/images/portfolio-item151.jpg]
[www.themezaa.com/html/pofo/portfolio-full-width-justified-gallery.html]
[www.themezaa.com/html/pofo/images/portfolio-item162.jpg]
[www.themezaa.com/html/pofo/images/portfolio-item163.jpg]
[www.themezaa.com/html/pofo/images/portfolio-item164.jpg]
[www.themezaa.com/html/pofo/images/portfolio-item165.jpg]
[www.themezaa.com/html/pofo/images/portfolio-item166.jpg]
[www.themezaa.com/html/pofo/images/portfolio-item167.jpg]
[www.themezaa.com/html/pofo/images/portfolio-item169.jpg]
[www.themezaa.com/html/pofo/portfolio-full-width-carousel.html]
[www.themezaa.com/html/pofo/portfolio-full-width-parallax.html]
[www.themezaa.com/html/pofo/portfolio-boxed-grid-overlay.html]
[www.themezaa.com/html/pofo/portfolio-boxed-grid-with-icon.html]
[www.themezaa.com/html/pofo/portfolio-boxed-grid-transform.html]
[www.themezaa.com/html/pofo/portfolio-boxed-grid-zooming.html]
[www.themezaa.com/html/pofo/portfolio-boxed-masonry-overlay.html]
[www.themezaa.com/html/pofo/portfolio-boxed-masonry-with-icon.html]
[www.themezaa.com/html/pofo/portfolio-boxed-metro-overlay.html]
[www.themezaa.com/html/pofo/portfolio-boxed-metro-with-icon.html]
[www.themezaa.com/html/pofo/portfolio-boxed-metro-transform.html]
[www.themezaa.com/html/pofo/portfolio-boxed-metro-zooming.html]
[www.themezaa.com/html/pofo/portfolio-boxed-image-gallery.html]
[www.themezaa.com/html/pofo/portfolio-boxed-justified-gallery.html]
[www.themezaa.com/html/pofo/portfolio-boxed-carousel.html]
[www.themezaa.com/html/pofo/portfolio-boxed-parallax.html]
[www.themezaa.com/html/pofo/images/portfolio-detail-bg.jpg]
[www.themezaa.com/html/pofo/images/brochure-2.jpg]
[www.themezaa.com/html/pofo/images/portfolio-detail-design.png]
[www.themezaa.com/html/pofo/images/portfolio-detail-logo.png]
[www.themezaa.com/html/pofo/images/portfolio-detail-img-3.png]
[www.themezaa.com/html/pofo/images/item-image-1.jpg]
[www.themezaa.com/html/pofo/images/item-image-2.jpg]
[www.themezaa.com/html/pofo/images/item-image-3.jpg]
[www.themezaa.com/html/pofo/images/item-image-4.jpg]
[www.themezaa.com/html/pofo/single-project-page-01.html]
[www.themezaa.com/html/pofo/images/parallax-bg46.jpg]
[www.themezaa.com/html/pofo/images/single-project-02-img1.jpg]
[www.themezaa.com/html/pofo/images/single-project-02-img2.jpg]
[www.themezaa.com/html/pofo/images/single-project-02-img4.jpg]
[www.themezaa.com/html/pofo/images/single-project-02-img6.jpg]
[www.themezaa.com/html/pofo/images/single-project-02-img7.jpg]
[www.themezaa.com/html/pofo/single-project-page-02.html]
[www.themezaa.com/html/pofo/images/single-project-03-img1.jpg]
[www.themezaa.com/html/pofo/images/single-project-03-img2.jpg]
[www.themezaa.com/html/pofo/images/single-project-03-img3.jpg]
[www.themezaa.com/html/pofo/images/single-project-03-img4.jpg]
[www.themezaa.com/html/pofo/images/single-project-03-img5.jpg]
[www.themezaa.com/html/pofo/images/single-project-03-img11.jpg]
[www.themezaa.com/html/pofo/images/single-project-03-img8.jpg]
[www.themezaa.com/html/pofo/images/single-project-03-img6.jpg]
[www.themezaa.com/html/pofo/images/single-project-03-img12.jpg]
[www.themezaa.com/html/pofo/single-project-page-03.html]
[www.themezaa.com/html/pofo/images/single-project-04-img1.jpg]
[www.themezaa.com/html/pofo/images/single-project-04-img3.jpg]
[www.themezaa.com/html/pofo/images/single-project-04-img5.jpg]
[www.themezaa.com/html/pofo/images/single-project-04-img6.jpg]
[www.themezaa.com/html/pofo/images/single-project-04-img7.jpg]
[www.themezaa.com/html/pofo/images/single-project-04-img11.jpg]
[www.themezaa.com/html/pofo/images/single-project-04-img12.jpg]
[www.themezaa.com/html/pofo/images/single-project-04-img14.jpg]
[www.themezaa.com/html/pofo/images/single-project-04-img15.jpg]
[www.themezaa.com/html/pofo/images/single-project-04-img16.jpg]
[www.themezaa.com/html/pofo/images/single-project-04-img17.jpg]
[www.themezaa.com/html/pofo/single-project-page-04.html]
[www.themezaa.com/html/pofo/images/single-project-05-img1.png]
[www.themezaa.com/html/pofo/images/single-project-05-img2.jpg]
[www.themezaa.com/html/pofo/images/single-project-05-img4.jpg]
[www.themezaa.com/html/pofo/images/single-project-05-img5.jpg]
[www.themezaa.com/html/pofo/images/single-project-05-img6.jpg]
[www.themezaa.com/html/pofo/images/single-project-05-img7.jpg]
[www.themezaa.com/html/pofo/images/single-project-05-img10.jpg]
[www.themezaa.com/html/pofo/images/single-project-05-img9.jpg]
[www.themezaa.com/html/pofo/images/single-project-05-img8.jpg]
[www.themezaa.com/html/pofo/images/single-project-05-img12.jpg]
[www.themezaa.com/html/pofo/images/single-project-05-img13.jpg]
[www.themezaa.com/html/pofo/single-project-page-05.html]
[www.themezaa.com/html/pofo/images/single-project-06-img1.jpg]
[www.themezaa.com/html/pofo/images/single-project-06-img2.jpg]
[www.themezaa.com/html/pofo/images/single-project-06-img3.jpg]
[www.themezaa.com/html/pofo/images/single-project-06-img4.jpg]
[www.themezaa.com/html/pofo/images/single-project-06-img5.jpg]
[www.themezaa.com/html/pofo/images/single-project-06-img6.jpg]
[www.themezaa.com/html/pofo/images/single-project-06-img7.jpg]
[www.themezaa.com/html/pofo/images/single-project-06-img8.jpg]
[www.themezaa.com/html/pofo/images/single-project-06-img9.jpg]
[www.themezaa.com/html/pofo/images/single-project-06-img10.jpg]
[www.themezaa.com/html/pofo/images/single-project-06-img11.jpg]
[www.themezaa.com/html/pofo/single-project-page-06.html]
[www.themezaa.com/html/pofo/images/single-project-07-img1.jpg]
[www.themezaa.com/html/pofo/images/single-project-07-img2.jpg]
[www.themezaa.com/html/pofo/images/single-project-07-img3.jpg]
[www.themezaa.com/html/pofo/images/single-project-07-img4.jpg]
[www.themezaa.com/html/pofo/images/single-project-07-img5.jpg]
[www.themezaa.com/html/pofo/images/single-project-07-img6.jpg]
[www.themezaa.com/html/pofo/images/single-project-07-img7.jpg]
[www.themezaa.com/html/pofo/images/single-project-07-img8.jpg]
[www.themezaa.com/html/pofo/images/single-project-07-img10.jpg]
[www.themezaa.com/html/pofo/images/single-project-07-img9.jpg]
[www.themezaa.com/html/pofo/images/single-project-07-img11.jpg]
[www.themezaa.com/html/pofo/images/single-project-07-img12.jpg]
[www.themezaa.com/html/pofo/images/single-project-07-img13.jpg]
[www.themezaa.com/html/pofo/images/single-project-07-img14.jpg]
[www.themezaa.com/html/pofo/images/single-project-07-img15.jpg]
[www.themezaa.com/html/pofo/images/single-project-07-img16.jpg]
[www.themezaa.com/html/pofo/images/single-project-07-img17.jpg]
[www.themezaa.com/html/pofo/images/single-project-07-img18.jpg]
[www.themezaa.com/html/pofo/images/single-project-07-img19.jpg]
[www.themezaa.com/html/pofo/single-project-page-07.html]
[www.themezaa.com/html/pofo/images/single-project-08-img1.jpg]
[www.themezaa.com/html/pofo/images/single-project-08-img2.jpg]
[www.themezaa.com/html/pofo/images/single-project-08-img3.jpg]
[www.themezaa.com/html/pofo/images/single-project-08-img5.jpg]
[www.themezaa.com/html/pofo/images/single-project-08-img8.jpg]
[www.themezaa.com/html/pofo/images/single-project-08-img9.jpg]
[www.themezaa.com/html/pofo/images/single-project-08-img11.jpg]
[www.themezaa.com/html/pofo/images/single-project-08-img12.jpg]
[www.themezaa.com/html/pofo/single-project-page-08.html]
[www.themezaa.com/html/pofo/portfolio-two-columns.html]
[www.themezaa.com/html/pofo/portfolio-three-columns.html]
[www.themezaa.com/html/pofo/portfolio-four-columns.html]
[www.themezaa.com/html/pofo/portfolio-five-columns.html]
[www.themezaa.com/html/pofo/images/menu-banner-01.png]
[www.themezaa.com/html/pofo/images/blog-img10.jpg]
[www.themezaa.com/html/pofo/images/blog-img12.jpg]
[www.themezaa.com/html/pofo/blog-standard-full-width.html]
[www.themezaa.com/html/pofo/images/blog-img106.jpg]
[www.themezaa.com/html/pofo/images/blog-img107.jpg]
[www.themezaa.com/html/pofo/images/blog-img108.jpg]
[www.themezaa.com/html/pofo/blog-standard-with-left-sidebar.html]
[www.themezaa.com/html/pofo/images/blog-img110.jpg]
[www.themezaa.com/html/pofo/blog-standard-with-right-sidebar.html]
[www.themezaa.com/html/pofo/images/blog-img45.jpg]
[www.themezaa.com/html/pofo/images/blog-img46.jpg]
[www.themezaa.com/html/pofo/blog-classic.html]
[www.themezaa.com/html/pofo/images/blog-img23.jpg]
[www.themezaa.com/html/pofo/images/blog-img25.jpg]
[www.themezaa.com/html/pofo/images/blog-img27.jpg]
[www.themezaa.com/html/pofo/images/blog-img28.jpg]
[www.themezaa.com/html/pofo/images/blog-img30.jpg]
[www.themezaa.com/html/pofo/blog-classic-full-width.html]
[www.themezaa.com/html/pofo/blog-list.html]
[www.themezaa.com/html/pofo/blog-list-full-width.html]
[www.themezaa.com/html/pofo/images/blog-img42.jpg]
[www.themezaa.com/html/pofo/blog-grid.html]
[www.themezaa.com/html/pofo/images/blog-img49.jpg]
[www.themezaa.com/html/pofo/images/blog-img50.jpg]
[www.themezaa.com/html/pofo/images/blog-img51.jpg]
[www.themezaa.com/html/pofo/images/blog-img52.jpg]
[www.themezaa.com/html/pofo/images/blog-img53.jpg]
[www.themezaa.com/html/pofo/images/blog-img60.jpg]
[www.themezaa.com/html/pofo/images/blog-img61.jpg]
[www.themezaa.com/html/pofo/blog-grid-full-width.html]
[www.themezaa.com/html/pofo/blog-masonry.html]
[www.themezaa.com/html/pofo/images/blog-img74.jpg]
[www.themezaa.com/html/pofo/images/blog-img75.jpg]
[www.themezaa.com/html/pofo/images/blog-img79.jpg]
[www.themezaa.com/html/pofo/images/blog-img81.jpg]
[www.themezaa.com/html/pofo/images/blog-img82.jpg]
[www.themezaa.com/html/pofo/images/blog-img83.jpg]
[www.themezaa.com/html/pofo/images/blog-img85.jpg]
[www.themezaa.com/html/pofo/images/blog-img87.jpg]
[www.themezaa.com/html/pofo/images/blog-img86.jpg]
[www.themezaa.com/html/pofo/blog-masonry-full-width.html]
[www.themezaa.com/html/pofo/images/avtar-05.jpg]
[www.themezaa.com/html/pofo/images/avtar-06.jpg]
[www.themezaa.com/html/pofo/images/avtar-17.jpg]
[www.themezaa.com/html/pofo/images/avtar-18.jpg]
[www.themezaa.com/html/pofo/blog-simple.html]
[www.themezaa.com/html/pofo/blog-simple-full-width.html]
[www.themezaa.com/html/pofo/images/blog-img111.jpg]
[www.themezaa.com/html/pofo/images/blog-img112.jpg]
[www.themezaa.com/html/pofo/images/blog-img113.jpg]
[www.themezaa.com/html/pofo/images/blog-img114.jpg]
[www.themezaa.com/html/pofo/images/blog-img92.jpg]
[www.themezaa.com/html/pofo/images/blog-img93.jpg]
[www.themezaa.com/html/pofo/images/blog-img95.jpg]
[www.themezaa.com/html/pofo/images/blog-img97.jpg]
[www.themezaa.com/html/pofo/blog-clean.html]
[www.themezaa.com/html/pofo/images/blog-img98.jpg]
[www.themezaa.com/html/pofo/images/blog-img100.jpg]
[www.themezaa.com/html/pofo/images/blog-img101.jpg]
[www.themezaa.com/html/pofo/images/blog-img102.jpg]
[www.themezaa.com/html/pofo/images/blog-img104.jpg]
[www.themezaa.com/html/pofo/blog-clean-full-width.html]
[www.themezaa.com/html/pofo/blog-images.html]
[www.themezaa.com/html/pofo/blog-images-full-width.html]
[www.themezaa.com/html/pofo/blog-only-text.html]
[www.themezaa.com/html/pofo/blog-only-text-full-width.html]
[www.themezaa.com/html/pofo/images/parallax-bg58.jpg]
[www.themezaa.com/html/pofo/images/blog-details-img17.jpg]
[www.themezaa.com/html/pofo/images/blog-details-img18.jpg]
[www.themezaa.com/html/pofo/blog-post-layout-01.html]
[www.themezaa.com/html/pofo/images/parallax-bg51.jpg]
[www.themezaa.com/html/pofo/images/blog-details-img1.jpg]
[www.themezaa.com/html/pofo/images/parallax-bg52.jpg]
[www.themezaa.com/html/pofo/blog-post-layout-02.html]
[www.themezaa.com/html/pofo/images/blog-details-img12.jpg]
[www.themezaa.com/html/pofo/images/blog-details-img13.jpg]
[www.themezaa.com/html/pofo/images/blog-details-img14.jpg]
[www.themezaa.com/html/pofo/blog-post-layout-03.html]
[www.themezaa.com/html/pofo/images/parallax-bg53.jpg]
[www.themezaa.com/html/pofo/images/blog-details-img2.jpg]
[www.themezaa.com/html/pofo/images/blog-details-img4.jpg]
[www.themezaa.com/html/pofo/images/blog-details-img5.jpg]
[www.themezaa.com/html/pofo/blog-post-layout-04.html]
[www.themezaa.com/html/pofo/images/parallax-bg54.jpg]
[www.themezaa.com/html/pofo/images/parallax-bg55.jpg]
[www.themezaa.com/html/pofo/images/blog-details-img10.jpg]
[www.themezaa.com/html/pofo/blog-post-layout-05.html]
[www.themezaa.com/html/pofo/images/blog-details-img19.jpg]
[www.themezaa.com/html/pofo/images/blog-details-img20.jpg]
[www.themezaa.com/html/pofo/images/blog-details-img21.jpg]
[www.themezaa.com/html/pofo/blog-standard-post.html]
[www.themezaa.com/html/pofo/blog-gallery-post.html]
[www.themezaa.com/html/pofo/images/blog-img34.jpg]
[www.themezaa.com/html/pofo/blog-slider-post.html]
[www.themezaa.com/html/pofo/blog-html5-video-post.html]
[www.themezaa.com/html/pofo/blog-youtube-video-post.html]
[www.themezaa.com/html/pofo/blog-vimeo-video-post.html]
[www.themezaa.com/html/pofo/blog-audio-post.html]
[www.themezaa.com/html/pofo/blog-blockquote-post.html]
[www.themezaa.com/html/pofo/blog-full-width-post.html]
[www.themezaa.com/html/pofo/accordions.html]
[www.themezaa.com/html/pofo/buttons.html]
[www.themezaa.com/html/pofo/team.html]
[www.themezaa.com/html/pofo/team-carousel.html]
[www.themezaa.com/html/pofo/clients.html]
[www.themezaa.com/html/pofo/client-carousel.html]
[www.themezaa.com/html/pofo/subscribe.html]
[www.themezaa.com/html/pofo/call-to-action.html]
[www.themezaa.com/html/pofo/tab.html]
[www.themezaa.com/html/pofo/google-map.html]
[www.themezaa.com/html/pofo/text-slider.html]
[www.google.com/recaptcha/api.js]
[www.themezaa.com/html/pofo/contact-form.html]
[www.themezaa.com/html/pofo/image-gallery.html]
[www.themezaa.com/html/pofo/progress-bar.html]
[www.themezaa.com/html/pofo/icon-with-text.html]
[www.themezaa.com/html/pofo/overline-icon-box.html]
[www.themezaa.com/html/pofo/images/image-icon10.png]
[www.themezaa.com/html/pofo/images/image-icon11.png]
[www.themezaa.com/html/pofo/images/image-icon12.png]
[www.themezaa.com/html/pofo/images/image-icon13.png]
[www.themezaa.com/html/pofo/custom-icon-with-text.html]
[www.themezaa.com/html/pofo/images/counter-avtar1.png]
[www.themezaa.com/html/pofo/images/counter-avtar2.png]
[www.themezaa.com/html/pofo/images/counter-avtar3.png]
[www.themezaa.com/html/pofo/images/counter-avtar4.png]
[www.themezaa.com/html/pofo/counters.html]
[www.themezaa.com/html/pofo/countdown.html]
[www.themezaa.com/html/pofo/images/parallax-bg29.jpg]
[www.themezaa.com/html/pofo/pie-charts.html]
[www.themezaa.com/html/pofo/text-box.html]
[www.themezaa.com/html/pofo/fancy-text-box.html]
[www.themezaa.com/html/pofo/testimonials.html]
[www.themezaa.com/html/pofo/testimonials-carousel.html]
[www.themezaa.com/html/pofo/video/video.ogg]
[www.themezaa.com/html/pofo/video/video.webm]
[www.themezaa.com/html/pofo/video.html]
[www.themezaa.com/html/pofo/interactive-banners.html]
[www.themezaa.com/html/pofo/services.html]
[www.themezaa.com/html/pofo/portfolio-slider.html]
[www.themezaa.com/html/pofo/info-banner.html]
[www.themezaa.com/html/pofo/rotate-box.html]
[www.themezaa.com/html/pofo/process-step.html]
[www.themezaa.com/html/pofo/blog-posts.html]
[www.themezaa.com/html/pofo/instagram.html]
[www.themezaa.com/html/pofo/parallax-scrolling.html]
[www.themezaa.com/html/pofo/heading.html]
[www.themezaa.com/html/pofo/dropcaps.html]
[www.themezaa.com/html/pofo/columns.html]
[www.themezaa.com/html/pofo/blockquote.html]
[www.themezaa.com/html/pofo/highlights.html]
[www.themezaa.com/html/pofo/message-box.html]
[www.themezaa.com/html/pofo/social-icons.html]
[www.themezaa.com/html/pofo/lists.html]
[www.themezaa.com/html/pofo/seperators.html]
[www.themezaa.com/html/pofo/pricing-table.html]
[www.themezaa.com/html/pofo/images/homepage-3-slider-img-6.jpg]
[www.themezaa.com/html/pofo/images/homepage-3-slider-img-5.jpg]
[www.themezaa.com/html/pofo/images/homepage-3-slider-img-4.jpg]
[www.themezaa.com/html/pofo/transparent-header.html]
[www.themezaa.com/html/pofo/white-header.html]
[www.themezaa.com/html/pofo/dark-header.html]
[www.themezaa.com/html/pofo/header-with-top-bar.html]
[www.themezaa.com/html/pofo/header-with-sticky-top-bar.html]
[www.themezaa.com/html/pofo/images/parallax-bg59.jpg]
[www.themezaa.com/html/pofo/header-with-push.html]
[www.themezaa.com/html/pofo/images/parallax-bg60.jpg]
[www.themezaa.com/html/pofo/center-navigation.html]
[www.themezaa.com/html/pofo/images/parallax-bg61.jpg]
[www.themezaa.com/html/pofo/images/blog-img36.jpg]
[www.themezaa.com/html/pofo/center-logo.html]
[www.themezaa.com/html/pofo/images/slider-image1.jpg]
[www.themezaa.com/html/pofo/images/slider-image2.jpg]
[www.themezaa.com/html/pofo/images/slider-image3.jpg]
[www.themezaa.com/html/pofo/top-logo.html]
[www.themezaa.com/html/pofo/one-page-navigation.html]
[www.themezaa.com/html/pofo/hamburger-menu.html]
[www.themezaa.com/html/pofo/images/parallax-bg62.jpg]
[www.themezaa.com/html/pofo/hamburger-menu-modern.html]
[www.themezaa.com/html/pofo/images/homepage-option17-banner-bg2.jpg]
[www.themezaa.com/html/pofo/hamburger-menu-half.html]
[www.themezaa.com/html/pofo/images/homepage-4-slider-img-4.jpg]
[www.themezaa.com/html/pofo/images/homepage-4-slider-img-5.jpg]
[www.themezaa.com/html/pofo/left-menu-classic.html]
[www.themezaa.com/html/pofo/left-menu-modern.html]
[www.themezaa.com/html/pofo/images/parallax-bg14.jpg]
[www.themezaa.com/html/pofo/footer-standard.html]
[www.themezaa.com/html/pofo/footer-standard-dark.html]
[www.themezaa.com/html/pofo/footer-classic.html]
[www.themezaa.com/html/pofo/images/video-image.jpg]
[www.themezaa.com/html/pofo/footer-classic-dark.html]
[www.themezaa.com/html/pofo/footer-clean.html]
[www.themezaa.com/html/pofo/footer-clean-dark.html]
[www.themezaa.com/html/pofo/footer-modern.html]
[www.themezaa.com/html/pofo/footer-modern-dark.html]
[www.themezaa.com/html/pofo/footer-center-logo.html]
[www.themezaa.com/html/pofo/footer-center-logo-dark.html]
[www.themezaa.com/html/pofo/footer-strip.html]
[www.themezaa.com/html/pofo/footer-strip-dark.html]
[www.themezaa.com/html/pofo/footer-center-logo-02.html]
[www.themezaa.com/html/pofo/footer-center-logo-02-dark.html]
[www.themezaa.com/html/pofo/footer-clean-modern.html]
[www.themezaa.com/html/pofo/footer-clean-modern-dark.html]
[www.themezaa.com/html/pofo/page-title-left-alignment.html]
[www.themezaa.com/html/pofo/page-title-right-alignment.html]
[www.themezaa.com/html/pofo/page-title-center-alignment.html]
[www.themezaa.com/html/pofo/page-title-dark-style.html]
[www.themezaa.com/html/pofo/page-title-big-typography.html]
[www.themezaa.com/html/pofo/page-title-parallax-image-background.html]
[www.themezaa.com/html/pofo/page-title-background-breadcrumbs.html]
[www.themezaa.com/html/pofo/page-title-gallery-background.html]
[www.themezaa.com/html/pofo/page-title-background-video.html]
[www.themezaa.com/html/pofo/page-title-mini-version.html]
[www.themezaa.com/html/pofo/single-image-lightbox.html]
[www.themezaa.com/html/pofo/lightbox-gallery.html]
[www.themezaa.com/html/pofo/zoom-gallery.html]
[www.themezaa.com/html/pofo/metro-gallery.html]
[www.themezaa.com/html/pofo/justified-gallery.html]
[www.themezaa.com/html/pofo/popup-with-form.html]
[www.themezaa.com/html/pofo/modal-popup.html]
[www.themezaa.com/html/pofo/open-youtube-video.html]
[www.themezaa.com/html/pofo/open-vimeo-video.html]
[www.themezaa.com/html/pofo/open-google-map.html]
[www.themezaa.com/html/pofo/images/homepage-3-slider-img-3.jpg]
[www.themezaa.com/html/pofo/images/portfolio-item80.jpg]
[www.themezaa.com/html/pofo/images/portfolio-item25.jpg]
[www.themezaa.com/html/pofo/images/portfolio-item19.jpg]
[www.themezaa.com/html/pofo/images/image-8.jpg]
[www.themezaa.com/html/pofo/images/latest-blog7.jpg]
[www.themezaa.com/html/pofo/images/latest-blog3.jpg]
[www.themezaa.com/html/pofo/js/jquery.min.js]
[www.themezaa.com/html/pofo/fonts/fa-brands-400.ttf]
[www.themezaa.com/html/pofo/fonts/fa-brands-400.svg]
[www.themezaa.com/html/pofo/fonts/fa-regular-400.eot]
[www.themezaa.com/html/pofo/fonts/fa-regular-400.woff2]
[www.themezaa.com/html/pofo/fonts/fa-regular-400.woff]
[www.themezaa.com/html/pofo/fonts/fa-regular-400.svg]
[www.themezaa.com/html/pofo/fonts/fa-solid-900.svg]
[www.themezaa.com/html/pofo/fonts/themify9f24.svg]
[www.themezaa.com/html/pofo/fonts/fa-solid-900d41d.eot]
[www.themezaa.com/html/pofo/fonts/et-line.svg]
[www.themezaa.com/html/pofo/fonts/et-line.woff]
[www.themezaa.com/html/pofo/revolution/fonts/revicons/revicons90c6.woff]
[www.themezaa.com/html/pofo/revolution/fonts/revicons/revicons90c6.svg]
[www.themezaa.com/html/pofo/revolution/css/openhand.html]
[www.themezaa.com/html/pofo/revolution/css/closedhand.html]
[www.themezaa.com/html/pofo/revolution/assets/gridtile_3x3.png]
[www.themezaa.com/html/pofo/documentation/images/favicon.png]
[www.themezaa.com/html/pofo/documentation/css/bootstrap.min.css]
[www.themezaa.com/html/pofo/documentation/css/font-awesome.min.css]
[www.themezaa.com/html/pofo/documentation/css/et-line-icons.css]
[www.themezaa.com/html/pofo/documentation/css/themify-icons.css]
[www.themezaa.com/html/pofo/documentation/css/jquery.mCustomScrollbar.css]
[www.themezaa.com/html/pofo/documentation/css/style.css]
[www.themezaa.com/html/pofo/documentation/images/logo.png]
[www.themezaa.com/html/pofo/documentation/images/logo-setting.png]
[www.themezaa.com/html/pofo/documentation/images/pofo-portfolio-home-classic-digital-agency.jpg]
[www.themezaa.com/html/pofo/documentation/images/pofo-portfolio-home-creative-studio.jpg]
[www.themezaa.com/html/pofo/documentation/images/pofo-portfolio-home-classic-interactive-agency.jpg]
[www.themezaa.com/html/pofo/documentation/images/pofo-portfolio-home-classic-web-agency.jpg]
[www.themezaa.com/html/pofo/documentation/images/pofo-portfolio-home-classic-one-page.jpg]
[www.themezaa.com/html/pofo/documentation/images/pofo-portfolio-home-creative-business.jpg]
[www.themezaa.com/html/pofo/documentation/images/pofo-portfolio-home-creative-small-business.jpg]
[www.themezaa.com/html/pofo/documentation/images/pofo-portfolio-home-portfolio-minimal.jpg]
[www.themezaa.com/html/pofo/documentation/images/pofo-portfolio-home-portfolio-parallax.jpg]
[www.themezaa.com/html/pofo/documentation/images/pofo-portfolio-home-blog-clean.jpg]
[www.themezaa.com/html/pofo/documentation/images/pofo-portfolio-home-creative-branding-agency.jpg]
[www.themezaa.com/html/pofo/documentation/images/pofo-portfolio-home-blog-personal.jpg]
[www.themezaa.com/html/pofo/documentation/images/pofo-portfolio-home-portfolio-photographer.jpg]
[www.themezaa.com/html/pofo/documentation/images/pofo-portfolio-home-portfolio-metro.jpg]
[www.themezaa.com/html/pofo/documentation/images/pofo-portfolio-home-blog-masonry.jpg]
[www.themezaa.com/html/pofo/documentation/images/pofo-portfolio-home-creative-designer.jpg]
[www.themezaa.com/html/pofo/documentation/images/pofo-portfolio-home-blog-grid.jpg]
[www.themezaa.com/html/pofo/documentation/images/pofo-portfolio-home-portfolio-personal.jpg]
[www.themezaa.com/html/pofo/documentation/images/pofo-portfolio-under-maintenance.jpg]
[www.themezaa.com/html/pofo/documentation/images/pofo-portfolio-coming-soon-02.jpg]
[www.themezaa.com/html/pofo/documentation/images/pofo-portfolio-home-creative-simple-portfolio.jpg]
[www.themezaa.com/html/pofo/documentation/images/pofo-portfolio-home-portfolio-centered-slides.jpg]
[www.themezaa.com/html/pofo/documentation/images/home-creative-agency.jpg]
[www.themezaa.com/html/pofo/documentation/images/home-classic-business.jpg]
[www.themezaa.com/html/pofo/documentation/images/transparent-header.png]
[www.themezaa.com/html/pofo/documentation/images/white-header.png]
[www.themezaa.com/html/pofo/documentation/images/dark-header.png]
[www.themezaa.com/html/pofo/documentation/images/header-with-topbar.png]
[www.themezaa.com/html/pofo/documentation/images/header-with-push.png]
[www.themezaa.com/html/pofo/documentation/images/center-navigation.png]
[www.themezaa.com/html/pofo/documentation/images/center-logo.png]
[www.themezaa.com/html/pofo/documentation/images/top-logo.png]
[www.themezaa.com/html/pofo/documentation/images/hamburg-menu.png]
[www.themezaa.com/html/pofo/documentation/images/left-menu-classic.png]
[www.themezaa.com/html/pofo/documentation/images/left-menu-modern.png]
[www.themezaa.com/html/pofo/documentation/images/megamenu.png]
[www.themezaa.com/html/pofo/documentation/images/megamenu-with-image.png]
[www.themezaa.com/html/pofo/documentation/images/simple-menu.png]
[www.themezaa.com/html/pofo/documentation/images/one-page-navigation.png]
[www.themezaa.com/html/pofo/documentation/images/left-align-title.png]
[www.themezaa.com/html/pofo/documentation/images/right-align-title.png]
[www.themezaa.com/html/pofo/documentation/images/center-align-title.png]
[www.themezaa.com/html/pofo/documentation/images/dark-title.png]
[www.themezaa.com/html/pofo/documentation/images/big-typography-title.png]
[www.themezaa.com/html/pofo/documentation/images/parallax-background-title.png]
[www.themezaa.com/html/pofo/documentation/images/Image-after-breadcrumbs-title.png]
[www.themezaa.com/html/pofo/documentation/images/gallery-background-title.png]
[www.themezaa.com/html/pofo/documentation/images/background-video-title.png]
[www.themezaa.com/html/pofo/documentation/images/mini-version-title.png]
[www.themezaa.com/html/pofo/documentation/images/page-full-width.png]
[www.themezaa.com/html/pofo/documentation/images/page-with-left-sidebar.png]
[www.themezaa.com/html/pofo/documentation/images/page-with-right-sidebar.png]
[www.themezaa.com/html/pofo/documentation/images/swiper-slider-fullscreen.png]
[www.themezaa.com/html/pofo/documentation/images/swiper-slider-half-screen.png]
[www.themezaa.com/html/pofo/documentation/images/revolution-slider.png]
[www.themezaa.com/html/pofo/documentation/images/slider-typography.png]
[www.themezaa.com/html/pofo/documentation/images/accordions.png]
[www.themezaa.com/html/pofo/documentation/images/blog-post.png]
[www.themezaa.com/html/pofo/blog-post.525.delayed]
[www.themezaa.com/html/pofo/documentation/images/blockquote.png]
[www.themezaa.com/html/pofo/documentation/images/buttons.png]
[www.themezaa.com/html/pofo/documentation/images/call-to-action.png]
[www.themezaa.com/html/pofo/documentation/images/clients.png]
[www.themezaa.com/html/pofo/documentation/images/contact-form.png]
[www.themezaa.com/html/pofo/documentation/images/columns.png]
[www.themezaa.com/html/pofo/documentation/images/counters.png]
[www.themezaa.com/html/pofo/documentation/images/countdown.png]
[www.themezaa.com/html/pofo/documentation/images/custom-icon-with-text.png]
[www.themezaa.com/html/pofo/documentation/images/dropcaps.png]
[www.themezaa.com/html/pofo/documentation/images/fancy-text-box.png]
[www.themezaa.com/html/pofo/documentation/images/icon-style.png]
[www.themezaa.com/html/pofo/documentation/images/google-map.png]
[www.themezaa.com/html/pofo/documentation/images/heading.png]
[www.themezaa.com/html/pofo/documentation/images/instagram.png]
[www.themezaa.com/html/pofo/documentation/images/info-banner.png]
[www.themezaa.com/html/pofo/documentation/images/interactive-banner.png]
[www.themezaa.com/html/pofo/documentation/images/image-gallery.png]
[www.themezaa.com/html/pofo/documentation/images/lists.png]
[www.themezaa.com/html/pofo/documentation/images/message-box.png]
[www.themezaa.com/html/pofo/documentation/images/overline-iconbox.png]
[www.themezaa.com/html/pofo/documentation/images/parallax-scrolling.png]
[www.themezaa.com/html/pofo/documentation/images/pie-charts.png]
[www.themezaa.com/html/pofo/documentation/images/portfolio-slider.png]
[www.themezaa.com/html/pofo/documentation/images/pricing-table.png]
[www.themezaa.com/html/pofo/process-bar.543.delayed]
[www.themezaa.com/html/pofo/documentation/images/process-steps.png]
[www.themezaa.com/html/pofo/process-steps.html]
[www.themezaa.com/html/pofo/documentation/images/rotate-box.png]
[www.themezaa.com/html/pofo/documentation/images/services.png]
[www.themezaa.com/html/pofo/documentation/images/social-icons.png]
[www.themezaa.com/html/pofo/documentation/images/subscribe.png]
[www.themezaa.com/html/pofo/documentation/images/tabs.png]
[www.themezaa.com/html/pofo/documentation/images/team.png]
[www.themezaa.com/html/pofo/documentation/images/team-carousel.png]
[www.themezaa.com/html/pofo/documentation/images/text-slider.png]
[www.themezaa.com/html/pofo/documentation/images/text-box.png]
[www.themezaa.com/html/pofo/documentation/images/testimonials.png]
[www.themezaa.com/html/pofo/documentation/images/testimonials-carousel.png]
[www.themezaa.com/html/pofo/testimonials-carousel.551.delayed]
[www.themezaa.com/html/pofo/documentation/images/video.png]
[www.themezaa.com/html/pofo/documentation/images/portfolio-grid-with-icon.png]
[www.themezaa.com/html/pofo/documentation/images/portfolio-grid-zooming.png]
[www.themezaa.com/html/pofo/documentation/images/portfolio-masonry-overlay.png]
[www.themezaa.com/html/pofo/documentation/images/portfolio-masonry-with-icon.png]
[www.themezaa.com/html/pofo/documentation/images/portfolio-metro-overlay.png]
[www.themezaa.com/html/pofo/documentation/images/portfolio-metro-with-icon.png]
[www.themezaa.com/html/pofo/documentation/images/portfolio-metro-transform.png]
[www.themezaa.com/html/pofo/documentation/images/portfolio-metro-zooming.png]
[www.themezaa.com/html/pofo/documentation/images/portfolio-image-gallery.png]
[www.themezaa.com/html/pofo/documentation/images/portfolio-justified.png]
[www.themezaa.com/html/pofo/documentation/images/portfolio-carousel.png]
[www.themezaa.com/html/pofo/documentation/images/portfolio-parallax.png]
[www.themezaa.com/html/pofo/documentation/images/single-project-page-01.png]
[www.themezaa.com/html/pofo/documentation/images/single-project-page-02.png]
[www.themezaa.com/html/pofo/documentation/images/single-project-page-03.png]
[www.themezaa.com/html/pofo/documentation/images/single-project-page-04.png]
[www.themezaa.com/html/pofo/documentation/images/single-project-page-05.png]
[www.themezaa.com/html/pofo/documentation/images/single-project-page-06.png]
[www.themezaa.com/html/pofo/documentation/images/single-project-page-07.png]
[www.themezaa.com/html/pofo/documentation/images/single-project-page-08.png]
[www.themezaa.com/html/pofo/documentation/images/blog-standard.png]
[www.themezaa.com/html/pofo/documentation/images/blog-classic.png]
[www.themezaa.com/html/pofo/documentation/images/blog-list.png]
[www.themezaa.com/html/pofo/documentation/images/blog-grid.png]
[www.themezaa.com/html/pofo/documentation/images/blog-masonry.png]
[www.themezaa.com/html/pofo/documentation/images/blog-simple.png]
[www.themezaa.com/html/pofo/documentation/images/blog-image.png]
[www.themezaa.com/html/pofo/documentation/images/blog-only-text.png]
[www.themezaa.com/html/pofo/documentation/images/blog-left-sidebar.png]
[www.themezaa.com/html/pofo/documentation/images/blog-right-sidebar.png]
[www.themezaa.com/html/pofo/documentation/images/gallery-post.png]
[www.themezaa.com/html/pofo/documentation/images/slider-post.png]
[www.themezaa.com/html/pofo/documentation/images/html5-video-post.png]
[www.themezaa.com/html/pofo/documentation/images/youtube-post.png]
[www.themezaa.com/html/pofo/documentation/images/vimeo-post.png]
[www.themezaa.com/html/pofo/documentation/images/audio-post.png]
[www.themezaa.com/html/pofo/documentation/images/blockquote-post.png]
[www.themezaa.com/html/pofo/documentation/images/blog-post-layout-02.png]
[www.themezaa.com/html/pofo/documentation/images/blog-post-layout-03.png]
[www.themezaa.com/html/pofo/documentation/images/blog-post-layout-04.png]
[www.themezaa.com/html/pofo/documentation/images/blog-post-layout-05.png]
[www.themezaa.com/html/pofo/documentation/images/project-form.png]
[www.themezaa.com/html/pofo/documentation/images/contact-us.png]
[www.themezaa.com/html/pofo/documentation/images/litho-multipurpose-wordpress-theme.jpg]
[www.themezaa.com/html/pofo/documentation/images/litho-the-multipurpose-html5-template.jpg]
[www.themezaa.com/html/pofo/documentation/images/template-pofo-wordpress.jpg]
[www.themezaa.com/html/pofo/documentation/images/template-brando-wordpress.jpg]
[www.themezaa.com/html/pofo/documentation/images/template-paperio.jpg]
[www.themezaa.com/html/pofo/documentation/images/template-h-code.jpg]
[www.themezaa.com/html/pofo/documentation/images/template-emailio.jpg]
[www.themezaa.com/html/pofo/documentation/images/template-mee.jpg]
[www.themezaa.com/html/pofo/documentation/images/template-sturlly.jpg]
[www.themezaa.com/html/pofo/documentation/images/template-muu.jpg]
[www.themezaa.com/html/pofo/documentation/images/themezaa-logo.png]
[www.themezaa.com/html/pofo/documentation/js/jquery.min.js]
[www.themezaa.com/html/pofo/documentation/js/bootstrap.min.js]
[www.themezaa.com/html/pofo/documentation/js/custom.js]
[www.themezaa.com/html/pofo/documentation/index.html]
[www.themezaa.com/html/pofo/documentation/js/jquery.mCustomScrollbar.min.js]
[www.themezaa.com/html/pofo/images/pofo-portfolio-classic-start-up.jpg]
[www.themezaa.com/html/pofo/images/pofo-portfolio-blog-clean.jpg]
[www.themezaa.com/html/pofo/images/pofo-portfolio-blog-masonry.jpg]
[www.themezaa.com/html/pofo/images/pofo-portfolio-coming-soon.jpg]
[www.themezaa.com/html/pofo/images/pofo-portfolio-centered-slides.jpg]
[www.themezaa.com/html/pofo/images/home-classic-business.jpg]
[www.themezaa.com/html/pofo/images/pofo-menu-options-img-05.jpg]
[www.themezaa.com/html/pofo/images/pofo-menu-options-img-08.jpg]
[www.themezaa.com/html/pofo/images/pofo-menu-options-img-11.jpg]
[www.themezaa.com/html/pofo/images/pofo-creativeblog-style.png]
[www.themezaa.com/html/pofo/images/pofo-layoutbox-img01.png]
[www.themezaa.com/html/pofo/images/pofo-layout-img02.png]
[www.themezaa.com/html/pofo/images/pofo-icon-03.png]
[www.themezaa.com/html/pofo/images/pofo-icon-13.png]
[www.themezaa.com/html/pofo/images/services-classic-03.jpg]
[www.themezaa.com/html/pofo/images/portfolio-item32.jpg]
[www.themezaa.com/html/pofo/images/portfolio-item40.jpg]
[www.themezaa.com/html/pofo/images/portfolio-item41.jpg]
[www.themezaa.com/html/pofo/images/image-right.png]
[www.themezaa.com/html/pofo/images/team18.jpg]
[www.themezaa.com/html/pofo/images/team17.jpg]
[www.themezaa.com/html/pofo/images/logo-full-white.png]
[www.themezaa.com/html/pofo/images/transparent.png]
[www.themezaa.com/html/pofo/images/homepage-option15-image-5.jpg]
[www.themezaa.com/html/pofo/images/portfolio-image2.jpg]
[www.themezaa.com/html/pofo/images/portfolio-image6.jpg]
[www.themezaa.com/html/pofo/images/latest-blog1.jpg]
[www.themezaa.com/html/pofo/images/homepage-9-parallax-img4.jpg]
[www.themezaa.com/html/pofo/images/team15.jpg]
[www.themezaa.com/html/pofo/images/portfolio-item11.jpg]
[www.themezaa.com/html/pofo/images/portfolio-item18.jpg]
[www.themezaa.com/html/pofo/images/homepage-3-parallax-img2.jpg]
[www.themezaa.com/html/pofo/images/avtar-07.jpg]
[www.themezaa.com/html/pofo/images/avtar-09.jpg]
[www.themezaa.com/html/pofo/images/slider-03.jpg]
[www.themezaa.com/html/pofo/images/homepage-11-masonary-05.jpg]
[www.themezaa.com/html/pofo/images/image-6.jpg]
[www.themezaa.com/html/pofo/images/masonary-img-12.jpg]
[www.themezaa.com/html/pofo/images/masonary-img-16.jpg]
[www.themezaa.com/html/pofo/images/team16.jpg]
[www.themezaa.com/html/pofo/home-creative-simple-portfolio.html]
[www.themezaa.com/html/pofo/images/homepage-4-slider-img-3.jpg]
[www.themezaa.com/html/pofo/images/homepage-4-section2-img.jpg]
[www.themezaa.com/html/pofo/images/homepage-4-portfolio6.jpg]
[www.themezaa.com/html/pofo/images/homepage-option20-image05.jpg]
[www.themezaa.com/html/pofo/images/awards-logo-04.png]
[www.themezaa.com/html/pofo/images/back-image3.png]
[www.themezaa.com/html/pofo/images/logo-13.png]
[www.themezaa.com/html/pofo/www.wordpress.html]
[www.themezaa.com/html/pofo/images/slider-06.jpg]
[www.themezaa.com/html/pofo/images/slider-05.jpg]
[www.themezaa.com/html/pofo/images/image-10.jpg]
[www.themezaa.com/html/pofo/images/homepage-9-parallax-img7.jpg]
[www.themezaa.com/html/pofo/images/team36.jpg]
[www.themezaa.com/html/pofo/images/blog-img122.jpg]
[www.themezaa.com/html/pofo/images/menu-background-1.png]
[www.themezaa.com/html/pofo/images/homepage-2-slider-img-1.jpg]
[www.themezaa.com/html/pofo/images/homepage-2-slider-img-4.jpg]
[www.themezaa.com/html/pofo/images/portfolio-image8.jpg]
[www.themezaa.com/html/pofo/images/portfolio-image11.jpg]
[www.themezaa.com/html/pofo/images/portfolio-image17.jpg]
[www.themezaa.com/html/pofo/images/homepage-19-slider-06.jpg]
[www.themezaa.com/html/pofo/images/homepage-19-slider-08.jpg]
[www.themezaa.com/html/pofo/images/portfolio-item44.jpg]
[www.themezaa.com/html/pofo/images/portfolio-item48.jpg]
[www.themezaa.com/html/pofo/images/portfolio-item51.jpg]
[www.themezaa.com/html/pofo/images/portfolio-item59.jpg]
[www.themezaa.com/html/pofo/images/contact-me2.jpg]
[www.themezaa.com/html/pofo/images/blog-img117.jpg]
[www.themezaa.com/html/pofo/images/blog-img40.jpg]
[www.themezaa.com/html/pofo/images/parallax-bg41.jpg]
[www.themezaa.com/html/pofo/images/blog-img64.jpg]
[www.themezaa.com/html/pofo/images/blog-img67.jpg]
[www.themezaa.com/html/pofo/images/blog-slider-img2.jpg]
[www.themezaa.com/html/pofo/images/blog-img16.jpg]
[www.themezaa.com/html/pofo/images/blog-img17.jpg]
[www.themezaa.com/html/pofo/images/blog-img18.jpg]
[www.themezaa.com/html/pofo/images/blog-img20.jpg]
[www.themezaa.com/html/pofo/images/blog-page-03-img8.jpg]
[www.themezaa.com/html/pofo/images/blog-page-03-img11.jpg]
[www.themezaa.com/html/pofo/images/about-banner.jpg]
[www.themezaa.com/html/pofo/images/about-img2.jpg]
[www.themezaa.com/html/pofo/images/about-img4.png]
[www.themezaa.com/html/pofo/images/about-img8.jpg]
[www.themezaa.com/html/pofo/images/parallax-bg16.jpg]
[www.themezaa.com/html/pofo/images/about-img10.jpg]
[www.themezaa.com/html/pofo/images/team21.jpg]
[www.themezaa.com/html/pofo/images/about-me-3.jpg]
[www.themezaa.com/html/pofo/images/parallax-bg30.jpg]
[www.themezaa.com/html/pofo/images/services-img10.jpg]
[www.themezaa.com/html/pofo/images/parallax-bg21.jpg]
[www.themezaa.com/html/pofo/images/team22.jpg]
[www.themezaa.com/html/pofo/images/team28.jpg]
[www.themezaa.com/html/pofo/images/team30.jpg]
[www.themezaa.com/html/pofo/images/team32.jpg]
[www.themezaa.com/html/pofo/images/logo-19.png]
[www.themezaa.com/html/pofo/images/logo-20.png]
[www.themezaa.com/html/pofo/images/logo-24.png]
[www.themezaa.com/html/pofo/images/logo-25.png]
[www.themezaa.com/html/pofo/images/maintenance-bg.jpg]
[www.themezaa.com/html/pofo/images/blog-img58.jpg]
[www.themezaa.com/html/pofo/images/portfolio-item66.jpg]
[www.themezaa.com/html/pofo/images/portfolio-item76.jpg]
[www.themezaa.com/html/pofo/images/portfolio-item81.jpg]
[www.themezaa.com/html/pofo/images/portfolio-item83.jpg]
[www.themezaa.com/html/pofo/images/portfolio-item87.jpg]
[www.themezaa.com/html/pofo/images/portfolio-item97.jpg]
[www.themezaa.com/html/pofo/images/portfolio-item101.jpg]
[www.themezaa.com/html/pofo/images/portfolio-item104.jpg]
[www.themezaa.com/html/pofo/images/portfolio-item108.jpg]
[www.themezaa.com/html/pofo/images/portfolio-item117.jpg]
[www.themezaa.com/html/pofo/images/portfolio-item125.jpg]
[www.themezaa.com/html/pofo/images/portfolio-item126.jpg]
[www.themezaa.com/html/pofo/images/portfolio-item127.jpg]
[www.themezaa.com/html/pofo/images/portfolio-item130.jpg]
[www.themezaa.com/html/pofo/images/portfolio-item135.jpg]
[www.themezaa.com/html/pofo/images/portfolio-item141.jpg]
[www.themezaa.com/html/pofo/images/portfolio-item146.jpg]
[www.themezaa.com/html/pofo/images/parallax-bg43.jpg]
[www.themezaa.com/html/pofo/images/portfolio-item155.jpg]
[www.themezaa.com/html/pofo/images/portfolio-item152.jpg]
[www.themezaa.com/html/pofo/images/portfolio-item150.jpg]
[www.themezaa.com/html/pofo/images/portfolio-item168.jpg]
[www.themezaa.com/html/pofo/images/parallax-bg44.jpg]
[www.themezaa.com/html/pofo/images/brochure-1.jpg]
[www.themezaa.com/html/pofo/images/brochure-3.jpg]
[www.themezaa.com/html/pofo/images/portfolio-detail-img-4.png]
[www.themezaa.com/html/pofo/images/single-project-02-img3.jpg]
[www.themezaa.com/html/pofo/images/parallax-bg47.jpg]
[www.themezaa.com/html/pofo/images/single-project-03-img10.jpg]
[www.themezaa.com/html/pofo/images/single-project-03-img7.jpg]
[www.themezaa.com/html/pofo/images/single-project-04-img4.jpg]
[www.themezaa.com/html/pofo/images/single-project-04-img8.jpg]
[www.themezaa.com/html/pofo/images/single-project-04-img9.jpg]
[www.themezaa.com/html/pofo/images/single-project-05-img14.jpg]
[www.themezaa.com/html/pofo/images/single-project-08-img4.jpg]
[www.themezaa.com/html/pofo/images/single-project-08-img7.jpg]
[www.themezaa.com/html/pofo/images/blog-img9.jpg]
[www.themezaa.com/html/pofo/video/video.mp4]
[www.themezaa.com/html/pofo/images/blog-img109.jpg]
[www.themezaa.com/html/pofo/images/blog-img26.jpg]
[www.themezaa.com/html/pofo/images/blog-img29.jpg]
[www.themezaa.com/html/pofo/images/blog-img31.jpg]
[www.themezaa.com/html/pofo/images/blog-img48.jpg]
[www.themezaa.com/html/pofo/images/blog-img74.jpg]
[www.themezaa.com/html/pofo/images/blog-img75.jpg]
[www.themezaa.com/html/pofo/images/blog-img80.jpg]
[www.themezaa.com/html/pofo/images/blog-img89.jpg]
[www.themezaa.com/html/pofo/images/blog-img88.jpg]
[www.themezaa.com/html/pofo/images/blog-img91.jpg]
[www.themezaa.com/html/pofo/images/blog-img94.jpg]
[www.themezaa.com/html/pofo/images/blog-img96.jpg]
[www.themezaa.com/html/pofo/images/blog-img97.jpg]
[www.themezaa.com/html/pofo/images/blog-img99.jpg]
[www.themezaa.com/html/pofo/images/blog-img103.jpg]
[www.themezaa.com/html/pofo/images/blog-img105.jpg]
[www.themezaa.com/html/pofo/images/parallax-bg50.jpg]
[www.themezaa.com/html/pofo/images/parallax-bg57.jpg]
[www.themezaa.com/html/pofo/images/blog-details-img15.jpg]
[www.themezaa.com/html/pofo/images/blog-details-img6.jpg]
[www.themezaa.com/html/pofo/images/blog-details-img11.jpg]
[www.themezaa.com/html/pofo/images/blog-img33.jpg]
[www.themezaa.com/html/pofo/images/blog-img36.jpg]
[www.themezaa.com/html/pofo/images/homepage-4-slider-img-6.jpg]
[www.themezaa.com/html/pofo/images/services-classic-07.jpg]
[www.themezaa.com/html/pofo/_images/homepage-9-parallax-img5.jpg_]
[www.themezaa.com/html/pofo/images/icon-play-white.png]
[www.themezaa.com/html/pofo/js/main.js]
[www.themezaa.com/html/pofo/fonts/fa-solid-900.svg]
[www.themezaa.com/html/pofo/fonts/themify9f24.woff]
[www.themezaa.com/html/pofo/documentation/fonts/glyphicons-halflings-regular.woff]
[www.themezaa.com/html/pofo/documentation/fonts/glyphicons-halflings-regular.ttf]
[www.themezaa.com/html/pofo/documentation/fonts/glyphicons-halflings-regulard41d.eot]
[www.themezaa.com/html/pofo/documentation/fonts/glyphicons-halflings-regular.svg]
[www.themezaa.com/html/pofo/documentation/css/bootstrap.min.css]
[www.themezaa.com/html/pofo/documentation/fonts/fontawesome-webfonte0a5.woff]
[www.themezaa.com/html/pofo/documentation/fonts/fontawesome-webfonte0a5.eot]
[www.themezaa.com/html/pofo/documentation/fonts/fontawesome-webfontd41d.eot]
[www.themezaa.com/html/pofo/documentation/fonts/fontawesome-webfonte0a5.ttf]
[www.themezaa.com/html/pofo/documentation/fonts/fontawesome-webfonte0a5.svg]
[www.themezaa.com/html/pofo/documentation/css/font-awesome.min.css]
[www.themezaa.com/html/pofo/documentation/fonts/et-line.woff]
[www.themezaa.com/html/pofo/documentation/fonts/et-lined41d.eot]
[www.themezaa.com/html/pofo/documentation/fonts/et-line.ttf]
[www.themezaa.com/html/pofo/documentation/css/et-line-icons.css]
[www.themezaa.com/html/pofo/documentation/fonts/themify9f24.woff]
[www.themezaa.com/html/pofo/documentation/fonts/themifyd41d.eot]
[www.themezaa.com/html/pofo/documentation/css/themify-icons.css]
[www.themezaa.com/html/pofo/documentation/fonts/themify9f24.svg]
[www.themezaa.com/html/pofo/documentation/css/mCSB_buttons.png]
[www.themezaa.com/html/pofo/documentation/css/jquery.mCustomScrollbar.css]
[www.themezaa.com/html/pofo/documentation/css/style.css]
[www.themezaa.com/html/pofo/documentation/images/pofo-portfolio-home-classic-corporate.jpg]
[www.themezaa.com/html/pofo/documentation/images/pofo-portfolio-home-classic-start-up.jpg]
[www.themezaa.com/html/pofo/documentation/images/pofo-portfolio-home-portfolio-multiple-carousel.jpg]
[www.themezaa.com/html/pofo/documentation/images/pofo-portfolio-home-portfolio-full-screen-vertical.jpg]
[www.themezaa.com/html/pofo/documentation/images/home-creative-minimalist-portfolio.jpg]
[www.themezaa.com/html/pofo/documentation/images/gallery-background-title.png]
[www.themezaa.com/html/pofo/blog-post.html]
[www.themezaa.com/html/pofo/documentation/images/icon-size.png]
[www.themezaa.com/html/pofo/documentation/images/icon-with-text.png]
[www.themezaa.com/html/pofo/documentation/images/instagram.png]
[www.themezaa.com/html/pofo/documentation/images/info-banner.png]
[www.themezaa.com/html/pofo/documentation/images/progress-bar.png]
[www.themezaa.com/html/pofo/process-bar.html]
[www.themezaa.com/html/pofo/process-steps.html]
[www.themezaa.com/html/pofo/testimonials-carousel-2.html]
[www.themezaa.com/html/pofo/documentation/images/portfolio-grid-overlay.png]
[www.themezaa.com/html/pofo/documentation/images/portfolio-grid-transform.png]
[www.themezaa.com/html/pofo/documentation/images/portfolio-masonry-with-icon.png]
[www.themezaa.com/html/pofo/documentation/images/portfolio-metro-overlay.png]
[www.themezaa.com/html/pofo/documentation/images/portfolio-metro-transform.png]
[www.themezaa.com/html/pofo/documentation/images/portfolio-justified.png]
[www.themezaa.com/html/pofo/documentation/images/single-project-page-02.png]
[www.themezaa.com/html/pofo/documentation/images/single-project-page-04.png]
[www.themezaa.com/html/pofo/documentation/images/single-project-page-05.png]
[www.themezaa.com/html/pofo/documentation/images/single-project-page-06.png]
[www.themezaa.com/html/pofo/documentation/images/blog-classic.png]
[www.themezaa.com/html/pofo/documentation/images/blog-list.png]
[www.themezaa.com/html/pofo/documentation/images/blog-grid.png]
[www.themezaa.com/html/pofo/documentation/images/blog-clean.png]
[www.themezaa.com/html/pofo/documentation/images/blog-image.png]
[www.themezaa.com/html/pofo/documentation/images/blog-left-sidebar.png]
[www.themezaa.com/html/pofo/documentation/images/slider-post.png]
[www.themezaa.com/html/pofo/documentation/images/html5-video-post.png]
[www.themezaa.com/html/pofo/documentation/images/youtube-post.png]
[www.themezaa.com/html/pofo/documentation/images/blog-post-layout-01.png]
[www.themezaa.com/html/pofo/documentation/images/blog-post-layout-02.png]
[www.themezaa.com/html/pofo/documentation/images/blog-post-layout-03.png]
[www.themezaa.com/html/pofo/documentation/images/blog-post-layout-04.png]
[www.themezaa.com/html/pofo/documentation/images/blog-post-layout-05.png]
