[mironmahmud.com/greeny/assets/ltr/home-standard.html]
[backblue.gif]
[fade.gif]
[index.html]
[mironmahmud.com/greeny/assets/ltr/images/favicon.png]
[mironmahmud.com/greeny/assets/ltr/fonts/flaticon/flaticon.css]
[mironmahmud.com/greeny/assets/ltr/fonts/icofont/icofont.min.css]
[mironmahmud.com/greeny/assets/ltr/fonts/fontawesome/fontawesome.min.css]
[mironmahmud.com/greeny/assets/ltr/vendor/venobox/venobox.min.css]
[mironmahmud.com/greeny/assets/ltr/vendor/slickslider/slick.min.css]
[mironmahmud.com/greeny/assets/ltr/vendor/niceselect/nice-select.min.css]
[mironmahmud.com/greeny/assets/ltr/vendor/bootstrap/bootstrap.min.css]
[mironmahmud.com/greeny/assets/ltr/css/main.css]
[mironmahmud.com/greeny/assets/ltr/css/home-standard.css]
[mironmahmud.com/greeny/assets/ltr/register.html]
[mironmahmud.com/greeny/assets/ltr/images/user.png]
[mironmahmud.com/greeny/assets/ltr/index.html]
[mironmahmud.com/greeny/assets/ltr/images/logo.png]
[mironmahmud.com/greeny/assets/ltr/login.html]
[mironmahmud.com/greeny/assets/ltr/compare.html]
[mironmahmud.com/greeny/assets/ltr/wishlist.html]
[mironmahmud.com/greeny/assets/ltr/home-grid.html]
[mironmahmud.com/greeny/assets/ltr/home-classic.html]
[mironmahmud.com/greeny/assets/ltr/home-category.html]
[mironmahmud.com/greeny/assets/ltr/shop-5column.html]
[mironmahmud.com/greeny/assets/ltr/shop-4column.html]
[mironmahmud.com/greeny/assets/ltr/shop-3column.html]
[mironmahmud.com/greeny/assets/ltr/shop-2column.html]
[mironmahmud.com/greeny/assets/ltr/shop-1column.html]
[mironmahmud.com/greeny/assets/ltr/product-tab.html]
[mironmahmud.com/greeny/assets/ltr/product-grid.html]
[mironmahmud.com/greeny/assets/ltr/product-video.html]
[mironmahmud.com/greeny/assets/ltr/product-simple.html]
[mironmahmud.com/greeny/assets/ltr/checkout.html]
[mironmahmud.com/greeny/assets/ltr/orderlist.html]
[mironmahmud.com/greeny/assets/ltr/invoice.html]
[mironmahmud.com/greeny/assets/ltr/all-category.html]
[mironmahmud.com/greeny/assets/ltr/brand-list.html]
[mironmahmud.com/greeny/assets/ltr/brand-single.html]
[mironmahmud.com/greeny/assets/ltr/faq.html]
[mironmahmud.com/greeny/assets/ltr/offer.html]
[mironmahmud.com/greeny/assets/ltr/profile.html]
[mironmahmud.com/greeny/assets/ltr/wallet.html]
[mironmahmud.com/greeny/assets/ltr/about.html]
[mironmahmud.com/greeny/assets/ltr/contact.html]
[mironmahmud.com/greeny/assets/ltr/privacy.html]
[mironmahmud.com/greeny/assets/ltr/coming-soon.html]
[mironmahmud.com/greeny/assets/ltr/blank-page.html]
[mironmahmud.com/greeny/assets/ltr/error.html]
[mironmahmud.com/greeny/assets/ltr/email-template.html]
[mironmahmud.com/greeny/assets/ltr/reset-password.html]
[mironmahmud.com/greeny/assets/ltr/change-password.html]
[mironmahmud.com/greeny/assets/ltr/blog-grid.html]
[mironmahmud.com/greeny/assets/ltr/blog-standard.html]
[mironmahmud.com/greeny/assets/ltr/blog-details.html]
[mironmahmud.com/greeny/assets/ltr/blog-author.html]
[mironmahmud.com/greeny/assets/ltr/images/product/01.jpg]
[mironmahmud.com/greeny/assets/ltr/product-single.html]
[mironmahmud.com/greeny/assets/ltr/images/product/02.jpg]
[mironmahmud.com/greeny/assets/ltr/images/product/03.jpg]
[mironmahmud.com/greeny/assets/ltr/images/product/04.jpg]
[mironmahmud.com/greeny/assets/ltr/images/product/05.jpg]
[mironmahmud.com/greeny/assets/ltr/images/home/index/01.png]
[mironmahmud.com/greeny/assets/ltr/images/home/index/02.png]
[mironmahmud.com/greeny/assets/ltr/images/home/index/03.png]
[mironmahmud.com/greeny/assets/ltr/images/promo/home/04.jpg]
[mironmahmud.com/greeny/assets/ltr/images/promo/home/05.jpg]
[mironmahmud.com/greeny/assets/ltr/images/product/06.jpg]
[mironmahmud.com/greeny/assets/ltr/images/product/07.jpg]
[mironmahmud.com/greeny/assets/ltr/images/product/08.jpg]
[mironmahmud.com/greeny/assets/ltr/images/product/09.jpg]
[mironmahmud.com/greeny/assets/ltr/images/product/10.jpg]
[mironmahmud.com/greeny/assets/ltr/images/product/11.jpg]
[mironmahmud.com/greeny/assets/ltr/images/product/12.jpg]
[mironmahmud.com/greeny/assets/ltr/images/product/13.jpg]
[mironmahmud.com/greeny/assets/ltr/images/product/14.jpg]
[mironmahmud.com/greeny/assets/ltr/images/promo/home/09.jpg]
[mironmahmud.com/greeny/assets/ltr/images/product/15.jpg]
[mironmahmud.com/greeny/assets/ltr/images/product/16.jpg]
[mironmahmud.com/greeny/assets/ltr/images/product/17.jpg]
[mironmahmud.com/greeny/assets/ltr/images/product/18.jpg]
[mironmahmud.com/greeny/assets/ltr/images/product/19.jpg]
[mironmahmud.com/greeny/assets/ltr/images/product/20.jpg]
[mironmahmud.com/greeny/assets/ltr/images/category/dairy.jpg]
[mironmahmud.com/greeny/assets/ltr/images/category/vegetables.jpg]
[mironmahmud.com/greeny/assets/ltr/images/category/drinks.jpg]
[mironmahmud.com/greeny/assets/ltr/images/category/fish.jpg]
[mironmahmud.com/greeny/assets/ltr/images/category/groceries.jpg]
[mironmahmud.com/greeny/assets/ltr/images/category/meat.jpg]
[mironmahmud.com/greeny/assets/ltr/images/brand/01.jpg]
[mironmahmud.com/greeny/assets/ltr/images/brand/02.jpg]
[mironmahmud.com/greeny/assets/ltr/images/brand/03.jpg]
[mironmahmud.com/greeny/assets/ltr/images/brand/04.jpg]
[mironmahmud.com/greeny/assets/ltr/images/brand/05.jpg]
[mironmahmud.com/greeny/assets/ltr/images/brand/06.jpg]
[mironmahmud.com/greeny/assets/ltr/images/avatar/01.jpg]
[mironmahmud.com/greeny/assets/ltr/images/avatar/02.jpg]
[mironmahmud.com/greeny/assets/ltr/images/avatar/03.jpg]
[mironmahmud.com/greeny/assets/ltr/images/avatar/04.jpg]
[mironmahmud.com/greeny/assets/ltr/images/blog/01.jpg]
[mironmahmud.com/greeny/assets/ltr/images/blog/02.jpg]
[mironmahmud.com/greeny/assets/ltr/images/blog/03.jpg]
[mironmahmud.com/greeny/assets/ltr/images/blog/04.jpg]
[mironmahmud.com/greeny/assets/ltr/images/newsletter.jpg]
[mironmahmud.com/greeny/assets/ltr/images/google-store.png]
[mironmahmud.com/greeny/assets/ltr/images/app-store.png]
[mironmahmud.com/greeny/assets/ltr/images/payment/jpg/01.jpg]
[mironmahmud.com/greeny/assets/ltr/images/payment/jpg/02.jpg]
[mironmahmud.com/greeny/assets/ltr/images/payment/jpg/03.jpg]
[mironmahmud.com/greeny/assets/ltr/images/payment/jpg/04.jpg]
[mironmahmud.com/greeny/assets/ltr/vendor/bootstrap/jquery-1.12.4.min.js]
[mironmahmud.com/greeny/assets/ltr/vendor/bootstrap/popper.min.js]
[mironmahmud.com/greeny/assets/ltr/vendor/bootstrap/bootstrap.min.js]
[mironmahmud.com/greeny/assets/ltr/vendor/countdown/countdown.min.js]
[mironmahmud.com/greeny/assets/ltr/vendor/niceselect/nice-select.min.js]
[mironmahmud.com/greeny/assets/ltr/vendor/slickslider/slick.min.js]
[mironmahmud.com/greeny/assets/ltr/vendor/venobox/venobox.min.js]
[mironmahmud.com/greeny/assets/ltr/js/nice-select.js]
[mironmahmud.com/greeny/assets/ltr/js/countdown.js]
[mironmahmud.com/greeny/assets/ltr/js/accordion.js]
[mironmahmud.com/greeny/assets/ltr/js/venobox.js]
[mironmahmud.com/greeny/assets/ltr/js/slick.js]
[mironmahmud.com/greeny/assets/ltr/js/main.js]
[mironmahmud.com/greeny/assets/ltr/home-standard.html]
[mironmahmud.com/greeny/assets/ltr/fonts/flaticon/Flaticon.eot]
[mironmahmud.com/greeny/assets/ltr/fonts/flaticon/Flaticond41d.eot]
[mironmahmud.com/greeny/assets/ltr/fonts/flaticon/Flaticon.woff2]
[mironmahmud.com/greeny/assets/ltr/fonts/flaticon/Flaticon.woff]
[mironmahmud.com/greeny/assets/ltr/fonts/flaticon/Flaticon.ttf]
[mironmahmud.com/greeny/assets/ltr/fonts/flaticon/flaticon.css]
[mironmahmud.com/greeny/assets/ltr/fonts/flaticon/Flaticon.svg]
[mironmahmud.com/greeny/assets/ltr/fonts/icofont/icofont.woff2]
[mironmahmud.com/greeny/assets/ltr/fonts/icofont/icofont.woff]
[mironmahmud.com/greeny/assets/ltr/fonts/icofont/icofont.min.css]
[mironmahmud.com/greeny/assets/ltr/fonts/fontawesome/fa-brands-400.eot]
[mironmahmud.com/greeny/assets/ltr/fonts/fontawesome/fa-brands-400d41d.eot]
[mironmahmud.com/greeny/assets/ltr/fonts/fontawesome/fa-brands-400.woff2]
[mironmahmud.com/greeny/assets/ltr/fonts/fontawesome/fa-brands-400.woff]
[mironmahmud.com/greeny/assets/ltr/fonts/fontawesome/fa-brands-400.ttf]
[mironmahmud.com/greeny/assets/ltr/fonts/fontawesome/fa-brands-400.svg]
[mironmahmud.com/greeny/assets/ltr/fonts/fontawesome/fa-regular-400.eot]
[mironmahmud.com/greeny/assets/ltr/fonts/fontawesome/fa-regular-400d41d.eot]
[mironmahmud.com/greeny/assets/ltr/fonts/fontawesome/fa-regular-400.woff2]
[mironmahmud.com/greeny/assets/ltr/fonts/fontawesome/fa-regular-400.woff]
[mironmahmud.com/greeny/assets/ltr/fonts/fontawesome/fa-regular-400.ttf]
[mironmahmud.com/greeny/assets/ltr/fonts/fontawesome/fa-regular-400.svg]
[mironmahmud.com/greeny/assets/ltr/fonts/fontawesome/fa-solid-900.eot]
[mironmahmud.com/greeny/assets/ltr/fonts/fontawesome/fa-solid-900d41d.eot]
[mironmahmud.com/greeny/assets/ltr/fonts/fontawesome/fa-solid-900.woff2]
[mironmahmud.com/greeny/assets/ltr/fonts/fontawesome/fa-solid-900.woff]
[mironmahmud.com/greeny/assets/ltr/fonts/fontawesome/fa-solid-900.ttf]
[mironmahmud.com/greeny/assets/ltr/fonts/fontawesome/fontawesome.min.css]
[mironmahmud.com/greeny/assets/ltr/vendor/venobox/venobox.min.css]
[mironmahmud.com/greeny/assets/ltr/vendor/slickslider/slick.min.css]
[mironmahmud.com/greeny/assets/ltr/vendor/niceselect/nice-select.min.css]
[mironmahmud.com/greeny/assets/ltr/vendor/bootstrap/bootstrap.min.css]
[mironmahmud.com/greeny/assets/ltr/css/main.css]
[mironmahmud.com/greeny/assets/ltr/fonts/fontawesome/fa-solid-900.svg]
[mironmahmud.com/greeny/assets/ltr/images/banner-shape.png]
[mironmahmud.com/greeny/assets/ltr/css/home-standard.css]
[mironmahmud.com/greeny/assets/ltr/css/user-auth.css]
[mironmahmud.com/greeny/assets/ltr/register.html]
[mironmahmud.com/greeny/assets/ltr/css/index.css]
[mironmahmud.com/greeny/assets/ltr/images/suggest/01.jpg]
[mironmahmud.com/greeny/assets/ltr/images/suggest/02.jpg]
[mironmahmud.com/greeny/assets/ltr/images/suggest/03.jpg]
[mironmahmud.com/greeny/assets/ltr/images/suggest/04.jpg]
[mironmahmud.com/greeny/assets/ltr/images/suggest/05.jpg]
[mironmahmud.com/greeny/assets/ltr/images/suggest/06.jpg]
[mironmahmud.com/greeny/assets/ltr/images/suggest/07.jpg]
[mironmahmud.com/greeny/assets/ltr/images/suggest/08.jpg]
[mironmahmud.com/greeny/assets/ltr/images/promo/home/03.jpg]
[mironmahmud.com/greeny/assets/ltr/images/countdown.png]
[mironmahmud.com/greeny/assets/ltr/images/promo/home/01.jpg]
[mironmahmud.com/greeny/assets/ltr/images/promo/home/02.jpg]
[mironmahmud.com/greeny/assets/ltr/index.html]
[mironmahmud.com/greeny/assets/ltr/login.html]
[mironmahmud.com/greeny/assets/ltr/images/single-banner.jpg]
[mironmahmud.com/greeny/assets/ltr/compare.html]
[mironmahmud.com/greeny/assets/ltr/wishlist.html]
[mironmahmud.com/greeny/assets/ltr/css/home-grid.css]
[mironmahmud.com/greeny/assets/ltr/images/home/grid/01.jpg]
[mironmahmud.com/greeny/assets/ltr/images/home/grid/02.jpg]
[mironmahmud.com/greeny/assets/ltr/home-grid.html]
[mironmahmud.com/greeny/assets/ltr/css/home-classic.css]
[mironmahmud.com/greeny/assets/ltr/images/home/classic/01.jpg]
[mironmahmud.com/greeny/assets/ltr/images/home/classic/02.jpg]
[mironmahmud.com/greeny/assets/ltr/images/home/classic/03.jpg]
[mironmahmud.com/greeny/assets/ltr/home-classic.html]
[mironmahmud.com/greeny/assets/ltr/css/home-category.css]
[mironmahmud.com/greeny/assets/ltr/images/home/category/01.jpg]
[mironmahmud.com/greeny/assets/ltr/images/home/category/02.jpg]
[mironmahmud.com/greeny/assets/ltr/images/home/category/03.jpg]
[mironmahmud.com/greeny/assets/ltr/images/promo/home/06.jpg]
[mironmahmud.com/greeny/assets/ltr/images/promo/home/07.jpg]
[mironmahmud.com/greeny/assets/ltr/images/promo/home/08.jpg]
[mironmahmud.com/greeny/assets/ltr/home-category.html]
[mironmahmud.com/greeny/assets/ltr/shop-5column.html]
[mironmahmud.com/greeny/assets/ltr/images/promo/shop/01.jpg]
[mironmahmud.com/greeny/assets/ltr/shop-4column.html]
[mironmahmud.com/greeny/assets/ltr/shop-3column.html]
[mironmahmud.com/greeny/assets/ltr/shop-2column.html]
[mironmahmud.com/greeny/assets/ltr/shop-1column.html]
[mironmahmud.com/greeny/assets/ltr/css/product-details.css]
[mironmahmud.com/greeny/assets/ltr/product-tab.html]
[mironmahmud.com/greeny/assets/ltr/css/product-grid.css]
[mironmahmud.com/greeny/assets/ltr/product-grid.html]
[mironmahmud.com/greeny/assets/ltr/images/video.jpg]
[mironmahmud.com/greeny/assets/ltr/product-video.html]
[mironmahmud.com/greeny/assets/ltr/product-simple.html]
[mironmahmud.com/greeny/assets/ltr/css/checkout.css]
[mironmahmud.com/greeny/assets/ltr/images/payment/png/01.png]
[mironmahmud.com/greeny/assets/ltr/images/payment/png/02.png]
[mironmahmud.com/greeny/assets/ltr/images/payment/png/03.png]
[mironmahmud.com/greeny/assets/ltr/checkout.html]
[mironmahmud.com/greeny/assets/ltr/css/orderlist.css]
[mironmahmud.com/greeny/assets/ltr/orderlist.html]
[mironmahmud.com/greeny/assets/ltr/css/invoice.css]
[mironmahmud.com/greeny/assets/ltr/invoice.html]
[mironmahmud.com/greeny/assets/ltr/images/category/fruits.jpg]
[mironmahmud.com/greeny/assets/ltr/images/category/seafoods.jpg]
[mironmahmud.com/greeny/assets/ltr/images/category/fastfoods.jpg]
[mironmahmud.com/greeny/assets/ltr/all-category.html]
[mironmahmud.com/greeny/assets/ltr/css/brand-list.css]
[mironmahmud.com/greeny/assets/ltr/vendor/isotope/isotope.pkgd.min.js]
[mironmahmud.com/greeny/assets/ltr/js/isotope.js]
[mironmahmud.com/greeny/assets/ltr/brand-list.html]
[mironmahmud.com/greeny/assets/ltr/css/brand-single.css]
[mironmahmud.com/greeny/assets/ltr/brand-single.html]
[mironmahmud.com/greeny/assets/ltr/css/faq.css]
[mironmahmud.com/greeny/assets/ltr/faq.html]
[mironmahmud.com/greeny/assets/ltr/images/offer/01.jpg]
[mironmahmud.com/greeny/assets/ltr/images/offer/02.jpg]
[mironmahmud.com/greeny/assets/ltr/images/offer/03.jpg]
[mironmahmud.com/greeny/assets/ltr/images/offer/04.jpg]
[mironmahmud.com/greeny/assets/ltr/images/offer/05.jpg]
[mironmahmud.com/greeny/assets/ltr/images/offer/06.jpg]
[mironmahmud.com/greeny/assets/ltr/images/offer/07.jpg]
[mironmahmud.com/greeny/assets/ltr/images/offer/08.jpg]
[mironmahmud.com/greeny/assets/ltr/images/offer/09.jpg]
[mironmahmud.com/greeny/assets/ltr/images/offer/10.jpg]
[mironmahmud.com/greeny/assets/ltr/images/offer/11.jpg]
[mironmahmud.com/greeny/assets/ltr/offer.html]
[mironmahmud.com/greeny/assets/ltr/css/profile.css]
[mironmahmud.com/greeny/assets/ltr/profile.html]
[mironmahmud.com/greeny/assets/ltr/css/wallet.css]
[mironmahmud.com/greeny/assets/ltr/wallet.html]
[mironmahmud.com/greeny/assets/ltr/css/about.css]
[mironmahmud.com/greeny/assets/ltr/images/about/01.jpg]
[mironmahmud.com/greeny/assets/ltr/images/about/02.jpg]
[mironmahmud.com/greeny/assets/ltr/images/about/03.jpg]
[mironmahmud.com/greeny/assets/ltr/images/about/04.jpg]
[mironmahmud.com/greeny/assets/ltr/images/testimonial/01.jpg]
[mironmahmud.com/greeny/assets/ltr/images/testimonial/02.jpg]
[mironmahmud.com/greeny/assets/ltr/images/team/01.jpg]
[mironmahmud.com/greeny/assets/ltr/images/team/02.jpg]
[mironmahmud.com/greeny/assets/ltr/images/team/03.jpg]
[mironmahmud.com/greeny/assets/ltr/images/team/04.jpg]
[mironmahmud.com/greeny/assets/ltr/images/team/05.jpg]
[mironmahmud.com/greeny/assets/ltr/about.html]
[mironmahmud.com/greeny/assets/ltr/css/contact.css]
[mironmahmud.com/greeny/assets/ltr/images/branch/01.jpg]
[mironmahmud.com/greeny/assets/ltr/images/branch/02.jpg]
[mironmahmud.com/greeny/assets/ltr/images/branch/03.jpg]
[mironmahmud.com/greeny/assets/ltr/images/branch/04.jpg]
[mironmahmud.com/greeny/assets/ltr/contact.html]
[mironmahmud.com/greeny/assets/ltr/css/privacy.css]
[mironmahmud.com/greeny/assets/ltr/privacy.html]
[mironmahmud.com/greeny/assets/ltr/css/coming-soon.css]
[mironmahmud.com/greeny/assets/ltr/images/coming-soon.png]
[mironmahmud.com/greeny/assets/ltr/coming-soon.html]
[mironmahmud.com/greeny/assets/ltr/blank-page.html]
[mironmahmud.com/greeny/assets/ltr/css/error.css]
[mironmahmud.com/greeny/assets/ltr/images/error.png]
[mironmahmud.com/greeny/assets/ltr/error.html]
[cdn.jsdelivr.net/npm/bootstrap@5.0.2/dist/css/bootstrap.min.css]
[i.ibb.co/k69gLc3/logo.png]
[mironmahmud.com/greeny/assets/ltr/email-template.html]
[code.jquery.com/jquery-3.6.0.min.js]
[mironmahmud.com/greeny/assets/ltr/reset-password.html]
[mironmahmud.com/greeny/assets/ltr/change-password.html]
[cdn.jsdelivr.net/npm/bootstrap@5.0.2/dist/js/bootstrap.bundle.min.js]
[mironmahmud.com/greeny/assets/ltr/images/blog/05.jpg]
[mironmahmud.com/greeny/assets/ltr/images/blog/06.jpg]
[mironmahmud.com/greeny/assets/ltr/images/blog/07.jpg]
[mironmahmud.com/greeny/assets/ltr/images/blog/08.jpg]
[mironmahmud.com/greeny/assets/ltr/images/blog-widget/01.jpg]
[mironmahmud.com/greeny/assets/ltr/images/blog-widget/02.jpg]
[mironmahmud.com/greeny/assets/ltr/images/blog-widget/03.jpg]
[mironmahmud.com/greeny/assets/ltr/images/blog-widget/04.jpg]
[mironmahmud.com/greeny/assets/ltr/images/blog-widget/05.jpg]
[mironmahmud.com/greeny/assets/ltr/images/promo/blog/01.jpg]
[mironmahmud.com/greeny/assets/ltr/blog-grid.html]
[mironmahmud.com/greeny/assets/ltr/css/blog-standard.css]
[mironmahmud.com/greeny/assets/ltr/blog-standard.html]
[mironmahmud.com/greeny/assets/ltr/css/blog-details.css]
[mironmahmud.com/greeny/assets/ltr/blog-details.html]
[mironmahmud.com/greeny/assets/ltr/css/blog-author.css]
[mironmahmud.com/greeny/assets/ltr/blog-author.html]
[mironmahmud.com/greeny/assets/ltr/product-single.html]
[mironmahmud.com/greeny/assets/ltr/fonts/flaticon/Flaticon.svg]
[mironmahmud.com/greeny/assets/ltr/fonts/fontawesome/fa-brands-400.svg]
[mironmahmud.com/greeny/assets/ltr/fonts/fontawesome/fa-regular-400.svg]
[mironmahmud.com/greeny/assets/ltr/fonts/fontawesome/fa-solid-900.svg]
[mironmahmud.com/greeny/assets/ltr/css/user-auth.css]
[mironmahmud.com/greeny/assets/ltr/css/index.css]
[mironmahmud.com/greeny/assets/ltr/css/compare.css]
[mironmahmud.com/greeny/assets/ltr/css/wishlist.css]
[mironmahmud.com/greeny/assets/ltr/css/home-grid.css]
[mironmahmud.com/greeny/assets/ltr/css/home-classic.css]
[mironmahmud.com/greeny/assets/ltr/css/home-category.css]
[mironmahmud.com/greeny/assets/ltr/css/product-details.css]
[mironmahmud.com/greeny/assets/ltr/css/product-grid.css]
[mironmahmud.com/greeny/assets/ltr/css/checkout.css]
[mironmahmud.com/greeny/assets/ltr/css/orderlist.css]
[mironmahmud.com/greeny/assets/ltr/css/invoice.css]
[mironmahmud.com/greeny/assets/ltr/css/all-category.css]
[mironmahmud.com/greeny/assets/ltr/css/brand-list.css]
[mironmahmud.com/greeny/assets/ltr/css/brand-single.css]
[mironmahmud.com/greeny/assets/ltr/css/faq.css]
[mironmahmud.com/greeny/assets/ltr/css/profile.css]
[mironmahmud.com/greeny/assets/ltr/css/wallet.css]
[mironmahmud.com/greeny/assets/ltr/images/testimonial-shape.png]
[mironmahmud.com/greeny/assets/ltr/css/about.css]
[mironmahmud.com/greeny/assets/ltr/css/contact.css]
[mironmahmud.com/greeny/assets/ltr/css/privacy.css]
[mironmahmud.com/greeny/assets/ltr/css/coming-soon.css]
[mironmahmud.com/greeny/assets/ltr/css/error.css]
[cdn.jsdelivr.net/npm/bootstrap@5.0.2/dist/css/bootstrap.min.css]
[mironmahmud.com/greeny/assets/ltr/css/blog-grid.css]
[mironmahmud.com/greeny/assets/ltr/css/blog-standard.css]
[mironmahmud.com/greeny/assets/ltr/css/blog-details.css]
[mironmahmud.com/greeny/assets/ltr/css/blog-author.css]
